Starting Slop Code CLI
	Seed: 42
	Verbose: 0
--------------------------------
Running inference on problem: cfgpipe
Using provider API key env override: KIMI_CODING_API_KEY
[2m2026-07-14 10:16:12[0m [[32m[1minfo     [0m] [1mStarting agent run problem='cfgpipe'[0m
[2m2026-07-14 10:16:12[0m [[32m[1minfo     [0m] [1mSetting up agent run output_path=PosixPath('/outputs/cfgpipe') problem='cfgpipe' resuming=False[0m
[2m2026-07-14 10:16:12[0m [[32m[1minfo     [0m] [1mStarting problem run checkpoints=1 problem='cfgpipe' skipping=0[0m
[2m2026-07-14 10:16:12[0m [[32m[1minfo     [0m] [1mRunning checkpoint checkpoint='checkpoint_1' index=1 total=1[0m
[2m2026-07-14 10:16:12[0m [[32m[1minfo     [0m] [1mStarting agent for the first checkpoint checkpoint='checkpoint_1'[0m
[2m2026-07-14 10:16:12[0m [[32m[1minfo     [0m] [1mRunning inference for checkpoint checkpoint='checkpoint_1'[0m
[2m2026-07-14 10:16:12[0m [[32m[1minfo     [0m] [1mRunning checkpoint task with inference mode checkpoint='checkpoint_1'[0m
[2m2026-07-14 10:16:15[0m [[32m[1minfo     [0m] [1mFinished a step               [0m [36mcost[0m=[35m0.0[0m [36mgenerated_tokens[0m=[35m38[0m [36minput_tokens[0m=[35m1902[0m [36mreasoning_tokens[0m=[35m0[0m [36mstep[0m=[35m1[0m [36mtotal_tokens[0m=[35m1940[0m
[2m2026-07-14 10:16:31[0m [[32m[1minfo     [0m] [1mFinished a step               [0m [36mcost[0m=[35m0.0[0m [36mgenerated_tokens[0m=[35m1215[0m [36minput_tokens[0m=[35m2030[0m [36mreasoning_tokens[0m=[35m0[0m [36mstep[0m=[35m2[0m [36mtotal_tokens[0m=[35m3245[0m
[2m2026-07-14 10:16:59[0m [[32m[1minfo     [0m] [1mFinished a step               [0m [36mcost[0m=[35m0.0[0m [36mgenerated_tokens[0m=[35m2262[0m [36minput_tokens[0m=[35m3269[0m [36mreasoning_tokens[0m=[35m0[0m [36mstep[0m=[35m3[0m [36mtotal_tokens[0m=[35m5531[0m
[2m2026-07-14 10:17:02[0m [[32m[1minfo     [0m] [1mFinished a step               [0m [36mcost[0m=[35m0.0[0m [36mgenerated_tokens[0m=[35m89[0m [36minput_tokens[0m=[35m5687[0m [36mreasoning_tokens[0m=[35m0[0m [36mstep[0m=[35m4[0m [36mtotal_tokens[0m=[35m5776[0m
[2m2026-07-14 10:17:06[0m [[32m[1minfo     [0m] [1mFinished a step               [0m [36mcost[0m=[35m0.0[0m [36mgenerated_tokens[0m=[35m148[0m [36minput_tokens[0m=[35m5814[0m [36mreasoning_tokens[0m=[35m0[0m [36mstep[0m=[35m5[0m [36mtotal_tokens[0m=[35m5962[0m
[2m2026-07-14 10:17:10[0m [[32m[1minfo     [0m] [1mFinished a step               [0m [36mcost[0m=[35m0.0[0m [36mgenerated_tokens[0m=[35m156[0m [36minput_tokens[0m=[35m5994[0m [36mreasoning_tokens[0m=[35m0[0m [36mstep[0m=[35m6[0m [36mtotal_tokens[0m=[35m6150[0m
[2m2026-07-14 10:17:12[0m [[32m[1minfo     [0m] [1mFinished a step               [0m [36mcost[0m=[35m0.0[0m [36mgenerated_tokens[0m=[35m44[0m [36minput_tokens[0m=[35m6249[0m [36mreasoning_tokens[0m=[35m0[0m [36mstep[0m=[35m7[0m [36mtotal_tokens[0m=[35m6293[0m
[2m2026-07-14 10:17:16[0m [[32m[1minfo     [0m] [1mFinished a step               [0m [36mcost[0m=[35m0.0[0m [36mgenerated_tokens[0m=[35m142[0m [36minput_tokens[0m=[35m7478[0m [36mreasoning_tokens[0m=[35m0[0m [36mstep[0m=[35m8[0m [36mtotal_tokens[0m=[35m7620[0m
[2m2026-07-14 10:17:22[0m [[32m[1minfo     [0m] [1mFinished a step               [0m [36mcost[0m=[35m0.0[0m [36mgenerated_tokens[0m=[35m149[0m [36minput_tokens[0m=[35m7664[0m [36mreasoning_tokens[0m=[35m0[0m [36mstep[0m=[35m9[0m [36mtotal_tokens[0m=[35m7813[0m
[2m2026-07-14 10:17:26[0m [[32m[1minfo     [0m] [1mFinished a step               [0m [36mcost[0m=[35m0.0[0m [36mgenerated_tokens[0m=[35m138[0m [36minput_tokens[0m=[35m7853[0m [36mreasoning_tokens[0m=[35m0[0m [36mstep[0m=[35m10[0m [36mtotal_tokens[0m=[35m7991[0m
[2m2026-07-14 10:17:33[0m [[32m[1minfo     [0m] [1mFinished a step               [0m [36mcost[0m=[35m0.0[0m [36mgenerated_tokens[0m=[35m226[0m [36minput_tokens[0m=[35m8116[0m [36mreasoning_tokens[0m=[35m0[0m [36mstep[0m=[35m11[0m [36mtotal_tokens[0m=[35m8342[0m
[2m2026-07-14 10:18:05[0m [[32m[1minfo     [0m] [1mFinished a step               [0m [36mcost[0m=[35m0.0[0m [36mgenerated_tokens[0m=[35m1684[0m [36minput_tokens[0m=[35m8457[0m [36mreasoning_tokens[0m=[35m0[0m [36mstep[0m=[35m12[0m [36mtotal_tokens[0m=[35m10141[0m
[2m2026-07-14 10:18:08[0m [[32m[1minfo     [0m] [1mFinished a step               [0m [36mcost[0m=[35m0.0[0m [36mgenerated_tokens[0m=[35m29[0m [36minput_tokens[0m=[35m10165[0m [36mreasoning_tokens[0m=[35m0[0m [36mstep[0m=[35m13[0m [36mtotal_tokens[0m=[35m10194[0m
[2m2026-07-14 10:18:12[0m [[32m[1minfo     [0m] [1mFinished a step               [0m [36mcost[0m=[35m0.0[0m [36mgenerated_tokens[0m=[35m102[0m [36minput_tokens[0m=[35m10475[0m [36mreasoning_tokens[0m=[35m0[0m [36mstep[0m=[35m14[0m [36mtotal_tokens[0m=[35m10577[0m
[2m2026-07-14 10:18:15[0m [[32m[1minfo     [0m] [1mFinished a step               [0m [36mcost[0m=[35m0.0[0m [36mgenerated_tokens[0m=[35m30[0m [36minput_tokens[0m=[35m10601[0m [36mreasoning_tokens[0m=[35m0[0m [36mstep[0m=[35m15[0m [36mtotal_tokens[0m=[35m10631[0m
[2m2026-07-14 10:18:42[0m [[32m[1minfo     [0m] [1mFinished a step               [0m [36mcost[0m=[35m0.0[0m [36mgenerated_tokens[0m=[35m1403[0m [36minput_tokens[0m=[35m11127[0m [36mreasoning_tokens[0m=[35m0[0m [36mstep[0m=[35m16[0m [36mtotal_tokens[0m=[35m12530[0m
[2m2026-07-14 10:18:57[0m [[32m[1minfo     [0m] [1mFinished a step               [0m [36mcost[0m=[35m0.0[0m [36mgenerated_tokens[0m=[35m995[0m [36minput_tokens[0m=[35m12755[0m [36mreasoning_tokens[0m=[35m0[0m [36mstep[0m=[35m17[0m [36mtotal_tokens[0m=[35m13750[0m
[2m2026-07-14 10:19:17[0m [[32m[1minfo     [0m] [1mFinished a step               [0m [36mcost[0m=[35m0.0[0m [36mgenerated_tokens[0m=[35m1064[0m [36minput_tokens[0m=[35m13926[0m [36mreasoning_tokens[0m=[35m0[0m [36mstep[0m=[35m18[0m [36mtotal_tokens[0m=[35m14990[0m
[2m2026-07-14 10:19:20[0m [[32m[1minfo     [0m] [1mFinished a step               [0m [36mcost[0m=[35m0.0[0m [36mgenerated_tokens[0m=[35m45[0m [36minput_tokens[0m=[35m15123[0m [36mreasoning_tokens[0m=[35m0[0m [36mstep[0m=[35m19[0m [36mtotal_tokens[0m=[35m15168[0m
[2m2026-07-14 10:19:23[0m [[32m[1minfo     [0m] [1mFinished a step               [0m [36mcost[0m=[35m0.0[0m [36mgenerated_tokens[0m=[35m93[0m [36minput_tokens[0m=[35m16328[0m [36mreasoning_tokens[0m=[35m0[0m [36mstep[0m=[35m20[0m [36mtotal_tokens[0m=[35m16421[0m
[2m2026-07-14 10:19:46[0m [[32m[1minfo     [0m] [1mFinished a step               [0m [36mcost[0m=[35m0.0[0m [36mgenerated_tokens[0m=[35m758[0m [36minput_tokens[0m=[35m16560[0m [36mreasoning_tokens[0m=[35m0[0m [36mstep[0m=[35m21[0m [36mtotal_tokens[0m=[35m17318[0m
[2m2026-07-14 10:19:48[0m [[32m[1minfo     [0m] [1mFinished a step               [0m [36mcost[0m=[35m0.0[0m [36mgenerated_tokens[0m=[35m43[0m [36minput_tokens[0m=[35m17390[0m [36mreasoning_tokens[0m=[35m0[0m [36mstep[0m=[35m22[0m [36mtotal_tokens[0m=[35m17433[0m
[2m2026-07-14 10:19:48[0m [[32m[1minfo     [0m] [1mCompleted checkpoint inference checkpoint='checkpoint_1'[0m
[2m2026-07-14 10:19:49[0m [[32m[1minfo     [0m] [1mSaving agent checkpoint info compress_artifacts=False output_path=PosixPath('/outputs/cfgpipe/checkpoint_1')[0m
[2m2026-07-14 10:19:49[0m [[32m[1minfo     [0m] [1mStarting checkpoint evaluation checkpoint='checkpoint_1'[0m
[2m2026-07-14 10:19:49[0m [[32m[1minfo     [0m] [1mStarting pytest evaluation checkpoint='checkpoint_1' environment='local' problem='cfgpipe' submission_path='/outputs/cfgpipe/checkpoint_1/snapshot'[0m
[2m2026-07-14 10:19:49[0m [[32m[1minfo     [0m] [1mMaterialized static assets for tests assets=['antmill_requirements'] count=1[0m
[2m2026-07-14 10:19:49[0m [[32m[1minfo     [0m] [1mStatic assets materialized asset_count=1 assets=['antmill_requirements'][0m
[2m2026-07-14 10:19:49[0m [[32m[1minfo     [0m] [1mExecuting pytest              [0m
[2m2026-07-14 10:19:58[0m [[32m[1minfo     [0m] [1mPytest execution complete duration=8.489703178405762 exit_code=1[0m
[2m2026-07-14 10:19:58[0m [[32m[1minfo     [0m] [1mParsed CTRF report path='/tmp/tmpsosmggtz/.scbench/ctrf-report.json' test_count=37[0m
[2m2026-07-14 10:19:58[0m [[32m[1minfo     [0m] [1mPytest evaluation complete checkpoint='checkpoint_1' infrastructure_failure=False problem='cfgpipe' status_counts={'passed': 32, 'failed': 5}[0m
[2m2026-07-14 10:19:58[0m [[32m[1minfo     [0m] [1mCheckpoint finished checkpoint_name='checkpoint_1' had_error=False pass_policy='all-core-cases' passed_policy=True save_dir='/outputs/cfgpipe/checkpoint_1'[0m
[2m2026-07-14 10:19:58[0m [[32m[1minfo     [0m] [1mAll checkpoints completed successfully problem='cfgpipe'[0m
[2m2026-07-14 10:19:58[0m [[32m[1minfo     [0m] [1mSaving run info checkpoints=1 output_path=PosixPath('/outputs/cfgpipe') problem='cfgpipe'[0m
[2m2026-07-14 10:19:58[0m [[32m[1minfo     [0m] [1mRun info saved successfully passed_policy=True problem='cfgpipe' total_cost=0.0[0m
[2m2026-07-14 10:19:58[0m [[32m[1minfo     [0m] [1mAgent run finished final_state='completed' passed=True problem='cfgpipe'[0m
[2m2026-07-14 10:19:58[0m [[32m[1minfo     [0m] [1mProblem run completed problem='cfgpipe'[0m
