Starting Slop Code CLI
	Seed: 42
	Verbose: 0
--------------------------------
Running inference on problem: cfgpipe
Using provider API key env override: KIMI_CODING_API_KEY
[2m2026-07-14 10:19:13[0m [[32m[1minfo     [0m] [1mStarting agent run problem='cfgpipe'[0m
[2m2026-07-14 10:19:13[0m [[32m[1minfo     [0m] [1mSetting up agent run output_path=PosixPath('/outputs/cfgpipe') problem='cfgpipe' resuming=False[0m
[2m2026-07-14 10:19:13[0m [[32m[1minfo     [0m] [1mStarting problem run checkpoints=2 problem='cfgpipe' skipping=0[0m
[2m2026-07-14 10:19:13[0m [[32m[1minfo     [0m] [1mRunning checkpoint checkpoint='checkpoint_1' index=1 total=2[0m
[2m2026-07-14 10:19:13[0m [[32m[1minfo     [0m] [1mStarting agent for the first checkpoint checkpoint='checkpoint_1'[0m
[2m2026-07-14 10:19:13[0m [[32m[1minfo     [0m] [1mRunning inference for checkpoint checkpoint='checkpoint_1'[0m
[2m2026-07-14 10:19:13[0m [[32m[1minfo     [0m] [1mRunning checkpoint task with inference mode checkpoint='checkpoint_1'[0m
[2m2026-07-14 10:19:15[0m [[32m[1minfo     [0m] [1mFinished a step               [0m [36mcost[0m=[35m0.0[0m [36mgenerated_tokens[0m=[35m34[0m [36minput_tokens[0m=[35m1902[0m [36mreasoning_tokens[0m=[35m0[0m [36mstep[0m=[35m1[0m [36mtotal_tokens[0m=[35m1936[0m
[2m2026-07-14 10:19:51[0m [[32m[1minfo     [0m] [1mFinished a step               [0m [36mcost[0m=[35m0.0[0m [36mgenerated_tokens[0m=[35m1470[0m [36minput_tokens[0m=[35m2026[0m [36mreasoning_tokens[0m=[35m0[0m [36mstep[0m=[35m2[0m [36mtotal_tokens[0m=[35m3496[0m
[2m2026-07-14 10:19:54[0m [[32m[1minfo     [0m] [1mFinished a step               [0m [36mcost[0m=[35m0.0[0m [36mgenerated_tokens[0m=[35m134[0m [36minput_tokens[0m=[35m3520[0m [36mreasoning_tokens[0m=[35m0[0m [36mstep[0m=[35m3[0m [36mtotal_tokens[0m=[35m3654[0m
[2m2026-07-14 10:19:57[0m [[32m[1minfo     [0m] [1mFinished a step               [0m [36mcost[0m=[35m0.0[0m [36mgenerated_tokens[0m=[35m59[0m [36minput_tokens[0m=[35m3702[0m [36mreasoning_tokens[0m=[35m0[0m [36mstep[0m=[35m4[0m [36mtotal_tokens[0m=[35m3761[0m
[2m2026-07-14 10:20:00[0m [[32m[1minfo     [0m] [1mFinished a step               [0m [36mcost[0m=[35m0.0[0m [36mgenerated_tokens[0m=[35m46[0m [36minput_tokens[0m=[35m3809[0m [36mreasoning_tokens[0m=[35m0[0m [36mstep[0m=[35m5[0m [36mtotal_tokens[0m=[35m3855[0m
[2m2026-07-14 10:20:02[0m [[32m[1minfo     [0m] [1mFinished a step               [0m [36mcost[0m=[35m0.0[0m [36mgenerated_tokens[0m=[35m75[0m [36minput_tokens[0m=[35m3903[0m [36mreasoning_tokens[0m=[35m0[0m [36mstep[0m=[35m6[0m [36mtotal_tokens[0m=[35m3978[0m
[2m2026-07-14 10:20:06[0m [[32m[1minfo     [0m] [1mFinished a step               [0m [36mcost[0m=[35m0.0[0m [36mgenerated_tokens[0m=[35m70[0m [36minput_tokens[0m=[35m4029[0m [36mreasoning_tokens[0m=[35m0[0m [36mstep[0m=[35m7[0m [36mtotal_tokens[0m=[35m4099[0m
[2m2026-07-14 10:20:35[0m [[32m[1minfo     [0m] [1mFinished a step               [0m [36mcost[0m=[35m0.0[0m [36mgenerated_tokens[0m=[35m1474[0m [36minput_tokens[0m=[35m4232[0m [36mreasoning_tokens[0m=[35m0[0m [36mstep[0m=[35m8[0m [36mtotal_tokens[0m=[35m5706[0m
[2m2026-07-14 10:20:37[0m [[32m[1minfo     [0m] [1mFinished a step               [0m [36mcost[0m=[35m0.0[0m [36mgenerated_tokens[0m=[35m39[0m [36minput_tokens[0m=[35m5730[0m [36mreasoning_tokens[0m=[35m0[0m [36mstep[0m=[35m9[0m [36mtotal_tokens[0m=[35m5769[0m
[2m2026-07-14 10:20:40[0m [[32m[1minfo     [0m] [1mFinished a step               [0m [36mcost[0m=[35m0.0[0m [36mgenerated_tokens[0m=[35m116[0m [36minput_tokens[0m=[35m5817[0m [36mreasoning_tokens[0m=[35m0[0m [36mstep[0m=[35m10[0m [36mtotal_tokens[0m=[35m5933[0m
[2m2026-07-14 10:20:44[0m [[32m[1minfo     [0m] [1mFinished a step               [0m [36mcost[0m=[35m0.0[0m [36mgenerated_tokens[0m=[35m122[0m [36minput_tokens[0m=[35m5963[0m [36mreasoning_tokens[0m=[35m0[0m [36mstep[0m=[35m11[0m [36mtotal_tokens[0m=[35m6085[0m
[2m2026-07-14 10:20:46[0m [[32m[1minfo     [0m] [1mFinished a step               [0m [36mcost[0m=[35m0.0[0m [36mgenerated_tokens[0m=[35m50[0m [36minput_tokens[0m=[35m6120[0m [36mreasoning_tokens[0m=[35m0[0m [36mstep[0m=[35m12[0m [36mtotal_tokens[0m=[35m6170[0m
[2m2026-07-14 10:20:48[0m [[32m[1minfo     [0m] [1mFinished a step               [0m [36mcost[0m=[35m0.0[0m [36mgenerated_tokens[0m=[35m46[0m [36minput_tokens[0m=[35m6205[0m [36mreasoning_tokens[0m=[35m0[0m [36mstep[0m=[35m13[0m [36mtotal_tokens[0m=[35m6251[0m
[2m2026-07-14 10:20:53[0m [[32m[1minfo     [0m] [1mFinished a step               [0m [36mcost[0m=[35m0.0[0m [36mgenerated_tokens[0m=[35m132[0m [36minput_tokens[0m=[35m6286[0m [36mreasoning_tokens[0m=[35m0[0m [36mstep[0m=[35m14[0m [36mtotal_tokens[0m=[35m6418[0m
[2m2026-07-14 10:20:58[0m [[32m[1minfo     [0m] [1mFinished a step               [0m [36mcost[0m=[35m0.0[0m [36mgenerated_tokens[0m=[35m103[0m [36minput_tokens[0m=[35m6460[0m [36mreasoning_tokens[0m=[35m0[0m [36mstep[0m=[35m15[0m [36mtotal_tokens[0m=[35m6563[0m
[2m2026-07-14 10:21:01[0m [[32m[1minfo     [0m] [1mFinished a step               [0m [36mcost[0m=[35m0.0[0m [36mgenerated_tokens[0m=[35m54[0m [36minput_tokens[0m=[35m6610[0m [36mreasoning_tokens[0m=[35m0[0m [36mstep[0m=[35m16[0m [36mtotal_tokens[0m=[35m6664[0m
[2m2026-07-14 10:21:04[0m [[32m[1minfo     [0m] [1mFinished a step               [0m [36mcost[0m=[35m0.0[0m [36mgenerated_tokens[0m=[35m45[0m [36minput_tokens[0m=[35m6703[0m [36mreasoning_tokens[0m=[35m0[0m [36mstep[0m=[35m17[0m [36mtotal_tokens[0m=[35m6748[0m
[2m2026-07-14 10:21:12[0m [[32m[1minfo     [0m] [1mFinished a step               [0m [36mcost[0m=[35m0.0[0m [36mgenerated_tokens[0m=[35m195[0m [36minput_tokens[0m=[35m6798[0m [36mreasoning_tokens[0m=[35m0[0m [36mstep[0m=[35m18[0m [36mtotal_tokens[0m=[35m6993[0m
[2m2026-07-14 10:21:16[0m [[32m[1minfo     [0m] [1mFinished a step               [0m [36mcost[0m=[35m0.0[0m [36mgenerated_tokens[0m=[35m71[0m [36minput_tokens[0m=[35m7083[0m [36mreasoning_tokens[0m=[35m0[0m [36mstep[0m=[35m19[0m [36mtotal_tokens[0m=[35m7154[0m
[2m2026-07-14 10:21:21[0m [[32m[1minfo     [0m] [1mFinished a step               [0m [36mcost[0m=[35m0.0[0m [36mgenerated_tokens[0m=[35m93[0m [36minput_tokens[0m=[35m7201[0m [36mreasoning_tokens[0m=[35m0[0m [36mstep[0m=[35m20[0m [36mtotal_tokens[0m=[35m7294[0m
[2m2026-07-14 10:21:26[0m [[32m[1minfo     [0m] [1mFinished a step               [0m [36mcost[0m=[35m0.0[0m [36mgenerated_tokens[0m=[35m83[0m [36minput_tokens[0m=[35m7329[0m [36mreasoning_tokens[0m=[35m0[0m [36mstep[0m=[35m21[0m [36mtotal_tokens[0m=[35m7412[0m
[2m2026-07-14 10:21:30[0m [[32m[1minfo     [0m] [1mFinished a step               [0m [36mcost[0m=[35m0.0[0m [36mgenerated_tokens[0m=[35m73[0m [36minput_tokens[0m=[35m7447[0m [36mreasoning_tokens[0m=[35m0[0m [36mstep[0m=[35m22[0m [36mtotal_tokens[0m=[35m7520[0m
[2m2026-07-14 10:21:35[0m [[32m[1minfo     [0m] [1mFinished a step               [0m [36mcost[0m=[35m0.0[0m [36mgenerated_tokens[0m=[35m124[0m [36minput_tokens[0m=[35m7563[0m [36mreasoning_tokens[0m=[35m0[0m [36mstep[0m=[35m23[0m [36mtotal_tokens[0m=[35m7687[0m
[2m2026-07-14 10:21:40[0m [[32m[1minfo     [0m] [1mFinished a step               [0m [36mcost[0m=[35m0.0[0m [36mgenerated_tokens[0m=[35m142[0m [36minput_tokens[0m=[35m7737[0m [36mreasoning_tokens[0m=[35m0[0m [36mstep[0m=[35m24[0m [36mtotal_tokens[0m=[35m7879[0m
[2m2026-07-14 10:21:44[0m [[32m[1minfo     [0m] [1mFinished a step               [0m [36mcost[0m=[35m0.0[0m [36mgenerated_tokens[0m=[35m109[0m [36minput_tokens[0m=[35m7929[0m [36mreasoning_tokens[0m=[35m0[0m [36mstep[0m=[35m25[0m [36mtotal_tokens[0m=[35m8038[0m
[2m2026-07-14 10:21:47[0m [[32m[1minfo     [0m] [1mFinished a step               [0m [36mcost[0m=[35m0.0[0m [36mgenerated_tokens[0m=[35m83[0m [36minput_tokens[0m=[35m8092[0m [36mreasoning_tokens[0m=[35m0[0m [36mstep[0m=[35m26[0m [36mtotal_tokens[0m=[35m8175[0m
[2m2026-07-14 10:21:50[0m [[32m[1minfo     [0m] [1mFinished a step               [0m [36mcost[0m=[35m0.0[0m [36mgenerated_tokens[0m=[35m71[0m [36minput_tokens[0m=[35m8208[0m [36mreasoning_tokens[0m=[35m0[0m [36mstep[0m=[35m27[0m [36mtotal_tokens[0m=[35m8279[0m
[2m2026-07-14 10:21:54[0m [[32m[1minfo     [0m] [1mFinished a step               [0m [36mcost[0m=[35m0.0[0m [36mgenerated_tokens[0m=[35m99[0m [36minput_tokens[0m=[35m8312[0m [36mreasoning_tokens[0m=[35m0[0m [36mstep[0m=[35m28[0m [36mtotal_tokens[0m=[35m8411[0m
[2m2026-07-14 10:21:57[0m [[32m[1minfo     [0m] [1mFinished a step               [0m [36mcost[0m=[35m0.0[0m [36mgenerated_tokens[0m=[35m68[0m [36minput_tokens[0m=[35m8461[0m [36mreasoning_tokens[0m=[35m0[0m [36mstep[0m=[35m29[0m [36mtotal_tokens[0m=[35m8529[0m
[2m2026-07-14 10:22:02[0m [[32m[1minfo     [0m] [1mFinished a step               [0m [36mcost[0m=[35m0.0[0m [36mgenerated_tokens[0m=[35m92[0m [36minput_tokens[0m=[35m8565[0m [36mreasoning_tokens[0m=[35m0[0m [36mstep[0m=[35m30[0m [36mtotal_tokens[0m=[35m8657[0m
[2m2026-07-14 10:22:05[0m [[32m[1minfo     [0m] [1mFinished a step               [0m [36mcost[0m=[35m0.0[0m [36mgenerated_tokens[0m=[35m67[0m [36minput_tokens[0m=[35m8691[0m [36mreasoning_tokens[0m=[35m0[0m [36mstep[0m=[35m31[0m [36mtotal_tokens[0m=[35m8758[0m
[2m2026-07-14 10:22:12[0m [[32m[1minfo     [0m] [1mFinished a step               [0m [36mcost[0m=[35m0.0[0m [36mgenerated_tokens[0m=[35m207[0m [36minput_tokens[0m=[35m8797[0m [36mreasoning_tokens[0m=[35m0[0m [36mstep[0m=[35m32[0m [36mtotal_tokens[0m=[35m9004[0m
[2m2026-07-14 10:22:16[0m [[32m[1minfo     [0m] [1mFinished a step               [0m [36mcost[0m=[35m0.0[0m [36mgenerated_tokens[0m=[35m100[0m [36minput_tokens[0m=[35m9095[0m [36mreasoning_tokens[0m=[35m0[0m [36mstep[0m=[35m33[0m [36mtotal_tokens[0m=[35m9195[0m
[2m2026-07-14 10:22:19[0m [[32m[1minfo     [0m] [1mFinished a step               [0m [36mcost[0m=[35m0.0[0m [36mgenerated_tokens[0m=[35m40[0m [36minput_tokens[0m=[35m9309[0m [36mreasoning_tokens[0m=[35m0[0m [36mstep[0m=[35m34[0m [36mtotal_tokens[0m=[35m9349[0m
[2m2026-07-14 10:22:23[0m [[32m[1minfo     [0m] [1mFinished a step               [0m [36mcost[0m=[35m0.0[0m [36mgenerated_tokens[0m=[35m211[0m [36minput_tokens[0m=[35m10766[0m [36mreasoning_tokens[0m=[35m0[0m [36mstep[0m=[35m35[0m [36mtotal_tokens[0m=[35m10977[0m
[2m2026-07-14 10:22:23[0m [[32m[1minfo     [0m] [1mCompleted checkpoint inference checkpoint='checkpoint_1'[0m
[2m2026-07-14 10:22:23[0m [[32m[1minfo     [0m] [1mSaving agent checkpoint info compress_artifacts=False output_path=PosixPath('/outputs/cfgpipe/checkpoint_1')[0m
[2m2026-07-14 10:22:23[0m [[32m[1minfo     [0m] [1mStarting checkpoint evaluation checkpoint='checkpoint_1'[0m
[2m2026-07-14 10:22:24[0m [[32m[1minfo     [0m] [1mStarting pytest evaluation checkpoint='checkpoint_1' environment='local' problem='cfgpipe' submission_path='/outputs/cfgpipe/checkpoint_1/snapshot'[0m
[2m2026-07-14 10:22:24[0m [[32m[1minfo     [0m] [1mMaterialized static assets for tests assets=['antmill_requirements'] count=1[0m
[2m2026-07-14 10:22:24[0m [[32m[1minfo     [0m] [1mStatic assets materialized asset_count=1 assets=['antmill_requirements'][0m
[2m2026-07-14 10:22:24[0m [[32m[1minfo     [0m] [1mExecuting pytest              [0m
[2m2026-07-14 10:22:41[0m [[32m[1minfo     [0m] [1mPytest execution complete duration=15.447157621383667 exit_code=1[0m
[2m2026-07-14 10:22:41[0m [[32m[1minfo     [0m] [1mParsed CTRF report path='/tmp/tmpqgah7cy6/.scbench/ctrf-report.json' test_count=37[0m
[2m2026-07-14 10:22:41[0m [[32m[1minfo     [0m] [1mPytest evaluation complete checkpoint='checkpoint_1' infrastructure_failure=False problem='cfgpipe' status_counts={'passed': 33, 'failed': 4}[0m
[2m2026-07-14 10:22:41[0m [[32m[1minfo     [0m] [1mCheckpoint finished checkpoint_name='checkpoint_1' had_error=False pass_policy='all-core-cases' passed_policy=True save_dir='/outputs/cfgpipe/checkpoint_1'[0m
[2m2026-07-14 10:22:41[0m [[32m[1minfo     [0m] [1mRunning checkpoint checkpoint='checkpoint_2' index=2 total=2[0m
[2m2026-07-14 10:22:41[0m [[32m[1minfo     [0m] [1mResetting agent context for the checkpoint checkpoint='checkpoint_2'[0m
[2m2026-07-14 10:22:41[0m [[32m[1minfo     [0m] [1mRunning inference for checkpoint checkpoint='checkpoint_2'[0m
[2m2026-07-14 10:22:41[0m [[32m[1minfo     [0m] [1mRunning checkpoint task with inference mode checkpoint='checkpoint_2'[0m
[2m2026-07-14 10:22:43[0m [[32m[1minfo     [0m] [1mFinished a step               [0m [36mcost[0m=[35m0.0[0m [36mgenerated_tokens[0m=[35m43[0m [36minput_tokens[0m=[35m1559[0m [36mreasoning_tokens[0m=[35m0[0m [36mstep[0m=[35m1[0m [36mtotal_tokens[0m=[35m1602[0m
[2m2026-07-14 10:22:48[0m [[32m[1minfo     [0m] [1mFinished a step               [0m [36mcost[0m=[35m0.0[0m [36mgenerated_tokens[0m=[35m32[0m [36minput_tokens[0m=[35m1716[0m [36mreasoning_tokens[0m=[35m0[0m [36mstep[0m=[35m2[0m [36mtotal_tokens[0m=[35m1748[0m
[2m2026-07-14 10:22:51[0m [[32m[1minfo     [0m] [1mFinished a step               [0m [36mcost[0m=[35m0.0[0m [36mgenerated_tokens[0m=[35m119[0m [36minput_tokens[0m=[35m3165[0m [36mreasoning_tokens[0m=[35m0[0m [36mstep[0m=[35m3[0m [36mtotal_tokens[0m=[35m3284[0m
[2m2026-07-14 10:22:54[0m [[32m[1minfo     [0m] [1mFinished a step               [0m [36mcost[0m=[35m0.0[0m [36mgenerated_tokens[0m=[35m144[0m [36minput_tokens[0m=[35m3308[0m [36mreasoning_tokens[0m=[35m0[0m [36mstep[0m=[35m4[0m [36mtotal_tokens[0m=[35m3452[0m
[2m2026-07-14 10:22:56[0m [[32m[1minfo     [0m] [1mFinished a step               [0m [36mcost[0m=[35m0.0[0m [36mgenerated_tokens[0m=[35m69[0m [36minput_tokens[0m=[35m3476[0m [36mreasoning_tokens[0m=[35m0[0m [36mstep[0m=[35m5[0m [36mtotal_tokens[0m=[35m3545[0m
[2m2026-07-14 10:23:30[0m [[32m[1minfo     [0m] [1mFinished a step               [0m [36mcost[0m=[35m0.0[0m [36mgenerated_tokens[0m=[35m2314[0m [36minput_tokens[0m=[35m3569[0m [36mreasoning_tokens[0m=[35m0[0m [36mstep[0m=[35m6[0m [36mtotal_tokens[0m=[35m5883[0m
[2m2026-07-14 10:23:52[0m [[32m[1minfo     [0m] [1mFinished a step               [0m [36mcost[0m=[35m0.0[0m [36mgenerated_tokens[0m=[35m46[0m [36minput_tokens[0m=[35m5907[0m [36mreasoning_tokens[0m=[35m0[0m [36mstep[0m=[35m7[0m [36mtotal_tokens[0m=[35m5953[0m
[2m2026-07-14 10:23:56[0m [[32m[1minfo     [0m] [1mFinished a step               [0m [36mcost[0m=[35m0.0[0m [36mgenerated_tokens[0m=[35m213[0m [36minput_tokens[0m=[35m6093[0m [36mreasoning_tokens[0m=[35m0[0m [36mstep[0m=[35m8[0m [36mtotal_tokens[0m=[35m6306[0m
[2m2026-07-14 10:24:11[0m [[32m[1minfo     [0m] [1mFinished a step               [0m [36mcost[0m=[35m0.0[0m [36mgenerated_tokens[0m=[35m48[0m [36minput_tokens[0m=[35m6330[0m [36mreasoning_tokens[0m=[35m0[0m [36mstep[0m=[35m9[0m [36mtotal_tokens[0m=[35m6378[0m
[2m2026-07-14 10:24:16[0m [[32m[1minfo     [0m] [1mFinished a step               [0m [36mcost[0m=[35m0.0[0m [36mgenerated_tokens[0m=[35m65[0m [36minput_tokens[0m=[35m6515[0m [36mreasoning_tokens[0m=[35m0[0m [36mstep[0m=[35m10[0m [36mtotal_tokens[0m=[35m6580[0m
[2m2026-07-14 10:24:19[0m [[32m[1minfo     [0m] [1mFinished a step               [0m [36mcost[0m=[35m0.0[0m [36mgenerated_tokens[0m=[35m71[0m [36minput_tokens[0m=[35m6615[0m [36mreasoning_tokens[0m=[35m0[0m [36mstep[0m=[35m11[0m [36mtotal_tokens[0m=[35m6686[0m
[2m2026-07-14 10:24:24[0m [[32m[1minfo     [0m] [1mFinished a step               [0m [36mcost[0m=[35m0.0[0m [36mgenerated_tokens[0m=[35m140[0m [36minput_tokens[0m=[35m6725[0m [36mreasoning_tokens[0m=[35m0[0m [36mstep[0m=[35m12[0m [36mtotal_tokens[0m=[35m6865[0m
[2m2026-07-14 10:24:28[0m [[32m[1minfo     [0m] [1mFinished a step               [0m [36mcost[0m=[35m0.0[0m [36mgenerated_tokens[0m=[35m99[0m [36minput_tokens[0m=[35m6914[0m [36mreasoning_tokens[0m=[35m0[0m [36mstep[0m=[35m13[0m [36mtotal_tokens[0m=[35m7013[0m
[2m2026-07-14 10:24:41[0m [[32m[1minfo     [0m] [1mFinished a step               [0m [36mcost[0m=[35m0.0[0m [36mgenerated_tokens[0m=[35m78[0m [36minput_tokens[0m=[35m7047[0m [36mreasoning_tokens[0m=[35m0[0m [36mstep[0m=[35m14[0m [36mtotal_tokens[0m=[35m7125[0m
[2m2026-07-14 10:24:46[0m [[32m[1minfo     [0m] [1mFinished a step               [0m [36mcost[0m=[35m0.0[0m [36mgenerated_tokens[0m=[35m126[0m [36minput_tokens[0m=[35m7164[0m [36mreasoning_tokens[0m=[35m0[0m [36mstep[0m=[35m15[0m [36mtotal_tokens[0m=[35m7290[0m
[2m2026-07-14 10:24:50[0m [[32m[1minfo     [0m] [1mFinished a step               [0m [36mcost[0m=[35m0.0[0m [36mgenerated_tokens[0m=[35m66[0m [36minput_tokens[0m=[35m7331[0m [36mreasoning_tokens[0m=[35m0[0m [36mstep[0m=[35m16[0m [36mtotal_tokens[0m=[35m7397[0m
[2m2026-07-14 10:24:56[0m [[32m[1minfo     [0m] [1mFinished a step               [0m [36mcost[0m=[35m0.0[0m [36mgenerated_tokens[0m=[35m198[0m [36minput_tokens[0m=[35m7446[0m [36mreasoning_tokens[0m=[35m0[0m [36mstep[0m=[35m17[0m [36mtotal_tokens[0m=[35m7644[0m
[2m2026-07-14 10:24:59[0m [[32m[1minfo     [0m] [1mFinished a step               [0m [36mcost[0m=[35m0.0[0m [36mgenerated_tokens[0m=[35m63[0m [36minput_tokens[0m=[35m7693[0m [36mreasoning_tokens[0m=[35m0[0m [36mstep[0m=[35m18[0m [36mtotal_tokens[0m=[35m7756[0m
[2m2026-07-14 10:25:02[0m [[32m[1minfo     [0m] [1mFinished a step               [0m [36mcost[0m=[35m0.0[0m [36mgenerated_tokens[0m=[35m112[0m [36minput_tokens[0m=[35m7805[0m [36mreasoning_tokens[0m=[35m0[0m [36mstep[0m=[35m19[0m [36mtotal_tokens[0m=[35m7917[0m
[2m2026-07-14 10:25:05[0m [[32m[1minfo     [0m] [1mFinished a step               [0m [36mcost[0m=[35m0.0[0m [36mgenerated_tokens[0m=[35m108[0m [36minput_tokens[0m=[35m7951[0m [36mreasoning_tokens[0m=[35m0[0m [36mstep[0m=[35m20[0m [36mtotal_tokens[0m=[35m8059[0m
[2m2026-07-14 10:25:20[0m [[32m[1minfo     [0m] [1mFinished a step               [0m [36mcost[0m=[35m0.0[0m [36mgenerated_tokens[0m=[35m90[0m [36minput_tokens[0m=[35m8155[0m [36mreasoning_tokens[0m=[35m0[0m [36mstep[0m=[35m21[0m [36mtotal_tokens[0m=[35m8245[0m
[2m2026-07-14 10:25:23[0m [[32m[1minfo     [0m] [1mFinished a step               [0m [36mcost[0m=[35m0.0[0m [36mgenerated_tokens[0m=[35m113[0m [36minput_tokens[0m=[35m8281[0m [36mreasoning_tokens[0m=[35m0[0m [36mstep[0m=[35m22[0m [36mtotal_tokens[0m=[35m8394[0m
[2m2026-07-14 10:25:26[0m [[32m[1minfo     [0m] [1mFinished a step               [0m [36mcost[0m=[35m0.0[0m [36mgenerated_tokens[0m=[35m88[0m [36minput_tokens[0m=[35m8436[0m [36mreasoning_tokens[0m=[35m0[0m [36mstep[0m=[35m23[0m [36mtotal_tokens[0m=[35m8524[0m
[2m2026-07-14 10:25:30[0m [[32m[1minfo     [0m] [1mFinished a step               [0m [36mcost[0m=[35m0.0[0m [36mgenerated_tokens[0m=[35m126[0m [36minput_tokens[0m=[35m8558[0m [36mreasoning_tokens[0m=[35m0[0m [36mstep[0m=[35m24[0m [36mtotal_tokens[0m=[35m8684[0m
[2m2026-07-14 10:25:32[0m [[32m[1minfo     [0m] [1mFinished a step               [0m [36mcost[0m=[35m0.0[0m [36mgenerated_tokens[0m=[35m74[0m [36minput_tokens[0m=[35m8718[0m [36mreasoning_tokens[0m=[35m0[0m [36mstep[0m=[35m25[0m [36mtotal_tokens[0m=[35m8792[0m
[2m2026-07-14 10:25:34[0m [[32m[1minfo     [0m] [1mFinished a step               [0m [36mcost[0m=[35m0.0[0m [36mgenerated_tokens[0m=[35m50[0m [36minput_tokens[0m=[35m8841[0m [36mreasoning_tokens[0m=[35m0[0m [36mstep[0m=[35m26[0m [36mtotal_tokens[0m=[35m8891[0m
[2m2026-07-14 10:25:37[0m [[32m[1minfo     [0m] [1mFinished a step               [0m [36mcost[0m=[35m0.0[0m [36mgenerated_tokens[0m=[35m36[0m [36minput_tokens[0m=[35m8915[0m [36mreasoning_tokens[0m=[35m0[0m [36mstep[0m=[35m27[0m [36mtotal_tokens[0m=[35m8951[0m
[2m2026-07-14 10:25:50[0m [[32m[1minfo     [0m] [1mFinished a step               [0m [36mcost[0m=[35m0.0[0m [36mgenerated_tokens[0m=[35m846[0m [36minput_tokens[0m=[35m11196[0m [36mreasoning_tokens[0m=[35m0[0m [36mstep[0m=[35m28[0m [36mtotal_tokens[0m=[35m12042[0m
[2m2026-07-14 10:25:52[0m [[32m[1minfo     [0m] [1mFinished a step               [0m [36mcost[0m=[35m0.0[0m [36mgenerated_tokens[0m=[35m43[0m [36minput_tokens[0m=[35m12241[0m [36mreasoning_tokens[0m=[35m0[0m [36mstep[0m=[35m29[0m [36mtotal_tokens[0m=[35m12284[0m
[2m2026-07-14 10:25:55[0m [[32m[1minfo     [0m] [1mFinished a step               [0m [36mcost[0m=[35m0.0[0m [36mgenerated_tokens[0m=[35m29[0m [36minput_tokens[0m=[35m12398[0m [36mreasoning_tokens[0m=[35m0[0m [36mstep[0m=[35m30[0m [36mtotal_tokens[0m=[35m12427[0m
[2m2026-07-14 10:25:58[0m [[32m[1minfo     [0m] [1mFinished a step               [0m [36mcost[0m=[35m0.0[0m [36mgenerated_tokens[0m=[35m40[0m [36minput_tokens[0m=[35m12453[0m [36mreasoning_tokens[0m=[35m0[0m [36mstep[0m=[35m31[0m [36mtotal_tokens[0m=[35m12493[0m
[2m2026-07-14 10:25:58[0m [[32m[1minfo     [0m] [1mCompleted checkpoint inference checkpoint='checkpoint_2'[0m
[2m2026-07-14 10:25:58[0m [[32m[1minfo     [0m] [1mSaving agent checkpoint info compress_artifacts=False output_path=PosixPath('/outputs/cfgpipe/checkpoint_2')[0m
[2m2026-07-14 10:25:58[0m [[32m[1minfo     [0m] [1mStarting checkpoint evaluation checkpoint='checkpoint_2'[0m
[2m2026-07-14 10:25:58[0m [[32m[1minfo     [0m] [1mStarting pytest evaluation checkpoint='checkpoint_2' environment='local' problem='cfgpipe' submission_path='/outputs/cfgpipe/checkpoint_2/snapshot'[0m
[2m2026-07-14 10:25:58[0m [[32m[1minfo     [0m] [1mMaterialized static assets for tests assets=['antmill_requirements'] count=1[0m
[2m2026-07-14 10:25:58[0m [[32m[1minfo     [0m] [1mStatic assets materialized asset_count=1 assets=['antmill_requirements'][0m
[2m2026-07-14 10:25:58[0m [[32m[1minfo     [0m] [1mExecuting pytest              [0m
[2m2026-07-14 10:26:17[0m [[32m[1minfo     [0m] [1mPytest execution complete duration=18.621940851211548 exit_code=1[0m
[2m2026-07-14 10:26:17[0m [[32m[1minfo     [0m] [1mParsed CTRF report path='/tmp/tmpizv84tac/.scbench/ctrf-report.json' test_count=68[0m
[2m2026-07-14 10:26:17[0m [[32m[1minfo     [0m] [1mPytest evaluation complete checkpoint='checkpoint_2' infrastructure_failure=False problem='cfgpipe' status_counts={'failed': 67, 'passed': 1}[0m
[2m2026-07-14 10:26:17[0m [[32m[1minfo     [0m] [1mCheckpoint finished checkpoint_name='checkpoint_2' had_error=False pass_policy='all-core-cases' passed_policy=False save_dir='/outputs/cfgpipe/checkpoint_2'[0m
[2m2026-07-14 10:26:17[0m [[32m[1minfo     [0m] [1mCheckpoint failed due to solution failing tests and thus not passing pass policy[0m
[2m2026-07-14 10:26:17[0m [[32m[1minfo     [0m] [1mSaving run info checkpoints=2 output_path=PosixPath('/outputs/cfgpipe') problem='cfgpipe'[0m
[2m2026-07-14 10:26:17[0m [[32m[1minfo     [0m] [1mRun info saved successfully passed_policy=False problem='cfgpipe' total_cost=0.0[0m
[2m2026-07-14 10:26:17[0m [[32m[1minfo     [0m] [1mAgent run finished final_state='failed' passed=False problem='cfgpipe'[0m
[2m2026-07-14 10:26:17[0m [[32m[1minfo     [0m] [1mProblem run completed problem='cfgpipe'[0m
