Starting Slop Code CLI
	Seed: 42
	Verbose: 0
--------------------------------
Running inference on problem: execution_server
Using provider API key env override: MODELARTS_MAAS_KEY
[2m2026-07-14 13:33:52[0m [[32m[1minfo     [0m] [1mStarting agent run problem='execution_server'[0m
[2m2026-07-14 13:33:52[0m [[32m[1minfo     [0m] [1mSetting up agent run output_path=PosixPath('/outputs/execution_server') problem='execution_server' resuming=False[0m
[2m2026-07-14 13:33:52[0m [[32m[1minfo     [0m] [1mStarting problem run checkpoints=3 problem='execution_server' skipping=0[0m
[2m2026-07-14 13:33:52[0m [[32m[1minfo     [0m] [1mRunning checkpoint checkpoint='checkpoint_1' index=1 total=3[0m
[2m2026-07-14 13:33:52[0m [[32m[1minfo     [0m] [1mStarting agent for the first checkpoint checkpoint='checkpoint_1'[0m
[2m2026-07-14 13:33:53[0m [[32m[1minfo     [0m] [1mRunning inference for checkpoint checkpoint='checkpoint_1'[0m
[2m2026-07-14 13:33:53[0m [[32m[1minfo     [0m] [1mRunning checkpoint task with inference mode checkpoint='checkpoint_1'[0m
[2m2026-07-14 13:33:57[0m [[32m[1minfo     [0m] [1mFinished a step               [0m [36mcost[0m=[35m0.0[0m [36mgenerated_tokens[0m=[35m35[0m [36minput_tokens[0m=[35m3469[0m [36mreasoning_tokens[0m=[35m0[0m [36mstep[0m=[35m1[0m [36mtotal_tokens[0m=[35m3504[0m
[2m2026-07-14 13:33:59[0m [[32m[1minfo     [0m] [1mFinished a step               [0m [36mcost[0m=[35m0.0[0m [36mgenerated_tokens[0m=[35m27[0m [36minput_tokens[0m=[35m3594[0m [36mreasoning_tokens[0m=[35m0[0m [36mstep[0m=[35m2[0m [36mtotal_tokens[0m=[35m3621[0m
[2m2026-07-14 13:35:08[0m [[32m[1minfo     [0m] [1mFinished a step               [0m [36mcost[0m=[35m0.0[0m [36mgenerated_tokens[0m=[35m1973[0m [36minput_tokens[0m=[35m3734[0m [36mreasoning_tokens[0m=[35m0[0m [36mstep[0m=[35m3[0m [36mtotal_tokens[0m=[35m5707[0m
[2m2026-07-14 13:35:16[0m [[32m[1minfo     [0m] [1mFinished a step               [0m [36mcost[0m=[35m0.0[0m [36mgenerated_tokens[0m=[35m118[0m [36minput_tokens[0m=[35m5731[0m [36mreasoning_tokens[0m=[35m0[0m [36mstep[0m=[35m4[0m [36mtotal_tokens[0m=[35m5849[0m
[2m2026-07-14 13:35:55[0m [[32m[1minfo     [0m] [1mFinished a step               [0m [36mcost[0m=[35m0.0[0m [36mgenerated_tokens[0m=[35m888[0m [36minput_tokens[0m=[35m5981[0m [36mreasoning_tokens[0m=[35m0[0m [36mstep[0m=[35m5[0m [36mtotal_tokens[0m=[35m6869[0m
[2m2026-07-14 13:36:20[0m [[32m[1minfo     [0m] [1mFinished a step               [0m [36mcost[0m=[35m0.0[0m [36mgenerated_tokens[0m=[35m629[0m [36minput_tokens[0m=[35m7914[0m [36mreasoning_tokens[0m=[35m0[0m [36mstep[0m=[35m6[0m [36mtotal_tokens[0m=[35m8543[0m
[2m2026-07-14 13:36:25[0m [[32m[1minfo     [0m] [1mFinished a step               [0m [36mcost[0m=[35m0.0[0m [36mgenerated_tokens[0m=[35m56[0m [36minput_tokens[0m=[35m9236[0m [36mreasoning_tokens[0m=[35m0[0m [36mstep[0m=[35m7[0m [36mtotal_tokens[0m=[35m9292[0m
[2m2026-07-14 13:36:30[0m [[32m[1minfo     [0m] [1mFinished a step               [0m [36mcost[0m=[35m0.0[0m [36mgenerated_tokens[0m=[35m57[0m [36minput_tokens[0m=[35m11220[0m [36mreasoning_tokens[0m=[35m0[0m [36mstep[0m=[35m8[0m [36mtotal_tokens[0m=[35m11277[0m
[2m2026-07-14 13:36:41[0m [[32m[1minfo     [0m] [1mFinished a step               [0m [36mcost[0m=[35m0.0[0m [36mgenerated_tokens[0m=[35m210[0m [36minput_tokens[0m=[35m11304[0m [36mreasoning_tokens[0m=[35m0[0m [36mstep[0m=[35m9[0m [36mtotal_tokens[0m=[35m11514[0m
[2m2026-07-14 13:36:41[0m [[32m[1minfo     [0m] [1mCompleted checkpoint inference checkpoint='checkpoint_1'[0m
[2m2026-07-14 13:36:41[0m [[32m[1minfo     [0m] [1mSaving agent checkpoint info compress_artifacts=False output_path=PosixPath('/outputs/execution_server/checkpoint_1')[0m
[2m2026-07-14 13:36:41[0m [[32m[1minfo     [0m] [1mStarting checkpoint evaluation checkpoint='checkpoint_1'[0m
[2m2026-07-14 13:36:41[0m [[32m[1minfo     [0m] [1mStarting pytest evaluation checkpoint='checkpoint_1' environment='local' problem='execution_server' submission_path='/outputs/execution_server/checkpoint_1/snapshot'[0m
[2m2026-07-14 13:36:41[0m [[32m[1minfo     [0m] [1mMaterialized static assets for tests assets=['antmill_requirements'] count=1[0m
[2m2026-07-14 13:36:41[0m [[32m[1minfo     [0m] [1mStatic assets materialized asset_count=1 assets=['antmill_requirements'][0m
[2m2026-07-14 13:36:41[0m [[32m[1minfo     [0m] [1mExecuting pytest              [0m
[2m2026-07-14 13:36:52[0m [[32m[1minfo     [0m] [1mPytest execution complete duration=7.919366836547852 exit_code=0[0m
[2m2026-07-14 13:36:52[0m [[32m[1minfo     [0m] [1mParsed CTRF report path='/tmp/tmp5todbv4q/.scbench/ctrf-report.json' test_count=45[0m
[2m2026-07-14 13:36:52[0m [[32m[1minfo     [0m] [1mPytest evaluation complete checkpoint='checkpoint_1' infrastructure_failure=False problem='execution_server' status_counts={'passed': 45}[0m
[2m2026-07-14 13:36:52[0m [[32m[1minfo     [0m] [1mCheckpoint finished checkpoint_name='checkpoint_1' had_error=False pass_policy='any' passed_policy=True save_dir='/outputs/execution_server/checkpoint_1'[0m
[2m2026-07-14 13:36:52[0m [[32m[1minfo     [0m] [1mRunning checkpoint checkpoint='checkpoint_2' index=2 total=3[0m
[2m2026-07-14 13:36:52[0m [[32m[1minfo     [0m] [1mResetting agent context for the checkpoint checkpoint='checkpoint_2'[0m
[2m2026-07-14 13:36:52[0m [[32m[1minfo     [0m] [1mRunning inference for checkpoint checkpoint='checkpoint_2'[0m
[2m2026-07-14 13:36:52[0m [[32m[1minfo     [0m] [1mRunning checkpoint task with inference mode checkpoint='checkpoint_2'[0m
[2m2026-07-14 13:36:56[0m [[32m[1minfo     [0m] [1mFinished a step               [0m [36mcost[0m=[35m0.0[0m [36mgenerated_tokens[0m=[35m27[0m [36minput_tokens[0m=[35m3097[0m [36mreasoning_tokens[0m=[35m0[0m [36mstep[0m=[35m1[0m [36mtotal_tokens[0m=[35m3124[0m
[2m2026-07-14 13:36:59[0m [[32m[1minfo     [0m] [1mFinished a step               [0m [36mcost[0m=[35m0.0[0m [36mgenerated_tokens[0m=[35m31[0m [36minput_tokens[0m=[35m3263[0m [36mreasoning_tokens[0m=[35m0[0m [36mstep[0m=[35m2[0m [36mtotal_tokens[0m=[35m3294[0m
[2m2026-07-14 13:37:06[0m [[32m[1minfo     [0m] [1mFinished a step               [0m [36mcost[0m=[35m0.0[0m [36mgenerated_tokens[0m=[35m52[0m [36minput_tokens[0m=[35m5223[0m [36mreasoning_tokens[0m=[35m0[0m [36mstep[0m=[35m3[0m [36mtotal_tokens[0m=[35m5275[0m
[2m2026-07-14 13:37:15[0m [[32m[1minfo     [0m] [1mFinished a step               [0m [36mcost[0m=[35m0.0[0m [36mgenerated_tokens[0m=[35m115[0m [36minput_tokens[0m=[35m5302[0m [36mreasoning_tokens[0m=[35m0[0m [36mstep[0m=[35m4[0m [36mtotal_tokens[0m=[35m5417[0m
[2m2026-07-14 13:37:24[0m [[32m[1minfo     [0m] [1mFinished a step               [0m [36mcost[0m=[35m0.0[0m [36mgenerated_tokens[0m=[35m155[0m [36minput_tokens[0m=[35m5549[0m [36mreasoning_tokens[0m=[35m0[0m [36mstep[0m=[35m5[0m [36mtotal_tokens[0m=[35m5704[0m
[2m2026-07-14 13:37:41[0m [[32m[1minfo     [0m] [1mFinished a step               [0m [36mcost[0m=[35m0.0[0m [36mgenerated_tokens[0m=[35m383[0m [36minput_tokens[0m=[35m5924[0m [36mreasoning_tokens[0m=[35m0[0m [36mstep[0m=[35m6[0m [36mtotal_tokens[0m=[35m6307[0m
[2m2026-07-14 13:38:01[0m [[32m[1minfo     [0m] [1mFinished a step               [0m [36mcost[0m=[35m0.0[0m [36mgenerated_tokens[0m=[35m456[0m [36minput_tokens[0m=[35m6604[0m [36mreasoning_tokens[0m=[35m0[0m [36mstep[0m=[35m7[0m [36mtotal_tokens[0m=[35m7060[0m
[2m2026-07-14 13:38:18[0m [[32m[1minfo     [0m] [1mFinished a step               [0m [36mcost[0m=[35m0.0[0m [36mgenerated_tokens[0m=[35m335[0m [36minput_tokens[0m=[35m7391[0m [36mreasoning_tokens[0m=[35m0[0m [36mstep[0m=[35m8[0m [36mtotal_tokens[0m=[35m7726[0m
[2m2026-07-14 13:38:22[0m [[32m[1minfo     [0m] [1mFinished a step               [0m [36mcost[0m=[35m0.0[0m [36mgenerated_tokens[0m=[35m57[0m [36minput_tokens[0m=[35m7964[0m [36mreasoning_tokens[0m=[35m0[0m [36mstep[0m=[35m9[0m [36mtotal_tokens[0m=[35m8021[0m
[2m2026-07-14 13:38:51[0m [[32m[1minfo     [0m] [1mFinished a step               [0m [36mcost[0m=[35m0.0[0m [36mgenerated_tokens[0m=[35m578[0m [36minput_tokens[0m=[35m8056[0m [36mreasoning_tokens[0m=[35m0[0m [36mstep[0m=[35m10[0m [36mtotal_tokens[0m=[35m8634[0m
[2m2026-07-14 13:39:18[0m [[32m[1minfo     [0m] [1mFinished a step               [0m [36mcost[0m=[35m0.0[0m [36mgenerated_tokens[0m=[35m651[0m [36minput_tokens[0m=[35m8794[0m [36mreasoning_tokens[0m=[35m0[0m [36mstep[0m=[35m11[0m [36mtotal_tokens[0m=[35m9445[0m
[2m2026-07-14 13:39:24[0m [[32m[1minfo     [0m] [1mFinished a step               [0m [36mcost[0m=[35m0.0[0m [36mgenerated_tokens[0m=[35m117[0m [36minput_tokens[0m=[35m9823[0m [36mreasoning_tokens[0m=[35m0[0m [36mstep[0m=[35m12[0m [36mtotal_tokens[0m=[35m9940[0m
[2m2026-07-14 13:39:24[0m [[32m[1minfo     [0m] [1mCompleted checkpoint inference checkpoint='checkpoint_2'[0m
[2m2026-07-14 13:39:24[0m [[32m[1minfo     [0m] [1mSaving agent checkpoint info compress_artifacts=False output_path=PosixPath('/outputs/execution_server/checkpoint_2')[0m
[2m2026-07-14 13:39:24[0m [[32m[1minfo     [0m] [1mStarting checkpoint evaluation checkpoint='checkpoint_2'[0m
[2m2026-07-14 13:39:24[0m [[32m[1minfo     [0m] [1mStarting pytest evaluation checkpoint='checkpoint_2' environment='local' problem='execution_server' submission_path='/outputs/execution_server/checkpoint_2/snapshot'[0m
[2m2026-07-14 13:39:24[0m [[32m[1minfo     [0m] [1mMaterialized static assets for tests assets=['antmill_requirements'] count=1[0m
[2m2026-07-14 13:39:24[0m [[32m[1minfo     [0m] [1mStatic assets materialized asset_count=1 assets=['antmill_requirements'][0m
[2m2026-07-14 13:39:24[0m [[32m[1minfo     [0m] [1mExecuting pytest              [0m
[2m2026-07-14 13:39:35[0m [[32m[1minfo     [0m] [1mPytest execution complete duration=9.876610040664673 exit_code=0[0m
[2m2026-07-14 13:39:35[0m [[32m[1minfo     [0m] [1mParsed CTRF report path='/tmp/tmpm7eug5w1/.scbench/ctrf-report.json' test_count=58[0m
[2m2026-07-14 13:39:35[0m [[32m[1minfo     [0m] [1mPytest evaluation complete checkpoint='checkpoint_2' infrastructure_failure=False problem='execution_server' status_counts={'passed': 58}[0m
[2m2026-07-14 13:39:35[0m [[32m[1minfo     [0m] [1mCheckpoint finished checkpoint_name='checkpoint_2' had_error=False pass_policy='any' passed_policy=True save_dir='/outputs/execution_server/checkpoint_2'[0m
[2m2026-07-14 13:39:35[0m [[32m[1minfo     [0m] [1mRunning checkpoint checkpoint='checkpoint_3' index=3 total=3[0m
[2m2026-07-14 13:39:35[0m [[32m[1minfo     [0m] [1mResetting agent context for the checkpoint checkpoint='checkpoint_3'[0m
[2m2026-07-14 13:39:35[0m [[32m[1minfo     [0m] [1mRunning inference for checkpoint checkpoint='checkpoint_3'[0m
[2m2026-07-14 13:39:35[0m [[32m[1minfo     [0m] [1mRunning checkpoint task with inference mode checkpoint='checkpoint_3'[0m
[2m2026-07-14 13:39:38[0m [[32m[1minfo     [0m] [1mFinished a step               [0m [36mcost[0m=[35m0.0[0m [36mgenerated_tokens[0m=[35m43[0m [36minput_tokens[0m=[35m2698[0m [36mreasoning_tokens[0m=[35m0[0m [36mstep[0m=[35m1[0m [36mtotal_tokens[0m=[35m2741[0m
[2m2026-07-14 13:39:40[0m [[32m[1minfo     [0m] [1mFinished a step               [0m [36mcost[0m=[35m0.0[0m [36mgenerated_tokens[0m=[35m31[0m [36minput_tokens[0m=[35m2880[0m [36mreasoning_tokens[0m=[35m0[0m [36mstep[0m=[35m2[0m [36mtotal_tokens[0m=[35m2911[0m
[2m2026-07-14 13:39:47[0m [[32m[1minfo     [0m] [1mFinished a step               [0m [36mcost[0m=[35m0.0[0m [36mgenerated_tokens[0m=[35m161[0m [36minput_tokens[0m=[35m4840[0m [36mreasoning_tokens[0m=[35m0[0m [36mstep[0m=[35m3[0m [36mtotal_tokens[0m=[35m5001[0m
[2m2026-07-14 13:41:35[0m [[32m[1minfo     [0m] [1mFinished a step               [0m [36mcost[0m=[35m0.0[0m [36mgenerated_tokens[0m=[35m3233[0m [36minput_tokens[0m=[35m5114[0m [36mreasoning_tokens[0m=[35m0[0m [36mstep[0m=[35m4[0m [36mtotal_tokens[0m=[35m8347[0m
[2m2026-07-14 13:42:37[0m [[32m[1minfo     [0m] [1mFinished a step               [0m [36mcost[0m=[35m0.0[0m [36mgenerated_tokens[0m=[35m1679[0m [36minput_tokens[0m=[35m8371[0m [36mreasoning_tokens[0m=[35m0[0m [36mstep[0m=[35m5[0m [36mtotal_tokens[0m=[35m10050[0m
[2m2026-07-14 13:43:07[0m [[32m[1minfo     [0m] [1mFinished a step               [0m [36mcost[0m=[35m0.0[0m [36mgenerated_tokens[0m=[35m710[0m [36minput_tokens[0m=[35m11036[0m [36mreasoning_tokens[0m=[35m0[0m [36mstep[0m=[35m6[0m [36mtotal_tokens[0m=[35m11746[0m
[2m2026-07-14 13:44:07[0m [[32m[1minfo     [0m] [1mFinished a step               [0m [36mcost[0m=[35m0.0[0m [36mgenerated_tokens[0m=[35m1665[0m [36minput_tokens[0m=[35m11928[0m [36mreasoning_tokens[0m=[35m0[0m [36mstep[0m=[35m7[0m [36mtotal_tokens[0m=[35m13593[0m
[2m2026-07-14 13:44:44[0m [[32m[1minfo     [0m] [1mFinished a step               [0m [36mcost[0m=[35m0.0[0m [36mgenerated_tokens[0m=[35m1080[0m [36minput_tokens[0m=[35m13918[0m [36mreasoning_tokens[0m=[35m0[0m [36mstep[0m=[35m8[0m [36mtotal_tokens[0m=[35m14998[0m
[2m2026-07-14 13:45:31[0m [[32m[1minfo     [0m] [1mFinished a step               [0m [36mcost[0m=[35m0.0[0m [36mgenerated_tokens[0m=[35m1192[0m [36minput_tokens[0m=[35m15123[0m [36mreasoning_tokens[0m=[35m0[0m [36mstep[0m=[35m9[0m [36mtotal_tokens[0m=[35m16315[0m
[2m2026-07-14 13:45:59[0m [[32m[1minfo     [0m] [1mFinished a step               [0m [36mcost[0m=[35m0.0[0m [36mgenerated_tokens[0m=[35m722[0m [36minput_tokens[0m=[35m16516[0m [36mreasoning_tokens[0m=[35m0[0m [36mstep[0m=[35m10[0m [36mtotal_tokens[0m=[35m17238[0m
[2m2026-07-14 13:46:10[0m [[32m[1minfo     [0m] [1mFinished a step               [0m [36mcost[0m=[35m0.0[0m [36mgenerated_tokens[0m=[35m262[0m [36minput_tokens[0m=[35m17398[0m [36mreasoning_tokens[0m=[35m0[0m [36mstep[0m=[35m11[0m [36mtotal_tokens[0m=[35m17660[0m
[2m2026-07-14 13:46:41[0m [[32m[1minfo     [0m] [1mFinished a step               [0m [36mcost[0m=[35m0.0[0m [36mgenerated_tokens[0m=[35m784[0m [36minput_tokens[0m=[35m17687[0m [36mreasoning_tokens[0m=[35m0[0m [36mstep[0m=[35m12[0m [36mtotal_tokens[0m=[35m18471[0m
[2m2026-07-14 13:46:45[0m [[32m[1minfo     [0m] [1mFinished a step               [0m [36mcost[0m=[35m0.0[0m [36mgenerated_tokens[0m=[35m73[0m [36minput_tokens[0m=[35m18648[0m [36mreasoning_tokens[0m=[35m0[0m [36mstep[0m=[35m13[0m [36mtotal_tokens[0m=[35m18721[0m
[2m2026-07-14 13:46:48[0m [[32m[1minfo     [0m] [1mFinished a step               [0m [36mcost[0m=[35m0.0[0m [36mgenerated_tokens[0m=[35m39[0m [36minput_tokens[0m=[35m18863[0m [36mreasoning_tokens[0m=[35m0[0m [36mstep[0m=[35m14[0m [36mtotal_tokens[0m=[35m18902[0m
[2m2026-07-14 13:46:52[0m [[32m[1minfo     [0m] [1mFinished a step               [0m [36mcost[0m=[35m0.0[0m [36mgenerated_tokens[0m=[35m48[0m [36minput_tokens[0m=[35m21117[0m [36mreasoning_tokens[0m=[35m0[0m [36mstep[0m=[35m15[0m [36mtotal_tokens[0m=[35m21165[0m
[2m2026-07-14 13:46:59[0m [[32m[1minfo     [0m] [1mFinished a step               [0m [36mcost[0m=[35m0.0[0m [36mgenerated_tokens[0m=[35m126[0m [36minput_tokens[0m=[35m21848[0m [36mreasoning_tokens[0m=[35m0[0m [36mstep[0m=[35m16[0m [36mtotal_tokens[0m=[35m21974[0m
[2m2026-07-14 13:46:59[0m [[32m[1minfo     [0m] [1mCompleted checkpoint inference checkpoint='checkpoint_3'[0m
[2m2026-07-14 13:46:59[0m [[32m[1minfo     [0m] [1mSaving agent checkpoint info compress_artifacts=False output_path=PosixPath('/outputs/execution_server/checkpoint_3')[0m
[2m2026-07-14 13:46:59[0m [[32m[1minfo     [0m] [1mStarting checkpoint evaluation checkpoint='checkpoint_3'[0m
[2m2026-07-14 13:46:59[0m [[32m[1minfo     [0m] [1mStarting pytest evaluation checkpoint='checkpoint_3' environment='local' problem='execution_server' submission_path='/outputs/execution_server/checkpoint_3/snapshot'[0m
[2m2026-07-14 13:47:00[0m [[32m[1minfo     [0m] [1mMaterialized static assets for tests assets=['antmill_requirements'] count=1[0m
[2m2026-07-14 13:47:00[0m [[32m[1minfo     [0m] [1mStatic assets materialized asset_count=1 assets=['antmill_requirements'][0m
[2m2026-07-14 13:47:00[0m [[32m[1minfo     [0m] [1mExecuting pytest              [0m
[2m2026-07-14 13:47:12[0m [[32m[1minfo     [0m] [1mPytest execution complete duration=11.960819482803345 exit_code=1[0m
[2m2026-07-14 13:47:12[0m [[32m[1minfo     [0m] [1mParsed CTRF report path='/tmp/tmp_d_2czks/.scbench/ctrf-report.json' test_count=101[0m
[2m2026-07-14 13:47:12[0m [[32m[1minfo     [0m] [1mPytest evaluation complete checkpoint='checkpoint_3' infrastructure_failure=False problem='execution_server' status_counts={'passed': 97, 'failed': 4}[0m
[2m2026-07-14 13:47:12[0m [[32m[1minfo     [0m] [1mCheckpoint finished checkpoint_name='checkpoint_3' had_error=False pass_policy='any' passed_policy=True save_dir='/outputs/execution_server/checkpoint_3'[0m
[2m2026-07-14 13:47:12[0m [[32m[1minfo     [0m] [1mAll checkpoints completed successfully problem='execution_server'[0m
[2m2026-07-14 13:47:12[0m [[32m[1minfo     [0m] [1mSaving run info checkpoints=3 output_path=PosixPath('/outputs/execution_server') problem='execution_server'[0m
[2m2026-07-14 13:47:12[0m [[32m[1minfo     [0m] [1mRun info saved successfully passed_policy=True problem='execution_server' total_cost=0.0[0m
[2m2026-07-14 13:47:12[0m [[32m[1minfo     [0m] [1mAgent run finished final_state='completed' passed=True problem='execution_server'[0m
[2m2026-07-14 13:47:12[0m [[32m[1minfo     [0m] [1mProblem run completed problem='execution_server'[0m
