Starting Slop Code CLI
	Seed: 42
	Verbose: 0
--------------------------------
Running inference on problem: file_merger
Using provider API key env override: KIMI_CODING_API_KEY
[2m2026-07-13 15:01:47[0m [[32m[1minfo     [0m] [1mStarting agent run problem='file_merger'[0m
[2m2026-07-13 15:01:47[0m [[32m[1minfo     [0m] [1mSetting up agent run output_path=PosixPath('/outputs/file_merger') problem='file_merger' resuming=False[0m
[2m2026-07-13 15:01:47[0m [[32m[1minfo     [0m] [1mStarting problem run checkpoints=1 problem='file_merger' skipping=0[0m
[2m2026-07-13 15:01:47[0m [[32m[1minfo     [0m] [1mRunning checkpoint checkpoint='checkpoint_1' index=1 total=1[0m
[2m2026-07-13 15:01:47[0m [[32m[1minfo     [0m] [1mStarting agent for the first checkpoint checkpoint='checkpoint_1'[0m
[2m2026-07-13 15:01:48[0m [[32m[1minfo     [0m] [1mRunning inference for checkpoint checkpoint='checkpoint_1'[0m
[2m2026-07-13 15:01:48[0m [[32m[1minfo     [0m] [1mRunning checkpoint task with inference mode checkpoint='checkpoint_1'[0m
[2m2026-07-13 15:01:51[0m [[32m[1minfo     [0m] [1mFinished a step               [0m [36mcost[0m=[35m0.0[0m [36mgenerated_tokens[0m=[35m29[0m [36minput_tokens[0m=[35m1841[0m [36mreasoning_tokens[0m=[35m0[0m [36mstep[0m=[35m1[0m [36mtotal_tokens[0m=[35m1870[0m
[2m2026-07-13 15:01:52[0m [[32m[1minfo     [0m] [1mFinished a step               [0m [36mcost[0m=[35m0.0[0m [36mgenerated_tokens[0m=[35m27[0m [36minput_tokens[0m=[35m1960[0m [36mreasoning_tokens[0m=[35m0[0m [36mstep[0m=[35m2[0m [36mtotal_tokens[0m=[35m1987[0m
[2m2026-07-13 15:03:01[0m [[32m[1minfo     [0m] [1mFinished a step               [0m [36mcost[0m=[35m0.0[0m [36mgenerated_tokens[0m=[35m4096[0m [36minput_tokens[0m=[35m2025[0m [36mreasoning_tokens[0m=[35m0[0m [36mstep[0m=[35m3[0m [36mtotal_tokens[0m=[35m6121[0m
[2m2026-07-13 15:04:28[0m [[32m[1minfo     [0m] [1mFinished a step               [0m [36mcost[0m=[35m0.0[0m [36mgenerated_tokens[0m=[35m3658[0m [36minput_tokens[0m=[35m6264[0m [36mreasoning_tokens[0m=[35m0[0m [36mstep[0m=[35m4[0m [36mtotal_tokens[0m=[35m9922[0m
[2m2026-07-13 15:04:32[0m [[32m[1minfo     [0m] [1mFinished a step               [0m [36mcost[0m=[35m0.0[0m [36mgenerated_tokens[0m=[35m129[0m [36minput_tokens[0m=[35m9946[0m [36mreasoning_tokens[0m=[35m0[0m [36mstep[0m=[35m5[0m [36mtotal_tokens[0m=[35m10075[0m
[2m2026-07-13 15:04:48[0m [[32m[1minfo     [0m] [1mFinished a step               [0m [36mcost[0m=[35m0.0[0m [36mgenerated_tokens[0m=[35m322[0m [36minput_tokens[0m=[35m10136[0m [36mreasoning_tokens[0m=[35m0[0m [36mstep[0m=[35m6[0m [36mtotal_tokens[0m=[35m10458[0m
[2m2026-07-13 15:04:53[0m [[32m[1minfo     [0m] [1mFinished a step               [0m [36mcost[0m=[35m0.0[0m [36mgenerated_tokens[0m=[35m99[0m [36minput_tokens[0m=[35m10582[0m [36mreasoning_tokens[0m=[35m0[0m [36mstep[0m=[35m7[0m [36mtotal_tokens[0m=[35m10681[0m
[2m2026-07-13 15:04:58[0m [[32m[1minfo     [0m] [1mFinished a step               [0m [36mcost[0m=[35m0.0[0m [36mgenerated_tokens[0m=[35m122[0m [36minput_tokens[0m=[35m10720[0m [36mreasoning_tokens[0m=[35m0[0m [36mstep[0m=[35m8[0m [36mtotal_tokens[0m=[35m10842[0m
[2m2026-07-13 15:05:02[0m [[32m[1minfo     [0m] [1mFinished a step               [0m [36mcost[0m=[35m0.0[0m [36mgenerated_tokens[0m=[35m72[0m [36minput_tokens[0m=[35m10895[0m [36mreasoning_tokens[0m=[35m0[0m [36mstep[0m=[35m9[0m [36mtotal_tokens[0m=[35m10967[0m
[2m2026-07-13 15:05:09[0m [[32m[1minfo     [0m] [1mFinished a step               [0m [36mcost[0m=[35m0.0[0m [36mgenerated_tokens[0m=[35m138[0m [36minput_tokens[0m=[35m11020[0m [36mreasoning_tokens[0m=[35m0[0m [36mstep[0m=[35m10[0m [36mtotal_tokens[0m=[35m11158[0m
[2m2026-07-13 15:05:14[0m [[32m[1minfo     [0m] [1mFinished a step               [0m [36mcost[0m=[35m0.0[0m [36mgenerated_tokens[0m=[35m76[0m [36minput_tokens[0m=[35m11203[0m [36mreasoning_tokens[0m=[35m0[0m [36mstep[0m=[35m11[0m [36mtotal_tokens[0m=[35m11279[0m
[2m2026-07-13 15:06:00[0m [[32m[1minfo     [0m] [1mFinished a step               [0m [36mcost[0m=[35m0.0[0m [36mgenerated_tokens[0m=[35m3765[0m [36minput_tokens[0m=[35m11436[0m [36mreasoning_tokens[0m=[35m0[0m [36mstep[0m=[35m12[0m [36mtotal_tokens[0m=[35m15201[0m
[2m2026-07-13 15:06:00[0m [[32m[1minfo     [0m] [1mCompleted checkpoint inference checkpoint='checkpoint_1'[0m
[2m2026-07-13 15:06:00[0m [[32m[1minfo     [0m] [1mSaving agent checkpoint info compress_artifacts=False output_path=PosixPath('/outputs/file_merger/checkpoint_1')[0m
[2m2026-07-13 15:06:00[0m [[32m[1minfo     [0m] [1mStarting checkpoint evaluation checkpoint='checkpoint_1'[0m
[2m2026-07-13 15:06:04[0m [[32m[1minfo     [0m] [1mMaterialized static assets for tests assets=['antmill_requirements'] count=1[0m
[2m2026-07-13 15:07:14[0m [[32m[1minfo     [0m] [1mStarting pytest evaluation checkpoint='checkpoint_1' environment='local' problem='file_merger' submission_path='/outputs/file_merger/checkpoint_1/snapshot'[0m
[2m2026-07-13 15:07:17[0m [[32m[1minfo     [0m] [1mMaterialized static assets for tests assets=['antmill_requirements'] count=1[0m
[2m2026-07-13 15:07:17[0m [[32m[1minfo     [0m] [1mStatic assets materialized asset_count=1 assets=['antmill_requirements'][0m
[2m2026-07-13 15:07:17[0m [[32m[1minfo     [0m] [1mExecuting pytest              [0m
[2m2026-07-13 15:07:22[0m [[32m[1minfo     [0m] [1mPytest execution complete duration=4.4697651863098145 exit_code=1[0m
[2m2026-07-13 15:07:22[0m [[32m[1minfo     [0m] [1mParsed CTRF report path='/tmp/tmp2_su9uvv/.scbench/ctrf-report.json' test_count=46[0m
[2m2026-07-13 15:07:22[0m [[32m[1minfo     [0m] [1mPytest evaluation complete checkpoint='checkpoint_1' infrastructure_failure=False problem='file_merger' status_counts={'passed': 43, 'failed': 3}[0m
[2m2026-07-13 15:07:22[0m [[32m[1minfo     [0m] [1mCheckpoint finished checkpoint_name='checkpoint_1' had_error=False pass_policy='all-core-cases' passed_policy=False save_dir='/outputs/file_merger/checkpoint_1'[0m
[2m2026-07-13 15:07:22[0m [[32m[1minfo     [0m] [1mCheckpoint failed due to solution failing tests and thus not passing pass policy[0m
[2m2026-07-13 15:07:22[0m [[32m[1minfo     [0m] [1mSaving run info checkpoints=1 output_path=PosixPath('/outputs/file_merger') problem='file_merger'[0m
[2m2026-07-13 15:07:22[0m [[32m[1minfo     [0m] [1mRun info saved successfully passed_policy=False problem='file_merger' total_cost=0.0[0m
[2m2026-07-13 15:07:22[0m [[32m[1minfo     [0m] [1mAgent run finished final_state='failed' passed=False problem='file_merger'[0m
[2m2026-07-13 15:07:22[0m [[32m[1minfo     [0m] [1mProblem run completed problem='file_merger'[0m
