Starting Slop Code CLI
	Seed: 42
	Verbose: 0
--------------------------------
Running inference on problem: etl_pipeline
Using provider API key env override: KIMI_CODING_API_KEY
[2m2026-07-14 11:28:31[0m [[32m[1minfo     [0m] [1mStarting agent run problem='etl_pipeline'[0m
[2m2026-07-14 11:28:31[0m [[32m[1minfo     [0m] [1mSetting up agent run output_path=PosixPath('/outputs/etl_pipeline') problem='etl_pipeline' resuming=False[0m
[2m2026-07-14 11:28:31[0m [[32m[1minfo     [0m] [1mStarting problem run checkpoints=3 problem='etl_pipeline' skipping=0[0m
[2m2026-07-14 11:28:31[0m [[32m[1minfo     [0m] [1mRunning checkpoint checkpoint='checkpoint_1' index=1 total=3[0m
[2m2026-07-14 11:28:31[0m [[32m[1minfo     [0m] [1mStarting agent for the first checkpoint checkpoint='checkpoint_1'[0m
[2m2026-07-14 11:28:31[0m [[32m[1minfo     [0m] [1mRunning inference for checkpoint checkpoint='checkpoint_1'[0m
[2m2026-07-14 11:28:31[0m [[32m[1minfo     [0m] [1mRunning checkpoint task with inference mode checkpoint='checkpoint_1'[0m
[2m2026-07-14 11:28:33[0m [[32m[1minfo     [0m] [1mFinished a step               [0m [36mcost[0m=[35m0.0[0m [36mgenerated_tokens[0m=[35m36[0m [36minput_tokens[0m=[35m1676[0m [36mreasoning_tokens[0m=[35m0[0m [36mstep[0m=[35m1[0m [36mtotal_tokens[0m=[35m1712[0m
[2m2026-07-14 11:28:35[0m [[32m[1minfo     [0m] [1mFinished a step               [0m [36mcost[0m=[35m0.0[0m [36mgenerated_tokens[0m=[35m27[0m [36minput_tokens[0m=[35m1802[0m [36mreasoning_tokens[0m=[35m0[0m [36mstep[0m=[35m2[0m [36mtotal_tokens[0m=[35m1829[0m
[2m2026-07-14 11:29:28[0m [[32m[1minfo     [0m] [1mFinished a step               [0m [36mcost[0m=[35m0.0[0m [36mgenerated_tokens[0m=[35m3193[0m [36minput_tokens[0m=[35m1888[0m [36mreasoning_tokens[0m=[35m0[0m [36mstep[0m=[35m3[0m [36mtotal_tokens[0m=[35m5081[0m
[2m2026-07-14 11:29:33[0m [[32m[1minfo     [0m] [1mFinished a step               [0m [36mcost[0m=[35m0.0[0m [36mgenerated_tokens[0m=[35m73[0m [36minput_tokens[0m=[35m5105[0m [36mreasoning_tokens[0m=[35m0[0m [36mstep[0m=[35m4[0m [36mtotal_tokens[0m=[35m5178[0m
[2m2026-07-14 11:29:35[0m [[32m[1minfo     [0m] [1mFinished a step               [0m [36mcost[0m=[35m0.0[0m [36mgenerated_tokens[0m=[35m45[0m [36minput_tokens[0m=[35m5251[0m [36mreasoning_tokens[0m=[35m0[0m [36mstep[0m=[35m5[0m [36mtotal_tokens[0m=[35m5296[0m
[2m2026-07-14 11:29:37[0m [[32m[1minfo     [0m] [1mFinished a step               [0m [36mcost[0m=[35m0.0[0m [36mgenerated_tokens[0m=[35m41[0m [36minput_tokens[0m=[35m5358[0m [36mreasoning_tokens[0m=[35m0[0m [36mstep[0m=[35m6[0m [36mtotal_tokens[0m=[35m5399[0m
[2m2026-07-14 11:29:40[0m [[32m[1minfo     [0m] [1mFinished a step               [0m [36mcost[0m=[35m0.0[0m [36mgenerated_tokens[0m=[35m70[0m [36minput_tokens[0m=[35m5437[0m [36mreasoning_tokens[0m=[35m0[0m [36mstep[0m=[35m7[0m [36mtotal_tokens[0m=[35m5507[0m
[2m2026-07-14 11:29:44[0m [[32m[1minfo     [0m] [1mFinished a step               [0m [36mcost[0m=[35m0.0[0m [36mgenerated_tokens[0m=[35m56[0m [36minput_tokens[0m=[35m5562[0m [36mreasoning_tokens[0m=[35m0[0m [36mstep[0m=[35m8[0m [36mtotal_tokens[0m=[35m5618[0m
[2m2026-07-14 11:29:47[0m [[32m[1minfo     [0m] [1mFinished a step               [0m [36mcost[0m=[35m0.0[0m [36mgenerated_tokens[0m=[35m58[0m [36minput_tokens[0m=[35m5678[0m [36mreasoning_tokens[0m=[35m0[0m [36mstep[0m=[35m9[0m [36mtotal_tokens[0m=[35m5736[0m
[2m2026-07-14 11:29:50[0m [[32m[1minfo     [0m] [1mFinished a step               [0m [36mcost[0m=[35m0.0[0m [36mgenerated_tokens[0m=[35m46[0m [36minput_tokens[0m=[35m5794[0m [36mreasoning_tokens[0m=[35m0[0m [36mstep[0m=[35m10[0m [36mtotal_tokens[0m=[35m5840[0m
[2m2026-07-14 11:29:53[0m [[32m[1minfo     [0m] [1mFinished a step               [0m [36mcost[0m=[35m0.0[0m [36mgenerated_tokens[0m=[35m53[0m [36minput_tokens[0m=[35m5905[0m [36mreasoning_tokens[0m=[35m0[0m [36mstep[0m=[35m11[0m [36mtotal_tokens[0m=[35m5958[0m
[2m2026-07-14 11:29:57[0m [[32m[1minfo     [0m] [1mFinished a step               [0m [36mcost[0m=[35m0.0[0m [36mgenerated_tokens[0m=[35m59[0m [36minput_tokens[0m=[35m6007[0m [36mreasoning_tokens[0m=[35m0[0m [36mstep[0m=[35m12[0m [36mtotal_tokens[0m=[35m6066[0m
[2m2026-07-14 11:30:01[0m [[32m[1minfo     [0m] [1mFinished a step               [0m [36mcost[0m=[35m0.0[0m [36mgenerated_tokens[0m=[35m70[0m [36minput_tokens[0m=[35m6131[0m [36mreasoning_tokens[0m=[35m0[0m [36mstep[0m=[35m13[0m [36mtotal_tokens[0m=[35m6201[0m
[2m2026-07-14 11:30:07[0m [[32m[1minfo     [0m] [1mFinished a step               [0m [36mcost[0m=[35m0.0[0m [36mgenerated_tokens[0m=[35m71[0m [36minput_tokens[0m=[35m6260[0m [36mreasoning_tokens[0m=[35m0[0m [36mstep[0m=[35m14[0m [36mtotal_tokens[0m=[35m6331[0m
[2m2026-07-14 11:30:11[0m [[32m[1minfo     [0m] [1mFinished a step               [0m [36mcost[0m=[35m0.0[0m [36mgenerated_tokens[0m=[35m54[0m [36minput_tokens[0m=[35m6396[0m [36mreasoning_tokens[0m=[35m0[0m [36mstep[0m=[35m15[0m [36mtotal_tokens[0m=[35m6450[0m
[2m2026-07-14 11:30:15[0m [[32m[1minfo     [0m] [1mFinished a step               [0m [36mcost[0m=[35m0.0[0m [36mgenerated_tokens[0m=[35m50[0m [36minput_tokens[0m=[35m6517[0m [36mreasoning_tokens[0m=[35m0[0m [36mstep[0m=[35m16[0m [36mtotal_tokens[0m=[35m6567[0m
[2m2026-07-14 11:30:20[0m [[32m[1minfo     [0m] [1mFinished a step               [0m [36mcost[0m=[35m0.0[0m [36mgenerated_tokens[0m=[35m90[0m [36minput_tokens[0m=[35m6630[0m [36mreasoning_tokens[0m=[35m0[0m [36mstep[0m=[35m17[0m [36mtotal_tokens[0m=[35m6720[0m
[2m2026-07-14 11:30:23[0m [[32m[1minfo     [0m] [1mFinished a step               [0m [36mcost[0m=[35m0.0[0m [36mgenerated_tokens[0m=[35m38[0m [36minput_tokens[0m=[35m7073[0m [36mreasoning_tokens[0m=[35m0[0m [36mstep[0m=[35m18[0m [36mtotal_tokens[0m=[35m7111[0m
[2m2026-07-14 11:31:08[0m [[32m[1minfo     [0m] [1mFinished a step               [0m [36mcost[0m=[35m0.0[0m [36mgenerated_tokens[0m=[35m3329[0m [36minput_tokens[0m=[35m9603[0m [36mreasoning_tokens[0m=[35m0[0m [36mstep[0m=[35m19[0m [36mtotal_tokens[0m=[35m12932[0m
[2m2026-07-14 11:31:11[0m [[32m[1minfo     [0m] [1mFinished a step               [0m [36mcost[0m=[35m0.0[0m [36mgenerated_tokens[0m=[35m68[0m [36minput_tokens[0m=[35m12956[0m [36mreasoning_tokens[0m=[35m0[0m [36mstep[0m=[35m20[0m [36mtotal_tokens[0m=[35m13024[0m
[2m2026-07-14 11:31:14[0m [[32m[1minfo     [0m] [1mFinished a step               [0m [36mcost[0m=[35m0.0[0m [36mgenerated_tokens[0m=[35m45[0m [36minput_tokens[0m=[35m13097[0m [36mreasoning_tokens[0m=[35m0[0m [36mstep[0m=[35m21[0m [36mtotal_tokens[0m=[35m13142[0m
[2m2026-07-14 11:31:17[0m [[32m[1minfo     [0m] [1mFinished a step               [0m [36mcost[0m=[35m0.0[0m [36mgenerated_tokens[0m=[35m53[0m [36minput_tokens[0m=[35m13209[0m [36mreasoning_tokens[0m=[35m0[0m [36mstep[0m=[35m22[0m [36mtotal_tokens[0m=[35m13262[0m
[2m2026-07-14 11:31:21[0m [[32m[1minfo     [0m] [1mFinished a step               [0m [36mcost[0m=[35m0.0[0m [36mgenerated_tokens[0m=[35m64[0m [36minput_tokens[0m=[35m13325[0m [36mreasoning_tokens[0m=[35m0[0m [36mstep[0m=[35m23[0m [36mtotal_tokens[0m=[35m13389[0m
[2m2026-07-14 11:31:24[0m [[32m[1minfo     [0m] [1mFinished a step               [0m [36mcost[0m=[35m0.0[0m [36mgenerated_tokens[0m=[35m49[0m [36minput_tokens[0m=[35m13454[0m [36mreasoning_tokens[0m=[35m0[0m [36mstep[0m=[35m24[0m [36mtotal_tokens[0m=[35m13503[0m
[2m2026-07-14 11:31:28[0m [[32m[1minfo     [0m] [1mFinished a step               [0m [36mcost[0m=[35m0.0[0m [36mgenerated_tokens[0m=[35m60[0m [36minput_tokens[0m=[35m13541[0m [36mreasoning_tokens[0m=[35m0[0m [36mstep[0m=[35m25[0m [36mtotal_tokens[0m=[35m13601[0m
[2m2026-07-14 11:31:31[0m [[32m[1minfo     [0m] [1mFinished a step               [0m [36mcost[0m=[35m0.0[0m [36mgenerated_tokens[0m=[35m56[0m [36minput_tokens[0m=[35m13654[0m [36mreasoning_tokens[0m=[35m0[0m [36mstep[0m=[35m26[0m [36mtotal_tokens[0m=[35m13710[0m
[2m2026-07-14 11:31:36[0m [[32m[1minfo     [0m] [1mFinished a step               [0m [36mcost[0m=[35m0.0[0m [36mgenerated_tokens[0m=[35m69[0m [36minput_tokens[0m=[35m13770[0m [36mreasoning_tokens[0m=[35m0[0m [36mstep[0m=[35m27[0m [36mtotal_tokens[0m=[35m13839[0m
[2m2026-07-14 11:31:40[0m [[32m[1minfo     [0m] [1mFinished a step               [0m [36mcost[0m=[35m0.0[0m [36mgenerated_tokens[0m=[35m69[0m [36minput_tokens[0m=[35m13889[0m [36mreasoning_tokens[0m=[35m0[0m [36mstep[0m=[35m28[0m [36mtotal_tokens[0m=[35m13958[0m
[2m2026-07-14 11:31:44[0m [[32m[1minfo     [0m] [1mFinished a step               [0m [36mcost[0m=[35m0.0[0m [36mgenerated_tokens[0m=[35m68[0m [36minput_tokens[0m=[35m14011[0m [36mreasoning_tokens[0m=[35m0[0m [36mstep[0m=[35m29[0m [36mtotal_tokens[0m=[35m14079[0m
[2m2026-07-14 11:31:54[0m [[32m[1minfo     [0m] [1mFinished a step               [0m [36mcost[0m=[35m0.0[0m [36mgenerated_tokens[0m=[35m93[0m [36minput_tokens[0m=[35m14136[0m [36mreasoning_tokens[0m=[35m0[0m [36mstep[0m=[35m30[0m [36mtotal_tokens[0m=[35m14229[0m
[2m2026-07-14 11:32:03[0m [[32m[1minfo     [0m] [1mFinished a step               [0m [36mcost[0m=[35m0.0[0m [36mgenerated_tokens[0m=[35m89[0m [36minput_tokens[0m=[35m14283[0m [36mreasoning_tokens[0m=[35m0[0m [36mstep[0m=[35m31[0m [36mtotal_tokens[0m=[35m14372[0m
[2m2026-07-14 11:32:10[0m [[32m[1minfo     [0m] [1mFinished a step               [0m [36mcost[0m=[35m0.0[0m [36mgenerated_tokens[0m=[35m72[0m [36minput_tokens[0m=[35m14435[0m [36mreasoning_tokens[0m=[35m0[0m [36mstep[0m=[35m32[0m [36mtotal_tokens[0m=[35m14507[0m
[2m2026-07-14 11:32:10[0m [[32m[1minfo     [0m] [1mCompleted checkpoint inference checkpoint='checkpoint_1'[0m
[2m2026-07-14 11:32:10[0m [[32m[1minfo     [0m] [1mSaving agent checkpoint info compress_artifacts=False output_path=PosixPath('/outputs/etl_pipeline/checkpoint_1')[0m
[2m2026-07-14 11:32:10[0m [[32m[1minfo     [0m] [1mStarting checkpoint evaluation checkpoint='checkpoint_1'[0m
[2m2026-07-14 11:32:10[0m [[32m[1minfo     [0m] [1mStarting pytest evaluation checkpoint='checkpoint_1' environment='local' problem='etl_pipeline' submission_path='/outputs/etl_pipeline/checkpoint_1/snapshot'[0m
[2m2026-07-14 11:32:10[0m [[32m[1minfo     [0m] [1mMaterialized static assets for tests assets=['antmill_requirements'] count=1[0m
[2m2026-07-14 11:32:10[0m [[32m[1minfo     [0m] [1mStatic assets materialized asset_count=1 assets=['antmill_requirements'][0m
[2m2026-07-14 11:32:10[0m [[32m[1minfo     [0m] [1mExecuting pytest              [0m
[2m2026-07-14 11:32:10[0m [[33m[1mwarning  [0m] [1mSetup command failed command='uv pip install --no-index --find-links /antmill/wheelhouse --python /opt/scbench/.venv/bin/python -r requirements.txt' exit_code=1 stderr='Using Python 3.12.12 environment at: /opt/scbench/.venv\n  × No solution found when resolving dependencies:\n  ╰─▶ Because duckdb was not found in the provided package locations and\n      you require duckdb==1.1.1, we can conclude that your requirements are\n      unsatisfiable.\n'[0m
[2m2026-07-14 11:32:11[0m [[33m[1mwarning  [0m] [1mSetup command failed command='uv add --no-index --find-links /antmill/wheelhouse -r requirements.txt' exit_code=1 stderr="Using CPython 3.12.12 interpreter at: /usr/local/bin/python3.12\nCreating virtual environment at: .venv\n  × No solution found when resolving dependencies:\n  ╰─▶ Because duckdb was not found in the provided package locations and your\n      project depends on duckdb==1.1.1, we can conclude that your project's\n      requirements are unsatisfiable.\n  help: If you want to add the package regardless of the failed resolution,\n        provide the `--frozen` flag to skip locking and syncing.\n"[0m
[2m2026-07-14 11:32:16[0m [[32m[1minfo     [0m] [1mPytest execution complete duration=5.461346626281738 exit_code=1[0m
[2m2026-07-14 11:32:16[0m [[32m[1minfo     [0m] [1mParsed CTRF report path='/tmp/tmpu6vb2c_p/.scbench/ctrf-report.json' test_count=41[0m
[2m2026-07-14 11:32:16[0m [[32m[1minfo     [0m] [1mPytest evaluation complete checkpoint='checkpoint_1' infrastructure_failure=False problem='etl_pipeline' status_counts={'passed': 38, 'failed': 3}[0m
[2m2026-07-14 11:32:16[0m [[32m[1minfo     [0m] [1mCheckpoint finished checkpoint_name='checkpoint_1' had_error=False pass_policy='any' passed_policy=True save_dir='/outputs/etl_pipeline/checkpoint_1'[0m
[2m2026-07-14 11:32:16[0m [[32m[1minfo     [0m] [1mRunning checkpoint checkpoint='checkpoint_2' index=2 total=3[0m
[2m2026-07-14 11:32:16[0m [[32m[1minfo     [0m] [1mResetting agent context for the checkpoint checkpoint='checkpoint_2'[0m
[2m2026-07-14 11:32:16[0m [[32m[1minfo     [0m] [1mRunning inference for checkpoint checkpoint='checkpoint_2'[0m
[2m2026-07-14 11:32:16[0m [[32m[1minfo     [0m] [1mRunning checkpoint task with inference mode checkpoint='checkpoint_2'[0m
[2m2026-07-14 11:32:18[0m [[32m[1minfo     [0m] [1mFinished a step               [0m [36mcost[0m=[35m0.0[0m [36mgenerated_tokens[0m=[35m34[0m [36minput_tokens[0m=[35m1917[0m [36mreasoning_tokens[0m=[35m0[0m [36mstep[0m=[35m1[0m [36mtotal_tokens[0m=[35m1951[0m
[2m2026-07-14 11:32:25[0m [[32m[1minfo     [0m] [1mFinished a step               [0m [36mcost[0m=[35m0.0[0m [36mgenerated_tokens[0m=[35m37[0m [36minput_tokens[0m=[35m2068[0m [36mreasoning_tokens[0m=[35m0[0m [36mstep[0m=[35m2[0m [36mtotal_tokens[0m=[35m2105[0m
[2m2026-07-14 11:32:27[0m [[32m[1minfo     [0m] [1mFinished a step               [0m [36mcost[0m=[35m0.0[0m [36mgenerated_tokens[0m=[35m52[0m [36minput_tokens[0m=[35m4606[0m [36mreasoning_tokens[0m=[35m0[0m [36mstep[0m=[35m3[0m [36mtotal_tokens[0m=[35m4658[0m
[2m2026-07-14 11:32:29[0m [[32m[1minfo     [0m] [1mFinished a step               [0m [36mcost[0m=[35m0.0[0m [36mgenerated_tokens[0m=[35m38[0m [36minput_tokens[0m=[35m4690[0m [36mreasoning_tokens[0m=[35m0[0m [36mstep[0m=[35m4[0m [36mtotal_tokens[0m=[35m4728[0m
[2m2026-07-14 11:32:32[0m [[32m[1minfo     [0m] [1mFinished a step               [0m [36mcost[0m=[35m0.0[0m [36mgenerated_tokens[0m=[35m43[0m [36minput_tokens[0m=[35m5384[0m [36mreasoning_tokens[0m=[35m0[0m [36mstep[0m=[35m5[0m [36mtotal_tokens[0m=[35m5427[0m
[2m2026-07-14 11:32:35[0m [[32m[1minfo     [0m] [1mFinished a step               [0m [36mcost[0m=[35m0.0[0m [36mgenerated_tokens[0m=[35m35[0m [36minput_tokens[0m=[35m6293[0m [36mreasoning_tokens[0m=[35m0[0m [36mstep[0m=[35m6[0m [36mtotal_tokens[0m=[35m6328[0m
[2m2026-07-14 11:32:37[0m [[32m[1minfo     [0m] [1mFinished a step               [0m [36mcost[0m=[35m0.0[0m [36mgenerated_tokens[0m=[35m40[0m [36minput_tokens[0m=[35m7487[0m [36mreasoning_tokens[0m=[35m0[0m [36mstep[0m=[35m7[0m [36mtotal_tokens[0m=[35m7527[0m
[2m2026-07-14 11:32:41[0m [[32m[1minfo     [0m] [1mFinished a step               [0m [36mcost[0m=[35m0.0[0m [36mgenerated_tokens[0m=[35m94[0m [36minput_tokens[0m=[35m8170[0m [36mreasoning_tokens[0m=[35m0[0m [36mstep[0m=[35m8[0m [36mtotal_tokens[0m=[35m8264[0m
[2m2026-07-14 11:33:55[0m [[32m[1minfo     [0m] [1mFinished a step               [0m [36mcost[0m=[35m0.0[0m [36mgenerated_tokens[0m=[35m4096[0m [36minput_tokens[0m=[35m8323[0m [36mreasoning_tokens[0m=[35m0[0m [36mstep[0m=[35m9[0m [36mtotal_tokens[0m=[35m12419[0m
[2m2026-07-14 11:34:29[0m [[32m[1minfo     [0m] [1mFinished a step               [0m [36mcost[0m=[35m0.0[0m [36mgenerated_tokens[0m=[35m2207[0m [36minput_tokens[0m=[35m12562[0m [36mreasoning_tokens[0m=[35m0[0m [36mstep[0m=[35m10[0m [36mtotal_tokens[0m=[35m14769[0m
[2m2026-07-14 11:34:55[0m [[32m[1minfo     [0m] [1mFinished a step               [0m [36mcost[0m=[35m0.0[0m [36mgenerated_tokens[0m=[35m1719[0m [36minput_tokens[0m=[35m14797[0m [36mreasoning_tokens[0m=[35m0[0m [36mstep[0m=[35m11[0m [36mtotal_tokens[0m=[35m16516[0m
[2m2026-07-14 11:35:14[0m [[32m[1minfo     [0m] [1mFinished a step               [0m [36mcost[0m=[35m0.0[0m [36mgenerated_tokens[0m=[35m1163[0m [36minput_tokens[0m=[35m16544[0m [36mreasoning_tokens[0m=[35m0[0m [36mstep[0m=[35m12[0m [36mtotal_tokens[0m=[35m17707[0m
[2m2026-07-14 11:35:16[0m [[32m[1minfo     [0m] [1mFinished a step               [0m [36mcost[0m=[35m0.0[0m [36mgenerated_tokens[0m=[35m52[0m [36minput_tokens[0m=[35m17735[0m [36mreasoning_tokens[0m=[35m0[0m [36mstep[0m=[35m13[0m [36mtotal_tokens[0m=[35m17787[0m
[2m2026-07-14 11:35:25[0m [[32m[1minfo     [0m] [1mFinished a step               [0m [36mcost[0m=[35m0.0[0m [36mgenerated_tokens[0m=[35m142[0m [36minput_tokens[0m=[35m17811[0m [36mreasoning_tokens[0m=[35m0[0m [36mstep[0m=[35m14[0m [36mtotal_tokens[0m=[35m17953[0m
[2m2026-07-14 11:35:33[0m [[32m[1minfo     [0m] [1mFinished a step               [0m [36mcost[0m=[35m0.0[0m [36mgenerated_tokens[0m=[35m210[0m [36minput_tokens[0m=[35m18027[0m [36mreasoning_tokens[0m=[35m0[0m [36mstep[0m=[35m15[0m [36mtotal_tokens[0m=[35m18237[0m
[2m2026-07-14 11:35:41[0m [[32m[1minfo     [0m] [1mFinished a step               [0m [36mcost[0m=[35m0.0[0m [36mgenerated_tokens[0m=[35m184[0m [36minput_tokens[0m=[35m18311[0m [36mreasoning_tokens[0m=[35m0[0m [36mstep[0m=[35m16[0m [36mtotal_tokens[0m=[35m18495[0m
[2m2026-07-14 11:35:49[0m [[32m[1minfo     [0m] [1mFinished a step               [0m [36mcost[0m=[35m0.0[0m [36mgenerated_tokens[0m=[35m129[0m [36minput_tokens[0m=[35m18568[0m [36mreasoning_tokens[0m=[35m0[0m [36mstep[0m=[35m17[0m [36mtotal_tokens[0m=[35m18697[0m
[2m2026-07-14 11:35:56[0m [[32m[1minfo     [0m] [1mFinished a step               [0m [36mcost[0m=[35m0.0[0m [36mgenerated_tokens[0m=[35m126[0m [36minput_tokens[0m=[35m18737[0m [36mreasoning_tokens[0m=[35m0[0m [36mstep[0m=[35m18[0m [36mtotal_tokens[0m=[35m18863[0m
[2m2026-07-14 11:36:04[0m [[32m[1minfo     [0m] [1mFinished a step               [0m [36mcost[0m=[35m0.0[0m [36mgenerated_tokens[0m=[35m173[0m [36minput_tokens[0m=[35m18893[0m [36mreasoning_tokens[0m=[35m0[0m [36mstep[0m=[35m19[0m [36mtotal_tokens[0m=[35m19066[0m
[2m2026-07-14 11:36:07[0m [[32m[1minfo     [0m] [1mFinished a step               [0m [36mcost[0m=[35m0.0[0m [36mgenerated_tokens[0m=[35m47[0m [36minput_tokens[0m=[35m19090[0m [36mreasoning_tokens[0m=[35m0[0m [36mstep[0m=[35m20[0m [36mtotal_tokens[0m=[35m19137[0m
[2m2026-07-14 11:36:11[0m [[32m[1minfo     [0m] [1mFinished a step               [0m [36mcost[0m=[35m0.0[0m [36mgenerated_tokens[0m=[35m49[0m [36minput_tokens[0m=[35m19359[0m [36mreasoning_tokens[0m=[35m0[0m [36mstep[0m=[35m21[0m [36mtotal_tokens[0m=[35m19408[0m
[2m2026-07-14 11:36:32[0m [[32m[1minfo     [0m] [1mFinished a step               [0m [36mcost[0m=[35m0.0[0m [36mgenerated_tokens[0m=[35m493[0m [36minput_tokens[0m=[35m19754[0m [36mreasoning_tokens[0m=[35m0[0m [36mstep[0m=[35m22[0m [36mtotal_tokens[0m=[35m20247[0m
[2m2026-07-14 11:36:38[0m [[32m[1minfo     [0m] [1mFinished a step               [0m [36mcost[0m=[35m0.0[0m [36mgenerated_tokens[0m=[35m137[0m [36minput_tokens[0m=[35m20273[0m [36mreasoning_tokens[0m=[35m0[0m [36mstep[0m=[35m23[0m [36mtotal_tokens[0m=[35m20410[0m
[2m2026-07-14 11:36:42[0m [[32m[1minfo     [0m] [1mFinished a step               [0m [36mcost[0m=[35m0.0[0m [36mgenerated_tokens[0m=[35m69[0m [36minput_tokens[0m=[35m20512[0m [36mreasoning_tokens[0m=[35m0[0m [36mstep[0m=[35m24[0m [36mtotal_tokens[0m=[35m20581[0m
[2m2026-07-14 11:36:45[0m [[32m[1minfo     [0m] [1mFinished a step               [0m [36mcost[0m=[35m0.0[0m [36mgenerated_tokens[0m=[35m72[0m [36minput_tokens[0m=[35m20651[0m [36mreasoning_tokens[0m=[35m0[0m [36mstep[0m=[35m25[0m [36mtotal_tokens[0m=[35m20723[0m
[2m2026-07-14 11:36:56[0m [[32m[1minfo     [0m] [1mFinished a step               [0m [36mcost[0m=[35m0.0[0m [36mgenerated_tokens[0m=[35m257[0m [36minput_tokens[0m=[35m20785[0m [36mreasoning_tokens[0m=[35m0[0m [36mstep[0m=[35m26[0m [36mtotal_tokens[0m=[35m21042[0m
[2m2026-07-14 11:37:01[0m [[32m[1minfo     [0m] [1mFinished a step               [0m [36mcost[0m=[35m0.0[0m [36mgenerated_tokens[0m=[35m68[0m [36minput_tokens[0m=[35m21068[0m [36mreasoning_tokens[0m=[35m0[0m [36mstep[0m=[35m27[0m [36mtotal_tokens[0m=[35m21136[0m
[2m2026-07-14 11:37:06[0m [[32m[1minfo     [0m] [1mFinished a step               [0m [36mcost[0m=[35m0.0[0m [36mgenerated_tokens[0m=[35m69[0m [36minput_tokens[0m=[35m21198[0m [36mreasoning_tokens[0m=[35m0[0m [36mstep[0m=[35m28[0m [36mtotal_tokens[0m=[35m21267[0m
[2m2026-07-14 11:37:08[0m [[32m[1minfo     [0m] [1mFinished a step               [0m [36mcost[0m=[35m0.0[0m [36mgenerated_tokens[0m=[35m30[0m [36minput_tokens[0m=[35m21291[0m [36mreasoning_tokens[0m=[35m0[0m [36mstep[0m=[35m29[0m [36mtotal_tokens[0m=[35m21321[0m
[2m2026-07-14 11:37:35[0m [[32m[1minfo     [0m] [1mFinished a step               [0m [36mcost[0m=[35m0.0[0m [36mgenerated_tokens[0m=[35m221[0m [36minput_tokens[0m=[35m21375[0m [36mreasoning_tokens[0m=[35m0[0m [36mstep[0m=[35m30[0m [36mtotal_tokens[0m=[35m21596[0m
[2m2026-07-14 11:37:39[0m [[32m[1minfo     [0m] [1mFinished a step               [0m [36mcost[0m=[35m0.0[0m [36mgenerated_tokens[0m=[35m60[0m [36minput_tokens[0m=[35m21622[0m [36mreasoning_tokens[0m=[35m0[0m [36mstep[0m=[35m31[0m [36mtotal_tokens[0m=[35m21682[0m
[2m2026-07-14 11:37:44[0m [[32m[1minfo     [0m] [1mFinished a step               [0m [36mcost[0m=[35m0.0[0m [36mgenerated_tokens[0m=[35m81[0m [36minput_tokens[0m=[35m21744[0m [36mreasoning_tokens[0m=[35m0[0m [36mstep[0m=[35m32[0m [36mtotal_tokens[0m=[35m21825[0m
[2m2026-07-14 11:37:44[0m [[32m[1minfo     [0m] [1mCompleted checkpoint inference checkpoint='checkpoint_2'[0m
[2m2026-07-14 11:37:44[0m [[32m[1minfo     [0m] [1mSaving agent checkpoint info compress_artifacts=False output_path=PosixPath('/outputs/etl_pipeline/checkpoint_2')[0m
[2m2026-07-14 11:37:44[0m [[32m[1minfo     [0m] [1mStarting checkpoint evaluation checkpoint='checkpoint_2'[0m
[2m2026-07-14 11:37:44[0m [[32m[1minfo     [0m] [1mStarting pytest evaluation checkpoint='checkpoint_2' environment='local' problem='etl_pipeline' submission_path='/outputs/etl_pipeline/checkpoint_2/snapshot'[0m
[2m2026-07-14 11:37:44[0m [[32m[1minfo     [0m] [1mMaterialized static assets for tests assets=['antmill_requirements'] count=1[0m
[2m2026-07-14 11:37:44[0m [[32m[1minfo     [0m] [1mStatic assets materialized asset_count=1 assets=['antmill_requirements'][0m
[2m2026-07-14 11:37:44[0m [[32m[1minfo     [0m] [1mExecuting pytest              [0m
[2m2026-07-14 11:37:44[0m [[33m[1mwarning  [0m] [1mSetup command failed command='uv pip install --no-index --find-links /antmill/wheelhouse --python /opt/scbench/.venv/bin/python -r requirements.txt' exit_code=1 stderr='Using Python 3.12.12 environment at: /opt/scbench/.venv\n  × No solution found when resolving dependencies:\n  ╰─▶ Because duckdb was not found in the provided package locations and\n      you require duckdb==1.1.1, we can conclude that your requirements are\n      unsatisfiable.\n'[0m
[2m2026-07-14 11:37:44[0m [[33m[1mwarning  [0m] [1mSetup command failed command='uv add --no-index --find-links /antmill/wheelhouse -r requirements.txt' exit_code=1 stderr="Using CPython 3.12.12 interpreter at: /usr/local/bin/python3.12\nCreating virtual environment at: .venv\n  × No solution found when resolving dependencies:\n  ╰─▶ Because duckdb was not found in the provided package locations and your\n      project depends on duckdb==1.1.1, we can conclude that your project's\n      requirements are unsatisfiable.\n  help: If you want to add the package regardless of the failed resolution,\n        provide the `--frozen` flag to skip locking and syncing.\n"[0m
[2m2026-07-14 11:37:54[0m [[32m[1minfo     [0m] [1mPytest execution complete duration=9.747504472732544 exit_code=1[0m
[2m2026-07-14 11:37:54[0m [[32m[1minfo     [0m] [1mParsed CTRF report path='/tmp/tmpi_3p2chw/.scbench/ctrf-report.json' test_count=73[0m
[2m2026-07-14 11:37:54[0m [[32m[1minfo     [0m] [1mPytest evaluation complete checkpoint='checkpoint_2' infrastructure_failure=False problem='etl_pipeline' status_counts={'passed': 69, 'failed': 4}[0m
[2m2026-07-14 11:37:54[0m [[32m[1minfo     [0m] [1mCheckpoint finished checkpoint_name='checkpoint_2' had_error=False pass_policy='any' passed_policy=True save_dir='/outputs/etl_pipeline/checkpoint_2'[0m
[2m2026-07-14 11:37:54[0m [[32m[1minfo     [0m] [1mRunning checkpoint checkpoint='checkpoint_3' index=3 total=3[0m
[2m2026-07-14 11:37:54[0m [[32m[1minfo     [0m] [1mResetting agent context for the checkpoint checkpoint='checkpoint_3'[0m
[2m2026-07-14 11:37:54[0m [[32m[1minfo     [0m] [1mRunning inference for checkpoint checkpoint='checkpoint_3'[0m
[2m2026-07-14 11:37:54[0m [[32m[1minfo     [0m] [1mRunning checkpoint task with inference mode checkpoint='checkpoint_3'[0m
[2m2026-07-14 11:37:56[0m [[32m[1minfo     [0m] [1mFinished a step               [0m [36mcost[0m=[35m0.0[0m [36mgenerated_tokens[0m=[35m43[0m [36minput_tokens[0m=[35m1577[0m [36mreasoning_tokens[0m=[35m0[0m [36mstep[0m=[35m1[0m [36mtotal_tokens[0m=[35m1620[0m
[2m2026-07-14 11:37:58[0m [[32m[1minfo     [0m] [1mFinished a step               [0m [36mcost[0m=[35m0.0[0m [36mgenerated_tokens[0m=[35m42[0m [36minput_tokens[0m=[35m1763[0m [36mreasoning_tokens[0m=[35m0[0m [36mstep[0m=[35m2[0m [36mtotal_tokens[0m=[35m1805[0m
[2m2026-07-14 11:38:01[0m [[32m[1minfo     [0m] [1mFinished a step               [0m [36mcost[0m=[35m0.0[0m [36mgenerated_tokens[0m=[35m60[0m [36minput_tokens[0m=[35m4608[0m [36mreasoning_tokens[0m=[35m0[0m [36mstep[0m=[35m3[0m [36mtotal_tokens[0m=[35m4668[0m
[2m2026-07-14 11:38:09[0m [[32m[1minfo     [0m] [1mFinished a step               [0m [36mcost[0m=[35m0.0[0m [36mgenerated_tokens[0m=[35m495[0m [36minput_tokens[0m=[35m7269[0m [36mreasoning_tokens[0m=[35m0[0m [36mstep[0m=[35m4[0m [36mtotal_tokens[0m=[35m7764[0m
[2m2026-07-14 11:38:13[0m [[32m[1minfo     [0m] [1mFinished a step               [0m [36mcost[0m=[35m0.0[0m [36mgenerated_tokens[0m=[35m123[0m [36minput_tokens[0m=[35m7874[0m [36mreasoning_tokens[0m=[35m0[0m [36mstep[0m=[35m5[0m [36mtotal_tokens[0m=[35m7997[0m
[2m2026-07-14 11:38:16[0m [[32m[1minfo     [0m] [1mFinished a step               [0m [36mcost[0m=[35m0.0[0m [36mgenerated_tokens[0m=[35m46[0m [36minput_tokens[0m=[35m8043[0m [36mreasoning_tokens[0m=[35m0[0m [36mstep[0m=[35m6[0m [36mtotal_tokens[0m=[35m8089[0m
[2m2026-07-14 11:38:21[0m [[32m[1minfo     [0m] [1mFinished a step               [0m [36mcost[0m=[35m0.0[0m [36mgenerated_tokens[0m=[35m42[0m [36minput_tokens[0m=[35m9496[0m [36mreasoning_tokens[0m=[35m0[0m [36mstep[0m=[35m7[0m [36mtotal_tokens[0m=[35m9538[0m
[2m2026-07-14 11:38:55[0m [[32m[1minfo     [0m] [1mFinished a step               [0m [36mcost[0m=[35m0.0[0m [36mgenerated_tokens[0m=[35m2403[0m [36minput_tokens[0m=[35m10509[0m [36mreasoning_tokens[0m=[35m0[0m [36mstep[0m=[35m8[0m [36mtotal_tokens[0m=[35m12912[0m
[2m2026-07-14 11:38:57[0m [[32m[1minfo     [0m] [1mFinished a step               [0m [36mcost[0m=[35m0.0[0m [36mgenerated_tokens[0m=[35m26[0m [36minput_tokens[0m=[35m12940[0m [36mreasoning_tokens[0m=[35m0[0m [36mstep[0m=[35m9[0m [36mtotal_tokens[0m=[35m12966[0m
[2m2026-07-14 11:39:00[0m [[32m[1minfo     [0m] [1mFinished a step               [0m [36mcost[0m=[35m0.0[0m [36mgenerated_tokens[0m=[35m100[0m [36minput_tokens[0m=[35m13134[0m [36mreasoning_tokens[0m=[35m0[0m [36mstep[0m=[35m10[0m [36mtotal_tokens[0m=[35m13234[0m
[2m2026-07-14 11:39:15[0m [[32m[1minfo     [0m] [1mFinished a step               [0m [36mcost[0m=[35m0.0[0m [36mgenerated_tokens[0m=[35m662[0m [36minput_tokens[0m=[35m13976[0m [36mreasoning_tokens[0m=[35m0[0m [36mstep[0m=[35m11[0m [36mtotal_tokens[0m=[35m14638[0m
[2m2026-07-14 11:39:17[0m [[32m[1minfo     [0m] [1mFinished a step               [0m [36mcost[0m=[35m0.0[0m [36mgenerated_tokens[0m=[35m28[0m [36minput_tokens[0m=[35m14666[0m [36mreasoning_tokens[0m=[35m0[0m [36mstep[0m=[35m12[0m [36mtotal_tokens[0m=[35m14694[0m
[2m2026-07-14 11:39:58[0m [[32m[1minfo     [0m] [1mFinished a step               [0m [36mcost[0m=[35m0.0[0m [36mgenerated_tokens[0m=[35m1209[0m [36minput_tokens[0m=[35m14863[0m [36mreasoning_tokens[0m=[35m0[0m [36mstep[0m=[35m13[0m [36mtotal_tokens[0m=[35m16072[0m
[2m2026-07-14 11:40:00[0m [[32m[1minfo     [0m] [1mFinished a step               [0m [36mcost[0m=[35m0.0[0m [36mgenerated_tokens[0m=[35m64[0m [36minput_tokens[0m=[35m17389[0m [36mreasoning_tokens[0m=[35m0[0m [36mstep[0m=[35m14[0m [36mtotal_tokens[0m=[35m17453[0m
[2m2026-07-14 11:40:37[0m [[32m[1minfo     [0m] [1mFinished a step               [0m [36mcost[0m=[35m0.0[0m [36mgenerated_tokens[0m=[35m1106[0m [36minput_tokens[0m=[35m17477[0m [36mreasoning_tokens[0m=[35m0[0m [36mstep[0m=[35m15[0m [36mtotal_tokens[0m=[35m18583[0m
[2m2026-07-14 11:40:39[0m [[32m[1minfo     [0m] [1mFinished a step               [0m [36mcost[0m=[35m0.0[0m [36mgenerated_tokens[0m=[35m39[0m [36minput_tokens[0m=[35m18607[0m [36mreasoning_tokens[0m=[35m0[0m [36mstep[0m=[35m16[0m [36mtotal_tokens[0m=[35m18646[0m
[2m2026-07-14 11:41:04[0m [[32m[1minfo     [0m] [1mFinished a step               [0m [36mcost[0m=[35m0.0[0m [36mgenerated_tokens[0m=[35m1150[0m [36minput_tokens[0m=[35m19023[0m [36mreasoning_tokens[0m=[35m0[0m [36mstep[0m=[35m17[0m [36mtotal_tokens[0m=[35m20173[0m
[2m2026-07-14 11:41:05[0m [[32m[1minfo     [0m] [1mFinished a step               [0m [36mcost[0m=[35m0.0[0m [36mgenerated_tokens[0m=[35m22[0m [36minput_tokens[0m=[35m20202[0m [36mreasoning_tokens[0m=[35m0[0m [36mstep[0m=[35m18[0m [36mtotal_tokens[0m=[35m20224[0m
[2m2026-07-14 11:41:14[0m [[32m[1minfo     [0m] [1mFinished a step               [0m [36mcost[0m=[35m0.0[0m [36mgenerated_tokens[0m=[35m211[0m [36minput_tokens[0m=[35m20389[0m [36mreasoning_tokens[0m=[35m0[0m [36mstep[0m=[35m19[0m [36mtotal_tokens[0m=[35m20600[0m
[2m2026-07-14 11:41:19[0m [[32m[1minfo     [0m] [1mFinished a step               [0m [36mcost[0m=[35m0.0[0m [36mgenerated_tokens[0m=[35m204[0m [36minput_tokens[0m=[35m21370[0m [36mreasoning_tokens[0m=[35m0[0m [36mstep[0m=[35m20[0m [36mtotal_tokens[0m=[35m21574[0m
[2m2026-07-14 11:41:24[0m [[32m[1minfo     [0m] [1mFinished a step               [0m [36mcost[0m=[35m0.0[0m [36mgenerated_tokens[0m=[35m102[0m [36minput_tokens[0m=[35m21650[0m [36mreasoning_tokens[0m=[35m0[0m [36mstep[0m=[35m21[0m [36mtotal_tokens[0m=[35m21752[0m
[2m2026-07-14 11:41:29[0m [[32m[1minfo     [0m] [1mFinished a step               [0m [36mcost[0m=[35m0.0[0m [36mgenerated_tokens[0m=[35m133[0m [36minput_tokens[0m=[35m22242[0m [36mreasoning_tokens[0m=[35m0[0m [36mstep[0m=[35m22[0m [36mtotal_tokens[0m=[35m22375[0m
[2m2026-07-14 11:41:35[0m [[32m[1minfo     [0m] [1mFinished a step               [0m [36mcost[0m=[35m0.0[0m [36mgenerated_tokens[0m=[35m28[0m [36minput_tokens[0m=[35m22399[0m [36mreasoning_tokens[0m=[35m0[0m [36mstep[0m=[35m23[0m [36mtotal_tokens[0m=[35m22427[0m
[2m2026-07-14 11:42:12[0m [[32m[1minfo     [0m] [1mFinished a step               [0m [36mcost[0m=[35m0.0[0m [36mgenerated_tokens[0m=[35m1933[0m [36minput_tokens[0m=[35m22596[0m [36mreasoning_tokens[0m=[35m0[0m [36mstep[0m=[35m24[0m [36mtotal_tokens[0m=[35m24529[0m
