Starting Slop Code CLI
	Seed: 42
	Verbose: 0
--------------------------------
Running inference on problem: execution_server
Using provider API key env override: MODELARTS_MAAS_KEY
[2m2026-07-14 12:43:21[0m [[32m[1minfo     [0m] [1mStarting agent run problem='execution_server'[0m
[2m2026-07-14 12:43:21[0m [[32m[1minfo     [0m] [1mSetting up agent run output_path=PosixPath('/outputs/execution_server') problem='execution_server' resuming=False[0m
[2m2026-07-14 12:43:21[0m [[32m[1minfo     [0m] [1mStarting problem run checkpoints=1 problem='execution_server' skipping=0[0m
[2m2026-07-14 12:43:21[0m [[32m[1minfo     [0m] [1mRunning checkpoint checkpoint='checkpoint_1' index=1 total=1[0m
[2m2026-07-14 12:43:21[0m [[32m[1minfo     [0m] [1mStarting agent for the first checkpoint checkpoint='checkpoint_1'[0m
[2m2026-07-14 12:43:22[0m [[32m[1minfo     [0m] [1mRunning inference for checkpoint checkpoint='checkpoint_1'[0m
[2m2026-07-14 12:43:22[0m [[32m[1minfo     [0m] [1mRunning checkpoint task with inference mode checkpoint='checkpoint_1'[0m
[2m2026-07-14 12:43:25[0m [[32m[1minfo     [0m] [1mFinished a step               [0m [36mcost[0m=[35m0.0[0m [36mgenerated_tokens[0m=[35m37[0m [36minput_tokens[0m=[35m1971[0m [36mreasoning_tokens[0m=[35m0[0m [36mstep[0m=[35m1[0m [36mtotal_tokens[0m=[35m2008[0m
[2m2026-07-14 12:43:26[0m [[32m[1minfo     [0m] [1mFinished a step               [0m [36mcost[0m=[35m0.0[0m [36mgenerated_tokens[0m=[35m27[0m [36minput_tokens[0m=[35m2098[0m [36mreasoning_tokens[0m=[35m0[0m [36mstep[0m=[35m2[0m [36mtotal_tokens[0m=[35m2125[0m
[2m2026-07-14 12:43:26[0m [[32m[1minfo     [0m] [1mCompleted checkpoint inference checkpoint='checkpoint_1'[0m
[2m2026-07-14 12:43:26[0m [[32m[1minfo     [0m] [1mSaving agent checkpoint info compress_artifacts=False output_path=PosixPath('/outputs/execution_server/checkpoint_1')[0m
[2m2026-07-14 12:43:26[0m [[32m[1minfo     [0m] [1mStarting checkpoint evaluation checkpoint='checkpoint_1'[0m
[2m2026-07-14 12:43:27[0m [[32m[1minfo     [0m] [1mStarting pytest evaluation checkpoint='checkpoint_1' environment='local' problem='execution_server' submission_path='/outputs/execution_server/checkpoint_1/snapshot'[0m
[2m2026-07-14 12:43:27[0m [[32m[1minfo     [0m] [1mMaterialized static assets for tests assets=['antmill_requirements'] count=1[0m
[2m2026-07-14 12:43:27[0m [[32m[1minfo     [0m] [1mStatic assets materialized asset_count=1 assets=['antmill_requirements'][0m
[2m2026-07-14 12:43:27[0m [[32m[1minfo     [0m] [1mExecuting pytest              [0m
[2m2026-07-14 12:43:32[0m [[32m[1minfo     [0m] [1mPytest execution complete duration=3.1906323432922363 exit_code=1[0m
[2m2026-07-14 12:43:32[0m [[32m[1minfo     [0m] [1mParsed CTRF report path='/tmp/tmpyc3jy9u6/.scbench/ctrf-report.json' test_count=45[0m
[2m2026-07-14 12:43:32[0m [[32m[1minfo     [0m] [1mPytest evaluation complete checkpoint='checkpoint_1' infrastructure_failure=False problem='execution_server' status_counts={'error': 45}[0m
[2m2026-07-14 12:43:32[0m [[32m[1minfo     [0m] [1mCheckpoint finished checkpoint_name='checkpoint_1' had_error=False pass_policy='all-core-cases' passed_policy=False save_dir='/outputs/execution_server/checkpoint_1'[0m
[2m2026-07-14 12:43:32[0m [[32m[1minfo     [0m] [1mCheckpoint failed due to solution failing tests and thus not passing pass policy[0m
[2m2026-07-14 12:43:32[0m [[32m[1minfo     [0m] [1mSaving run info checkpoints=1 output_path=PosixPath('/outputs/execution_server') problem='execution_server'[0m
[2m2026-07-14 12:43:32[0m [[32m[1minfo     [0m] [1mRun info saved successfully passed_policy=False problem='execution_server' total_cost=0.0[0m
[2m2026-07-14 12:43:32[0m [[32m[1minfo     [0m] [1mAgent run finished final_state='failed' passed=False problem='execution_server'[0m
[2m2026-07-14 12:43:32[0m [[32m[1minfo     [0m] [1mProblem run completed problem='execution_server'[0m
