Starting Slop Code CLI
	Seed: 42
	Verbose: 0
--------------------------------
Running inference on problem: file_merger
Using provider API key env override: KIMI_CODING_API_KEY
[2m2026-07-13 14:56:03[0m [[32m[1minfo     [0m] [1mStarting agent run problem='file_merger'[0m
[2m2026-07-13 14:56:03[0m [[32m[1minfo     [0m] [1mSetting up agent run output_path=PosixPath('/outputs/file_merger') problem='file_merger' resuming=False[0m
[2m2026-07-13 14:56:03[0m [[32m[1minfo     [0m] [1mStarting problem run checkpoints=1 problem='file_merger' skipping=0[0m
[2m2026-07-13 14:56:03[0m [[32m[1minfo     [0m] [1mRunning checkpoint checkpoint='checkpoint_1' index=1 total=1[0m
[2m2026-07-13 14:56:03[0m [[32m[1minfo     [0m] [1mStarting agent for the first checkpoint checkpoint='checkpoint_1'[0m
[2m2026-07-13 14:56:04[0m [[32m[1minfo     [0m] [1mRunning inference for checkpoint checkpoint='checkpoint_1'[0m
[2m2026-07-13 14:56:04[0m [[32m[1minfo     [0m] [1mRunning checkpoint task with inference mode checkpoint='checkpoint_1'[0m
[2m2026-07-13 14:56:07[0m [[32m[1minfo     [0m] [1mFinished a step               [0m [36mcost[0m=[35m0.0[0m [36mgenerated_tokens[0m=[35m34[0m [36minput_tokens[0m=[35m1841[0m [36mreasoning_tokens[0m=[35m0[0m [36mstep[0m=[35m1[0m [36mtotal_tokens[0m=[35m1875[0m
[2m2026-07-13 14:56:10[0m [[32m[1minfo     [0m] [1mFinished a step               [0m [36mcost[0m=[35m0.0[0m [36mgenerated_tokens[0m=[35m27[0m [36minput_tokens[0m=[35m1965[0m [36mreasoning_tokens[0m=[35m0[0m [36mstep[0m=[35m2[0m [36mtotal_tokens[0m=[35m1992[0m
[2m2026-07-13 14:56:14[0m [[32m[1minfo     [0m] [1mFinished a step               [0m [36mcost[0m=[35m0.0[0m [36mgenerated_tokens[0m=[35m64[0m [36minput_tokens[0m=[35m2030[0m [36mreasoning_tokens[0m=[35m0[0m [36mstep[0m=[35m3[0m [36mtotal_tokens[0m=[35m2094[0m
[2m2026-07-13 14:57:27[0m [[32m[1minfo     [0m] [1mFinished a step               [0m [36mcost[0m=[35m0.0[0m [36mgenerated_tokens[0m=[35m3866[0m [36minput_tokens[0m=[35m2118[0m [36mreasoning_tokens[0m=[35m0[0m [36mstep[0m=[35m4[0m [36mtotal_tokens[0m=[35m5984[0m
[2m2026-07-13 14:57:31[0m [[32m[1minfo     [0m] [1mFinished a step               [0m [36mcost[0m=[35m0.0[0m [36mgenerated_tokens[0m=[35m124[0m [36minput_tokens[0m=[35m6008[0m [36mreasoning_tokens[0m=[35m0[0m [36mstep[0m=[35m5[0m [36mtotal_tokens[0m=[35m6132[0m
[2m2026-07-13 14:57:37[0m [[32m[1minfo     [0m] [1mFinished a step               [0m [36mcost[0m=[35m0.0[0m [36mgenerated_tokens[0m=[35m225[0m [36minput_tokens[0m=[35m6192[0m [36mreasoning_tokens[0m=[35m0[0m [36mstep[0m=[35m6[0m [36mtotal_tokens[0m=[35m6417[0m
[2m2026-07-13 14:57:44[0m [[32m[1minfo     [0m] [1mFinished a step               [0m [36mcost[0m=[35m0.0[0m [36mgenerated_tokens[0m=[35m166[0m [36minput_tokens[0m=[35m6478[0m [36mreasoning_tokens[0m=[35m0[0m [36mstep[0m=[35m7[0m [36mtotal_tokens[0m=[35m6644[0m
[2m2026-07-13 14:58:50[0m [[32m[1minfo     [0m] [1mFinished a step               [0m [36mcost[0m=[35m0.0[0m [36mgenerated_tokens[0m=[35m3445[0m [36minput_tokens[0m=[35m6847[0m [36mreasoning_tokens[0m=[35m0[0m [36mstep[0m=[35m8[0m [36mtotal_tokens[0m=[35m10292[0m
[2m2026-07-13 14:58:54[0m [[32m[1minfo     [0m] [1mFinished a step               [0m [36mcost[0m=[35m0.0[0m [36mgenerated_tokens[0m=[35m56[0m [36minput_tokens[0m=[35m10316[0m [36mreasoning_tokens[0m=[35m0[0m [36mstep[0m=[35m9[0m [36mtotal_tokens[0m=[35m10372[0m
[2m2026-07-13 14:59:00[0m [[32m[1minfo     [0m] [1mFinished a step               [0m [36mcost[0m=[35m0.0[0m [36mgenerated_tokens[0m=[35m229[0m [36minput_tokens[0m=[35m10506[0m [36mreasoning_tokens[0m=[35m0[0m [36mstep[0m=[35m10[0m [36mtotal_tokens[0m=[35m10735[0m
[2m2026-07-13 14:59:09[0m [[32m[1minfo     [0m] [1mFinished a step               [0m [36mcost[0m=[35m0.0[0m [36mgenerated_tokens[0m=[35m267[0m [36minput_tokens[0m=[35m10816[0m [36mreasoning_tokens[0m=[35m0[0m [36mstep[0m=[35m11[0m [36mtotal_tokens[0m=[35m11083[0m
[2m2026-07-13 14:59:25[0m [[32m[1minfo     [0m] [1mFinished a step               [0m [36mcost[0m=[35m0.0[0m [36mgenerated_tokens[0m=[35m422[0m [36minput_tokens[0m=[35m11242[0m [36mreasoning_tokens[0m=[35m0[0m [36mstep[0m=[35m12[0m [36mtotal_tokens[0m=[35m11664[0m
[2m2026-07-13 14:59:25[0m [[32m[1minfo     [0m] [1mCompleted checkpoint inference checkpoint='checkpoint_1'[0m
[2m2026-07-13 14:59:25[0m [[32m[1minfo     [0m] [1mSaving agent checkpoint info compress_artifacts=False output_path=PosixPath('/outputs/file_merger/checkpoint_1')[0m
[2m2026-07-13 14:59:25[0m [[32m[1minfo     [0m] [1mStarting checkpoint evaluation checkpoint='checkpoint_1'[0m
[2m2026-07-13 14:59:30[0m [[32m[1minfo     [0m] [1mMaterialized static assets for tests assets=['antmill_requirements'] count=1[0m
[2m2026-07-13 14:59:50[0m [[32m[1minfo     [0m] [1mStarting pytest evaluation checkpoint='checkpoint_1' environment='local' problem='file_merger' submission_path='/outputs/file_merger/checkpoint_1/snapshot'[0m
[2m2026-07-13 14:59:53[0m [[32m[1minfo     [0m] [1mMaterialized static assets for tests assets=['antmill_requirements'] count=1[0m
[2m2026-07-13 14:59:53[0m [[32m[1minfo     [0m] [1mStatic assets materialized asset_count=1 assets=['antmill_requirements'][0m
[2m2026-07-13 14:59:53[0m [[32m[1minfo     [0m] [1mExecuting pytest              [0m
[2m2026-07-13 14:59:57[0m [[32m[1minfo     [0m] [1mPytest execution complete duration=4.123906135559082 exit_code=1[0m
[2m2026-07-13 14:59:57[0m [[32m[1minfo     [0m] [1mParsed CTRF report path='/tmp/tmp3qwolp9y/.scbench/ctrf-report.json' test_count=46[0m
[2m2026-07-13 14:59:57[0m [[32m[1minfo     [0m] [1mPytest evaluation complete checkpoint='checkpoint_1' infrastructure_failure=False problem='file_merger' status_counts={'passed': 40, 'failed': 6}[0m
[2m2026-07-13 14:59:57[0m [[32m[1minfo     [0m] [1mCheckpoint finished checkpoint_name='checkpoint_1' had_error=False pass_policy='all-core-cases' passed_policy=False save_dir='/outputs/file_merger/checkpoint_1'[0m
[2m2026-07-13 14:59:57[0m [[32m[1minfo     [0m] [1mCheckpoint failed due to solution failing tests and thus not passing pass policy[0m
[2m2026-07-13 14:59:57[0m [[32m[1minfo     [0m] [1mSaving run info checkpoints=1 output_path=PosixPath('/outputs/file_merger') problem='file_merger'[0m
[2m2026-07-13 14:59:57[0m [[32m[1minfo     [0m] [1mRun info saved successfully passed_policy=False problem='file_merger' total_cost=0.0[0m
[2m2026-07-13 14:59:57[0m [[32m[1minfo     [0m] [1mAgent run finished final_state='failed' passed=False problem='file_merger'[0m
[2m2026-07-13 14:59:57[0m [[32m[1minfo     [0m] [1mProblem run completed problem='file_merger'[0m
