Starting Slop Code CLI
	Seed: 42
	Verbose: 0
--------------------------------
Running inference on problem: textdrop
Using provider API key env override: MODELARTS_MAAS_KEY
[2m2026-07-14 14:49:24[0m [[32m[1minfo     [0m] [1mStarting agent run problem='textdrop'[0m
[2m2026-07-14 14:49:24[0m [[32m[1minfo     [0m] [1mSetting up agent run output_path=PosixPath('/outputs/textdrop') problem='textdrop' resuming=False[0m
[2m2026-07-14 14:49:24[0m [[32m[1minfo     [0m] [1mStarting problem run checkpoints=4 problem='textdrop' skipping=0[0m
[2m2026-07-14 14:49:24[0m [[32m[1minfo     [0m] [1mRunning checkpoint checkpoint='checkpoint_1' index=1 total=4[0m
[2m2026-07-14 14:49:24[0m [[32m[1minfo     [0m] [1mStarting agent for the first checkpoint checkpoint='checkpoint_1'[0m
[2m2026-07-14 14:49:24[0m [[32m[1minfo     [0m] [1mRunning inference for checkpoint checkpoint='checkpoint_1'[0m
[2m2026-07-14 14:49:24[0m [[32m[1minfo     [0m] [1mRunning checkpoint task with inference mode checkpoint='checkpoint_1'[0m
[2m2026-07-14 14:49:40[0m [[32m[1minfo     [0m] [1mFinished a step               [0m [36mcost[0m=[35m0.0[0m [36mgenerated_tokens[0m=[35m442[0m [36minput_tokens[0m=[35m1750[0m [36mreasoning_tokens[0m=[35m397[0m [36mstep[0m=[35m1[0m [36mtotal_tokens[0m=[35m2192[0m
[2m2026-07-14 14:49:47[0m [[32m[1minfo     [0m] [1mFinished a step               [0m [36mcost[0m=[35m0.0[0m [36mgenerated_tokens[0m=[35m186[0m [36minput_tokens[0m=[35m1878[0m [36mreasoning_tokens[0m=[35m548[0m [36mstep[0m=[35m2[0m [36mtotal_tokens[0m=[35m2064[0m
[2m2026-07-14 14:50:45[0m [[32m[1minfo     [0m] [1mFinished a step               [0m [36mcost[0m=[35m0.0[0m [36mgenerated_tokens[0m=[35m1824[0m [36minput_tokens[0m=[35m1942[0m [36mreasoning_tokens[0m=[35m940[0m [36mstep[0m=[35m3[0m [36mtotal_tokens[0m=[35m3766[0m
[2m2026-07-14 14:51:11[0m [[32m[1minfo     [0m] [1mFinished a step               [0m [36mcost[0m=[35m0.0[0m [36mgenerated_tokens[0m=[35m725[0m [36minput_tokens[0m=[35m3392[0m [36mreasoning_tokens[0m=[35m959[0m [36mstep[0m=[35m4[0m [36mtotal_tokens[0m=[35m4117[0m
[2m2026-07-14 14:51:26[0m [[32m[1minfo     [0m] [1mFinished a step               [0m [36mcost[0m=[35m0.0[0m [36mgenerated_tokens[0m=[35m345[0m [36minput_tokens[0m=[35m4412[0m [36mreasoning_tokens[0m=[35m985[0m [36mstep[0m=[35m5[0m [36mtotal_tokens[0m=[35m4757[0m
[2m2026-07-14 14:51:30[0m [[32m[1minfo     [0m] [1mFinished a step               [0m [36mcost[0m=[35m0.0[0m [36mgenerated_tokens[0m=[35m86[0m [36minput_tokens[0m=[35m4842[0m [36mreasoning_tokens[0m=[35m1033[0m [36mstep[0m=[35m6[0m [36mtotal_tokens[0m=[35m4928[0m
[2m2026-07-14 14:51:30[0m [[32m[1minfo     [0m] [1mCompleted checkpoint inference checkpoint='checkpoint_1'[0m
[2m2026-07-14 14:51:30[0m [[32m[1minfo     [0m] [1mSaving agent checkpoint info compress_artifacts=False output_path=PosixPath('/outputs/textdrop/checkpoint_1')[0m
[2m2026-07-14 14:51:30[0m [[32m[1minfo     [0m] [1mStarting checkpoint evaluation checkpoint='checkpoint_1'[0m
[2m2026-07-14 14:51:30[0m [[32m[1minfo     [0m] [1mStarting pytest evaluation checkpoint='checkpoint_1' environment='local' problem='textdrop' submission_path='/outputs/textdrop/checkpoint_1/snapshot'[0m
[2m2026-07-14 14:51:30[0m [[32m[1minfo     [0m] [1mMaterialized static assets for tests assets=['antmill_requirements'] count=1[0m
[2m2026-07-14 14:51:30[0m [[32m[1minfo     [0m] [1mStatic assets materialized asset_count=1 assets=['antmill_requirements'][0m
[2m2026-07-14 14:51:30[0m [[32m[1minfo     [0m] [1mExecuting pytest              [0m
[2m2026-07-14 14:52:43[0m [[32m[1minfo     [0m] [1mPytest execution complete duration=44.351916790008545 exit_code=0[0m
[2m2026-07-14 14:52:43[0m [[32m[1minfo     [0m] [1mParsed CTRF report path='/tmp/tmp13f3e534/.scbench/ctrf-report.json' test_count=28[0m
[2m2026-07-14 14:52:43[0m [[32m[1minfo     [0m] [1mPytest evaluation complete checkpoint='checkpoint_1' infrastructure_failure=False problem='textdrop' status_counts={'passed': 28}[0m
[2m2026-07-14 14:52:43[0m [[32m[1minfo     [0m] [1mCheckpoint finished checkpoint_name='checkpoint_1' had_error=False pass_policy='any' passed_policy=True save_dir='/outputs/textdrop/checkpoint_1'[0m
[2m2026-07-14 14:52:43[0m [[32m[1minfo     [0m] [1mRunning checkpoint checkpoint='checkpoint_2' index=2 total=4[0m
[2m2026-07-14 14:52:43[0m [[32m[1minfo     [0m] [1mResetting agent context for the checkpoint checkpoint='checkpoint_2'[0m
[2m2026-07-14 14:52:43[0m [[32m[1minfo     [0m] [1mRunning inference for checkpoint checkpoint='checkpoint_2'[0m
[2m2026-07-14 14:52:43[0m [[32m[1minfo     [0m] [1mRunning checkpoint task with inference mode checkpoint='checkpoint_2'[0m
[2m2026-07-14 14:52:50[0m [[32m[1minfo     [0m] [1mFinished a step               [0m [36mcost[0m=[35m0.0[0m [36mgenerated_tokens[0m=[35m180[0m [36minput_tokens[0m=[35m1785[0m [36mreasoning_tokens[0m=[35m140[0m [36mstep[0m=[35m1[0m [36mtotal_tokens[0m=[35m1965[0m
[2m2026-07-14 14:52:52[0m [[32m[1minfo     [0m] [1mFinished a step               [0m [36mcost[0m=[35m0.0[0m [36mgenerated_tokens[0m=[35m33[0m [36minput_tokens[0m=[35m1932[0m [36mreasoning_tokens[0m=[35m162[0m [36mstep[0m=[35m2[0m [36mtotal_tokens[0m=[35m1965[0m
[2m2026-07-14 14:53:02[0m [[32m[1minfo     [0m] [1mFinished a step               [0m [36mcost[0m=[35m0.0[0m [36mgenerated_tokens[0m=[35m262[0m [36minput_tokens[0m=[35m3335[0m [36mreasoning_tokens[0m=[35m414[0m [36mstep[0m=[35m3[0m [36mtotal_tokens[0m=[35m3597[0m
[2m2026-07-14 14:54:17[0m [[32m[1minfo     [0m] [1mFinished a step               [0m [36mcost[0m=[35m0.0[0m [36mgenerated_tokens[0m=[35m1259[0m [36minput_tokens[0m=[35m3366[0m [36mreasoning_tokens[0m=[35m1632[0m [36mstep[0m=[35m4[0m [36mtotal_tokens[0m=[35m4625[0m
[2m2026-07-14 14:54:45[0m [[32m[1minfo     [0m] [1mFinished a step               [0m [36mcost[0m=[35m0.0[0m [36mgenerated_tokens[0m=[35m729[0m [36minput_tokens[0m=[35m3487[0m [36mreasoning_tokens[0m=[35m2337[0m [36mstep[0m=[35m5[0m [36mtotal_tokens[0m=[35m4216[0m
[2m2026-07-14 14:54:59[0m [[32m[1minfo     [0m] [1mFinished a step               [0m [36mcost[0m=[35m0.0[0m [36mgenerated_tokens[0m=[35m41[0m [36minput_tokens[0m=[35m3562[0m [36mreasoning_tokens[0m=[35m2355[0m [36mstep[0m=[35m6[0m [36mtotal_tokens[0m=[35m3603[0m
[2m2026-07-14 14:55:15[0m [[32m[1minfo     [0m] [1mFinished a step               [0m [36mcost[0m=[35m0.0[0m [36mgenerated_tokens[0m=[35m424[0m [36minput_tokens[0m=[35m3643[0m [36mreasoning_tokens[0m=[35m2755[0m [36mstep[0m=[35m7[0m [36mtotal_tokens[0m=[35m4067[0m
[2m2026-07-14 14:55:20[0m [[32m[1minfo     [0m] [1mFinished a step               [0m [36mcost[0m=[35m0.0[0m [36mgenerated_tokens[0m=[35m115[0m [36minput_tokens[0m=[35m3718[0m [36mreasoning_tokens[0m=[35m2837[0m [36mstep[0m=[35m8[0m [36mtotal_tokens[0m=[35m3833[0m
[2m2026-07-14 14:55:23[0m [[32m[1minfo     [0m] [1mFinished a step               [0m [36mcost[0m=[35m0.0[0m [36mgenerated_tokens[0m=[35m50[0m [36minput_tokens[0m=[35m3918[0m [36mreasoning_tokens[0m=[35m2872[0m [36mstep[0m=[35m9[0m [36mtotal_tokens[0m=[35m3968[0m
[2m2026-07-14 14:55:27[0m [[32m[1minfo     [0m] [1mFinished a step               [0m [36mcost[0m=[35m0.0[0m [36mgenerated_tokens[0m=[35m61[0m [36minput_tokens[0m=[35m3960[0m [36mreasoning_tokens[0m=[35m2908[0m [36mstep[0m=[35m10[0m [36mtotal_tokens[0m=[35m4021[0m
[2m2026-07-14 14:55:30[0m [[32m[1minfo     [0m] [1mFinished a step               [0m [36mcost[0m=[35m0.0[0m [36mgenerated_tokens[0m=[35m70[0m [36minput_tokens[0m=[35m4037[0m [36mreasoning_tokens[0m=[35m2938[0m [36mstep[0m=[35m11[0m [36mtotal_tokens[0m=[35m4107[0m
[2m2026-07-14 14:55:34[0m [[32m[1minfo     [0m] [1mFinished a step               [0m [36mcost[0m=[35m0.0[0m [36mgenerated_tokens[0m=[35m80[0m [36minput_tokens[0m=[35m4097[0m [36mreasoning_tokens[0m=[35m2987[0m [36mstep[0m=[35m12[0m [36mtotal_tokens[0m=[35m4177[0m
[2m2026-07-14 14:55:40[0m [[32m[1minfo     [0m] [1mFinished a step               [0m [36mcost[0m=[35m0.0[0m [36mgenerated_tokens[0m=[35m173[0m [36minput_tokens[0m=[35m4179[0m [36mreasoning_tokens[0m=[35m3128[0m [36mstep[0m=[35m13[0m [36mtotal_tokens[0m=[35m4352[0m
[2m2026-07-14 14:55:43[0m [[32m[1minfo     [0m] [1mFinished a step               [0m [36mcost[0m=[35m0.0[0m [36mgenerated_tokens[0m=[35m69[0m [36minput_tokens[0m=[35m4249[0m [36mreasoning_tokens[0m=[35m3163[0m [36mstep[0m=[35m14[0m [36mtotal_tokens[0m=[35m4318[0m
[2m2026-07-14 14:55:51[0m [[32m[1minfo     [0m] [1mFinished a step               [0m [36mcost[0m=[35m0.0[0m [36mgenerated_tokens[0m=[35m194[0m [36minput_tokens[0m=[35m4345[0m [36mreasoning_tokens[0m=[35m3339[0m [36mstep[0m=[35m15[0m [36mtotal_tokens[0m=[35m4539[0m
[2m2026-07-14 14:56:04[0m [[32m[1minfo     [0m] [1mFinished a step               [0m [36mcost[0m=[35m0.0[0m [36mgenerated_tokens[0m=[35m348[0m [36minput_tokens[0m=[35m6866[0m [36mreasoning_tokens[0m=[35m3652[0m [36mstep[0m=[35m16[0m [36mtotal_tokens[0m=[35m7214[0m
[2m2026-07-14 14:56:26[0m [[32m[1minfo     [0m] [1mFinished a step               [0m [36mcost[0m=[35m0.0[0m [36mgenerated_tokens[0m=[35m609[0m [36minput_tokens[0m=[35m6935[0m [36mreasoning_tokens[0m=[35m4230[0m [36mstep[0m=[35m17[0m [36mtotal_tokens[0m=[35m7544[0m
[2m2026-07-14 14:56:47[0m [[32m[1minfo     [0m] [1mFinished a step               [0m [36mcost[0m=[35m0.0[0m [36mgenerated_tokens[0m=[35m603[0m [36minput_tokens[0m=[35m7223[0m [36mreasoning_tokens[0m=[35m4802[0m [36mstep[0m=[35m18[0m [36mtotal_tokens[0m=[35m7826[0m
[2m2026-07-14 14:56:57[0m [[32m[1minfo     [0m] [1mFinished a step               [0m [36mcost[0m=[35m0.0[0m [36mgenerated_tokens[0m=[35m251[0m [36minput_tokens[0m=[35m7290[0m [36mreasoning_tokens[0m=[35m5007[0m [36mstep[0m=[35m19[0m [36mtotal_tokens[0m=[35m7541[0m
[2m2026-07-14 14:57:15[0m [[32m[1minfo     [0m] [1mFinished a step               [0m [36mcost[0m=[35m0.0[0m [36mgenerated_tokens[0m=[35m502[0m [36minput_tokens[0m=[35m7356[0m [36mreasoning_tokens[0m=[35m5400[0m [36mstep[0m=[35m20[0m [36mtotal_tokens[0m=[35m7858[0m
[2m2026-07-14 14:57:18[0m [[32m[1minfo     [0m] [1mFinished a step               [0m [36mcost[0m=[35m0.0[0m [36mgenerated_tokens[0m=[35m42[0m [36minput_tokens[0m=[35m7518[0m [36mreasoning_tokens[0m=[35m5415[0m [36mstep[0m=[35m21[0m [36mtotal_tokens[0m=[35m7560[0m
[2m2026-07-14 14:57:23[0m [[32m[1minfo     [0m] [1mFinished a step               [0m [36mcost[0m=[35m0.0[0m [36mgenerated_tokens[0m=[35m126[0m [36minput_tokens[0m=[35m7578[0m [36mreasoning_tokens[0m=[35m5432[0m [36mstep[0m=[35m22[0m [36mtotal_tokens[0m=[35m7704[0m
[2m2026-07-14 14:57:26[0m [[32m[1minfo     [0m] [1mFinished a step               [0m [36mcost[0m=[35m0.0[0m [36mgenerated_tokens[0m=[35m44[0m [36minput_tokens[0m=[35m7705[0m [36mreasoning_tokens[0m=[35m5444[0m [36mstep[0m=[35m23[0m [36mtotal_tokens[0m=[35m7749[0m
[2m2026-07-14 14:57:51[0m [[32m[1minfo     [0m] [1mFinished a step               [0m [36mcost[0m=[35m0.0[0m [36mgenerated_tokens[0m=[35m719[0m [36minput_tokens[0m=[35m7757[0m [36mreasoning_tokens[0m=[35m6025[0m [36mstep[0m=[35m24[0m [36mtotal_tokens[0m=[35m8476[0m
[2m2026-07-14 14:59:10[0m [[32m[1minfo     [0m] [1mFinished a step               [0m [36mcost[0m=[35m0.0[0m [36mgenerated_tokens[0m=[35m2293[0m [36minput_tokens[0m=[35m8114[0m [36mreasoning_tokens[0m=[35m6119[0m [36mstep[0m=[35m25[0m [36mtotal_tokens[0m=[35m10407[0m
[2m2026-07-14 14:59:20[0m [[32m[1minfo     [0m] [1mFinished a step               [0m [36mcost[0m=[35m0.0[0m [36mgenerated_tokens[0m=[35m264[0m [36minput_tokens[0m=[35m10331[0m [36mreasoning_tokens[0m=[35m6249[0m [36mstep[0m=[35m26[0m [36mtotal_tokens[0m=[35m10595[0m
[2m2026-07-14 14:59:27[0m [[32m[1minfo     [0m] [1mFinished a step               [0m [36mcost[0m=[35m0.0[0m [36mgenerated_tokens[0m=[35m156[0m [36minput_tokens[0m=[35m10498[0m [36mreasoning_tokens[0m=[35m6269[0m [36mstep[0m=[35m27[0m [36mtotal_tokens[0m=[35m10654[0m
[2m2026-07-14 14:59:38[0m [[32m[1minfo     [0m] [1mFinished a step               [0m [36mcost[0m=[35m0.0[0m [36mgenerated_tokens[0m=[35m326[0m [36minput_tokens[0m=[35m10739[0m [36mreasoning_tokens[0m=[35m6308[0m [36mstep[0m=[35m28[0m [36mtotal_tokens[0m=[35m11065[0m
[2m2026-07-14 14:59:50[0m [[32m[1minfo     [0m] [1mFinished a step               [0m [36mcost[0m=[35m0.0[0m [36mgenerated_tokens[0m=[35m305[0m [36minput_tokens[0m=[35m11142[0m [36mreasoning_tokens[0m=[35m6560[0m [36mstep[0m=[35m29[0m [36mtotal_tokens[0m=[35m11447[0m
[2m2026-07-14 15:00:02[0m [[32m[1minfo     [0m] [1mFinished a step               [0m [36mcost[0m=[35m0.0[0m [36mgenerated_tokens[0m=[35m367[0m [36minput_tokens[0m=[35m11250[0m [36mreasoning_tokens[0m=[35m6603[0m [36mstep[0m=[35m30[0m [36mtotal_tokens[0m=[35m11617[0m
[2m2026-07-14 15:01:39[0m [[32m[1minfo     [0m] [1mFinished a step               [0m [36mcost[0m=[35m0.0[0m [36mgenerated_tokens[0m=[35m3160[0m [36minput_tokens[0m=[35m11665[0m [36mreasoning_tokens[0m=[35m9763[0m [36mstep[0m=[35m31[0m [36mtotal_tokens[0m=[35m14825[0m
[2m2026-07-14 15:01:59[0m [[32m[1minfo     [0m] [1mFinished a step               [0m [36mcost[0m=[35m0.0[0m [36mgenerated_tokens[0m=[35m602[0m [36minput_tokens[0m=[35m11813[0m [36mreasoning_tokens[0m=[35m10028[0m [36mstep[0m=[35m32[0m [36mtotal_tokens[0m=[35m12415[0m
[2m2026-07-14 15:01:59[0m [[32m[1minfo     [0m] [1mCompleted checkpoint inference checkpoint='checkpoint_2'[0m
[2m2026-07-14 15:01:59[0m [[32m[1minfo     [0m] [1mSaving agent checkpoint info compress_artifacts=False output_path=PosixPath('/outputs/textdrop/checkpoint_2')[0m
[2m2026-07-14 15:01:59[0m [[32m[1minfo     [0m] [1mStarting checkpoint evaluation checkpoint='checkpoint_2'[0m
[2m2026-07-14 15:01:59[0m [[32m[1minfo     [0m] [1mStarting pytest evaluation checkpoint='checkpoint_2' environment='local' problem='textdrop' submission_path='/outputs/textdrop/checkpoint_2/snapshot'[0m
[2m2026-07-14 15:01:59[0m [[32m[1minfo     [0m] [1mMaterialized static assets for tests assets=['antmill_requirements'] count=1[0m
[2m2026-07-14 15:01:59[0m [[32m[1minfo     [0m] [1mStatic assets materialized asset_count=1 assets=['antmill_requirements'][0m
[2m2026-07-14 15:01:59[0m [[32m[1minfo     [0m] [1mExecuting pytest              [0m
[2m2026-07-14 15:02:27[0m [[32m[1minfo     [0m] [1mPytest execution complete duration=24.72061824798584 exit_code=1[0m
[2m2026-07-14 15:02:27[0m [[32m[1minfo     [0m] [1mParsed CTRF report path='/tmp/tmpwsjqnrye/.scbench/ctrf-report.json' test_count=66[0m
[2m2026-07-14 15:02:27[0m [[32m[1minfo     [0m] [1mPytest evaluation complete checkpoint='checkpoint_2' infrastructure_failure=False problem='textdrop' status_counts={'error': 64, 'failed': 2}[0m
[2m2026-07-14 15:02:27[0m [[32m[1minfo     [0m] [1mCheckpoint finished checkpoint_name='checkpoint_2' had_error=False pass_policy='any' passed_policy=True save_dir='/outputs/textdrop/checkpoint_2'[0m
[2m2026-07-14 15:02:27[0m [[32m[1minfo     [0m] [1mRunning checkpoint checkpoint='checkpoint_3' index=3 total=4[0m
[2m2026-07-14 15:02:27[0m [[32m[1minfo     [0m] [1mResetting agent context for the checkpoint checkpoint='checkpoint_3'[0m
[2m2026-07-14 15:02:27[0m [[32m[1minfo     [0m] [1mRunning inference for checkpoint checkpoint='checkpoint_3'[0m
[2m2026-07-14 15:02:27[0m [[32m[1minfo     [0m] [1mRunning checkpoint task with inference mode checkpoint='checkpoint_3'[0m
[2m2026-07-14 15:02:32[0m [[32m[1minfo     [0m] [1mFinished a step               [0m [36mcost[0m=[35m0.0[0m [36mgenerated_tokens[0m=[35m140[0m [36minput_tokens[0m=[35m2110[0m [36mreasoning_tokens[0m=[35m21[0m [36mstep[0m=[35m1[0m [36mtotal_tokens[0m=[35m2250[0m
[2m2026-07-14 15:02:34[0m [[32m[1minfo     [0m] [1mFinished a step               [0m [36mcost[0m=[35m0.0[0m [36mgenerated_tokens[0m=[35m31[0m [36minput_tokens[0m=[35m2262[0m [36mreasoning_tokens[0m=[35m41[0m [36mstep[0m=[35m2[0m [36mtotal_tokens[0m=[35m2293[0m
[2m2026-07-14 15:02:40[0m [[32m[1minfo     [0m] [1mFinished a step               [0m [36mcost[0m=[35m0.0[0m [36mgenerated_tokens[0m=[35m163[0m [36minput_tokens[0m=[35m4455[0m [36mreasoning_tokens[0m=[35m194[0m [36mstep[0m=[35m3[0m [36mtotal_tokens[0m=[35m4618[0m
[2m2026-07-14 15:02:48[0m [[32m[1minfo     [0m] [1mFinished a step               [0m [36mcost[0m=[35m0.0[0m [36mgenerated_tokens[0m=[35m208[0m [36minput_tokens[0m=[35m4492[0m [36mreasoning_tokens[0m=[35m390[0m [36mstep[0m=[35m4[0m [36mtotal_tokens[0m=[35m4700[0m
