Starting Slop Code CLI
	Seed: 42
	Verbose: 0
--------------------------------
Running inference on problem: file_merger
Using provider API key env override: MODELARTS_MAAS_KEY
[2m2026-07-14 14:49:24[0m [[32m[1minfo     [0m] [1mStarting agent run problem='file_merger'[0m
[2m2026-07-14 14:49:24[0m [[32m[1minfo     [0m] [1mSetting up agent run output_path=PosixPath('/outputs/file_merger') problem='file_merger' resuming=False[0m
[2m2026-07-14 14:49:24[0m [[32m[1minfo     [0m] [1mStarting problem run checkpoints=4 problem='file_merger' skipping=0[0m
[2m2026-07-14 14:49:24[0m [[32m[1minfo     [0m] [1mRunning checkpoint checkpoint='checkpoint_1' index=1 total=4[0m
[2m2026-07-14 14:49:24[0m [[32m[1minfo     [0m] [1mStarting agent for the first checkpoint checkpoint='checkpoint_1'[0m
[2m2026-07-14 14:49:54[0m [[32m[1minfo     [0m] [1mSaved agent artifacts after checkpoint error artifacts_path='/outputs/file_merger/checkpoint_1/agent' checkpoint='checkpoint_1'[0m
[2m2026-07-14 14:49:54[0m [[31m[1merror    [0m] [1mError running problem error_message="Command 'uv pip install --python /opt/scbench/.venv/bin/python -r requirements.txt' timed out after 30 seconds" error_type='TimeoutExpired' problem='file_merger' traceback='Traceback (most recent call last):\n  File "/opt/scbench/src/slop_code/agent_runner/runner.py", line 626, in run\n    self.results = self._run_problem()\n                   ^^^^^^^^^^^^^^^^^^^\n  File "/opt/scbench/src/slop_code/agent_runner/runner.py", line 1068, in _run_problem\n    summary = self._run_checkpoint(\n              ^^^^^^^^^^^^^^^^^^^^^\n  File "/opt/scbench/src/slop_code/agent_runner/runner.py", line 726, in _run_checkpoint\n    self._setup_for_checkpoint(checkpoint)\n  File "/opt/scbench/src/slop_code/agent_runner/runner.py", line 655, in _setup_for_checkpoint\n    self.agent.setup(session=self.session)\n  File "/opt/scbench/src/slop_code/agent_runner/agents/miniswe.py", line 583, in setup\n    self._env.execute(command)\n  File "/opt/scbench/.venv/lib/python3.12/site-packages/minisweagent/environments/local.py", line 23, in execute\n    result = subprocess.run(\n             ^^^^^^^^^^^^^^^\n  File "/usr/local/lib/python3.12/subprocess.py", line 550, in run\n    stdout, stderr = process.communicate(input, timeout=timeout)\n                     ^^^^^^^^^^^^^^^^^^^^^^^^^^^^^^^^^^^^^^^^^^^\n  File "/usr/local/lib/python3.12/subprocess.py", line 1209, in communicate\n    stdout, stderr = self._communicate(input, endtime, timeout)\n                     ^^^^^^^^^^^^^^^^^^^^^^^^^^^^^^^^^^^^^^^^^^\n  File "/usr/local/lib/python3.12/subprocess.py", line 2116, in _communicate\n    self._check_timeout(endtime, orig_timeout, stdout, stderr)\n  File "/usr/local/lib/python3.12/subprocess.py", line 1253, in _check_timeout\n    raise TimeoutExpired(\nsubprocess.TimeoutExpired: Command \'uv pip install --python /opt/scbench/.venv/bin/python -r requirements.txt\' timed out after 30 seconds\n'[0m
Traceback (most recent call last):
  File "/opt/scbench/src/slop_code/agent_runner/runner.py", line 626, in run
    self.results = self._run_problem()
                   ^^^^^^^^^^^^^^^^^^^
  File "/opt/scbench/src/slop_code/agent_runner/runner.py", line 1068, in _run_problem
    summary = self._run_checkpoint(
              ^^^^^^^^^^^^^^^^^^^^^
  File "/opt/scbench/src/slop_code/agent_runner/runner.py", line 726, in _run_checkpoint
    self._setup_for_checkpoint(checkpoint)
  File "/opt/scbench/src/slop_code/agent_runner/runner.py", line 655, in _setup_for_checkpoint
    self.agent.setup(session=self.session)
  File "/opt/scbench/src/slop_code/agent_runner/agents/miniswe.py", line 583, in setup
    self._env.execute(command)
  File "/opt/scbench/.venv/lib/python3.12/site-packages/minisweagent/environments/local.py", line 23, in execute
    result = subprocess.run(
             ^^^^^^^^^^^^^^^
  File "/usr/local/lib/python3.12/subprocess.py", line 550, in run
    stdout, stderr = process.communicate(input, timeout=timeout)
                     ^^^^^^^^^^^^^^^^^^^^^^^^^^^^^^^^^^^^^^^^^^^
  File "/usr/local/lib/python3.12/subprocess.py", line 1209, in communicate
    stdout, stderr = self._communicate(input, endtime, timeout)
                     ^^^^^^^^^^^^^^^^^^^^^^^^^^^^^^^^^^^^^^^^^^
  File "/usr/local/lib/python3.12/subprocess.py", line 2116, in _communicate
    self._check_timeout(endtime, orig_timeout, stdout, stderr)
  File "/usr/local/lib/python3.12/subprocess.py", line 1253, in _check_timeout
    raise TimeoutExpired(
subprocess.TimeoutExpired: Command 'uv pip install --python /opt/scbench/.venv/bin/python -r requirements.txt' timed out after 30 seconds
[2m2026-07-14 14:49:54[0m [[32m[1minfo     [0m] [1mSaving run info checkpoints=0 output_path=PosixPath('/outputs/file_merger') problem='file_merger'[0m
[2m2026-07-14 14:49:54[0m [[32m[1minfo     [0m] [1mRun info saved successfully passed_policy=False problem='file_merger' total_cost=0.0[0m
[2m2026-07-14 14:49:54[0m [[32m[1minfo     [0m] [1mAgent run finished final_state='error' passed=False problem='file_merger'[0m
