Starting Slop Code CLI
	Seed: 42
	Verbose: 0
--------------------------------
Running inference on problem: execution_server
Using provider API key env override: MODELARTS_MAAS_KEY
[2m2026-07-14 13:19:15[0m [[32m[1minfo     [0m] [1mStarting agent run problem='execution_server'[0m
[2m2026-07-14 13:19:15[0m [[32m[1minfo     [0m] [1mSetting up agent run output_path=PosixPath('/outputs/execution_server') problem='execution_server' resuming=False[0m
[2m2026-07-14 13:19:15[0m [[32m[1minfo     [0m] [1mStarting problem run checkpoints=1 problem='execution_server' skipping=0[0m
[2m2026-07-14 13:19:15[0m [[32m[1minfo     [0m] [1mRunning checkpoint checkpoint='checkpoint_1' index=1 total=1[0m
[2m2026-07-14 13:19:15[0m [[32m[1minfo     [0m] [1mStarting agent for the first checkpoint checkpoint='checkpoint_1'[0m
[2m2026-07-14 13:19:15[0m [[32m[1minfo     [0m] [1mRunning inference for checkpoint checkpoint='checkpoint_1'[0m
[2m2026-07-14 13:19:15[0m [[32m[1minfo     [0m] [1mRunning checkpoint task with inference mode checkpoint='checkpoint_1'[0m
[2m2026-07-14 13:19:18[0m [[32m[1minfo     [0m] [1mFinished a step               [0m [36mcost[0m=[35m0.0[0m [36mgenerated_tokens[0m=[35m28[0m [36minput_tokens[0m=[35m1971[0m [36mreasoning_tokens[0m=[35m0[0m [36mstep[0m=[35m1[0m [36mtotal_tokens[0m=[35m1999[0m
[2m2026-07-14 13:19:20[0m [[32m[1minfo     [0m] [1mFinished a step               [0m [36mcost[0m=[35m0.0[0m [36mgenerated_tokens[0m=[35m27[0m [36minput_tokens[0m=[35m2089[0m [36mreasoning_tokens[0m=[35m0[0m [36mstep[0m=[35m2[0m [36mtotal_tokens[0m=[35m2116[0m
[2m2026-07-14 13:20:09[0m [[32m[1minfo     [0m] [1mFinished a step               [0m [36mcost[0m=[35m0.0[0m [36mgenerated_tokens[0m=[35m1390[0m [36minput_tokens[0m=[35m2229[0m [36mreasoning_tokens[0m=[35m0[0m [36mstep[0m=[35m3[0m [36mtotal_tokens[0m=[35m3619[0m
[2m2026-07-14 13:20:12[0m [[32m[1minfo     [0m] [1mFinished a step               [0m [36mcost[0m=[35m0.0[0m [36mgenerated_tokens[0m=[35m36[0m [36minput_tokens[0m=[35m3643[0m [36mreasoning_tokens[0m=[35m0[0m [36mstep[0m=[35m4[0m [36mtotal_tokens[0m=[35m3679[0m
[2m2026-07-14 13:20:18[0m [[32m[1minfo     [0m] [1mFinished a step               [0m [36mcost[0m=[35m0.0[0m [36mgenerated_tokens[0m=[35m97[0m [36minput_tokens[0m=[35m3963[0m [36mreasoning_tokens[0m=[35m0[0m [36mstep[0m=[35m5[0m [36mtotal_tokens[0m=[35m4060[0m
[2m2026-07-14 13:20:35[0m [[32m[1minfo     [0m] [1mFinished a step               [0m [36mcost[0m=[35m0.0[0m [36mgenerated_tokens[0m=[35m303[0m [36minput_tokens[0m=[35m4192[0m [36mreasoning_tokens[0m=[35m0[0m [36mstep[0m=[35m6[0m [36mtotal_tokens[0m=[35m4495[0m
[2m2026-07-14 13:20:58[0m [[32m[1minfo     [0m] [1mFinished a step               [0m [36mcost[0m=[35m0.0[0m [36mgenerated_tokens[0m=[35m454[0m [36minput_tokens[0m=[35m5021[0m [36mreasoning_tokens[0m=[35m0[0m [36mstep[0m=[35m7[0m [36mtotal_tokens[0m=[35m5475[0m
[2m2026-07-14 13:21:12[0m [[32m[1minfo     [0m] [1mFinished a step               [0m [36mcost[0m=[35m0.0[0m [36mgenerated_tokens[0m=[35m316[0m [36minput_tokens[0m=[35m6035[0m [36mreasoning_tokens[0m=[35m0[0m [36mstep[0m=[35m8[0m [36mtotal_tokens[0m=[35m6351[0m
[2m2026-07-14 13:21:22[0m [[32m[1minfo     [0m] [1mFinished a step               [0m [36mcost[0m=[35m0.0[0m [36mgenerated_tokens[0m=[35m184[0m [36minput_tokens[0m=[35m6731[0m [36mreasoning_tokens[0m=[35m0[0m [36mstep[0m=[35m9[0m [36mtotal_tokens[0m=[35m6915[0m
[2m2026-07-14 13:22:15[0m [[32m[1minfo     [0m] [1mFinished a step               [0m [36mcost[0m=[35m0.0[0m [36mgenerated_tokens[0m=[35m1540[0m [36minput_tokens[0m=[35m7254[0m [36mreasoning_tokens[0m=[35m0[0m [36mstep[0m=[35m10[0m [36mtotal_tokens[0m=[35m8794[0m
[2m2026-07-14 13:22:27[0m [[32m[1minfo     [0m] [1mFinished a step               [0m [36mcost[0m=[35m0.0[0m [36mgenerated_tokens[0m=[35m237[0m [36minput_tokens[0m=[35m8818[0m [36mreasoning_tokens[0m=[35m0[0m [36mstep[0m=[35m11[0m [36mtotal_tokens[0m=[35m9055[0m
[2m2026-07-14 13:22:46[0m [[32m[1minfo     [0m] [1mFinished a step               [0m [36mcost[0m=[35m0.0[0m [36mgenerated_tokens[0m=[35m383[0m [36minput_tokens[0m=[35m9484[0m [36mreasoning_tokens[0m=[35m0[0m [36mstep[0m=[35m12[0m [36mtotal_tokens[0m=[35m9867[0m
[2m2026-07-14 13:23:04[0m [[32m[1minfo     [0m] [1mFinished a step               [0m [36mcost[0m=[35m0.0[0m [36mgenerated_tokens[0m=[35m331[0m [36minput_tokens[0m=[35m10501[0m [36mreasoning_tokens[0m=[35m0[0m [36mstep[0m=[35m13[0m [36mtotal_tokens[0m=[35m10832[0m
[2m2026-07-14 13:23:10[0m [[32m[1minfo     [0m] [1mFinished a step               [0m [36mcost[0m=[35m0.0[0m [36mgenerated_tokens[0m=[35m113[0m [36minput_tokens[0m=[35m11237[0m [36mreasoning_tokens[0m=[35m0[0m [36mstep[0m=[35m14[0m [36mtotal_tokens[0m=[35m11350[0m
[2m2026-07-14 13:23:36[0m [[32m[1minfo     [0m] [1mFinished a step               [0m [36mcost[0m=[35m0.0[0m [36mgenerated_tokens[0m=[35m647[0m [36minput_tokens[0m=[35m12794[0m [36mreasoning_tokens[0m=[35m0[0m [36mstep[0m=[35m15[0m [36mtotal_tokens[0m=[35m13441[0m
[2m2026-07-14 13:24:03[0m [[32m[1minfo     [0m] [1mFinished a step               [0m [36mcost[0m=[35m0.0[0m [36mgenerated_tokens[0m=[35m631[0m [36minput_tokens[0m=[35m13602[0m [36mreasoning_tokens[0m=[35m0[0m [36mstep[0m=[35m16[0m [36mtotal_tokens[0m=[35m14233[0m
[2m2026-07-14 13:24:06[0m [[32m[1minfo     [0m] [1mFinished a step               [0m [36mcost[0m=[35m0.0[0m [36mgenerated_tokens[0m=[35m40[0m [36minput_tokens[0m=[35m14530[0m [36mreasoning_tokens[0m=[35m0[0m [36mstep[0m=[35m17[0m [36mtotal_tokens[0m=[35m14570[0m
[2m2026-07-14 13:24:06[0m [[32m[1minfo     [0m] [1mCompleted checkpoint inference checkpoint='checkpoint_1'[0m
[2m2026-07-14 13:24:06[0m [[32m[1minfo     [0m] [1mSaving agent checkpoint info compress_artifacts=False output_path=PosixPath('/outputs/execution_server/checkpoint_1')[0m
[2m2026-07-14 13:24:06[0m [[32m[1minfo     [0m] [1mStarting checkpoint evaluation checkpoint='checkpoint_1'[0m
[2m2026-07-14 13:24:07[0m [[32m[1minfo     [0m] [1mStarting pytest evaluation checkpoint='checkpoint_1' environment='local' problem='execution_server' submission_path='/outputs/execution_server/checkpoint_1/snapshot'[0m
[2m2026-07-14 13:24:07[0m [[32m[1minfo     [0m] [1mMaterialized static assets for tests assets=['antmill_requirements'] count=1[0m
[2m2026-07-14 13:24:07[0m [[32m[1minfo     [0m] [1mStatic assets materialized asset_count=1 assets=['antmill_requirements'][0m
[2m2026-07-14 13:24:07[0m [[32m[1minfo     [0m] [1mExecuting pytest              [0m
[2m2026-07-14 13:24:28[0m [[32m[1minfo     [0m] [1mPytest execution complete duration=13.700877904891968 exit_code=1[0m
[2m2026-07-14 13:24:28[0m [[32m[1minfo     [0m] [1mParsed CTRF report path='/tmp/tmpespht423/.scbench/ctrf-report.json' test_count=45[0m
[2m2026-07-14 13:24:28[0m [[32m[1minfo     [0m] [1mPytest evaluation complete checkpoint='checkpoint_1' infrastructure_failure=False problem='execution_server' status_counts={'passed': 43, 'failed': 2}[0m
[2m2026-07-14 13:24:29[0m [[32m[1minfo     [0m] [1mCheckpoint finished checkpoint_name='checkpoint_1' had_error=False pass_policy='any' passed_policy=True save_dir='/outputs/execution_server/checkpoint_1'[0m
[2m2026-07-14 13:24:29[0m [[32m[1minfo     [0m] [1mAll checkpoints completed successfully problem='execution_server'[0m
[2m2026-07-14 13:24:29[0m [[32m[1minfo     [0m] [1mSaving run info checkpoints=1 output_path=PosixPath('/outputs/execution_server') problem='execution_server'[0m
[2m2026-07-14 13:24:29[0m [[32m[1minfo     [0m] [1mRun info saved successfully passed_policy=True problem='execution_server' total_cost=0.0[0m
[2m2026-07-14 13:24:29[0m [[32m[1minfo     [0m] [1mAgent run finished final_state='completed' passed=True problem='execution_server'[0m
[2m2026-07-14 13:24:29[0m [[32m[1minfo     [0m] [1mProblem run completed problem='execution_server'[0m
