This is pdfTeX, Version 3.141592653-2.6-1.40.29 (TeX Live 2026) (preloaded format=pdflatex)
 restricted \write18 enabled.
entering extended mode
(./antmill_aaai27_en.tex
LaTeX2e <2025-11-01>
L3 programming layer <2026-03-20>
(d:/texlive/2026/texmf-dist/tex/latex/base/article.cls
Document Class: article 2025/01/22 v1.4n Standard LaTeX document class
(d:/texlive/2026/texmf-dist/tex/latex/base/size10.clo)) (./aaai2027.sty
Conference Style for AAAI for LaTeX 2e
(d:/texlive/2026/texmf-dist/tex/generic/iftex/iftex.sty)
(d:/texlive/2026/texmf-dist/tex/latex/base/fontenc.sty)
(d:/texlive/2026/texmf-dist/tex/latex/newtx/newtxtext.sty
`newtxtext' v1.744, 2024/04/01 Text macros taking advantage of TeXGyre Termes a
nd its extensions (msharpe)
(d:/texlive/2026/texmf-dist/tex/latex/xpatch/xpatch.sty
(d:/texlive/2026/texmf-dist/tex/latex/l3kernel/expl3.sty
(d:/texlive/2026/texmf-dist/tex/latex/l3backend/l3backend-pdftex.def))
(d:/texlive/2026/texmf-dist/tex/latex/l3packages/xparse/xparse.sty)
(d:/texlive/2026/texmf-dist/tex/latex/etoolbox/etoolbox.sty))
(d:/texlive/2026/texmf-dist/tex/latex/xcolor/xcolor.sty
(d:/texlive/2026/texmf-dist/tex/latex/graphics-cfg/color.cfg)
(d:/texlive/2026/texmf-dist/tex/latex/graphics-def/pdftex.def)
(d:/texlive/2026/texmf-dist/tex/latex/graphics/mathcolor.ltx))
(d:/texlive/2026/texmf-dist/tex/latex/xkeyval/xkeyval.sty
(d:/texlive/2026/texmf-dist/tex/generic/xkeyval/xkeyval.tex
(d:/texlive/2026/texmf-dist/tex/generic/xkeyval/xkvutils.tex
(d:/texlive/2026/texmf-dist/tex/generic/xkeyval/keyval.tex))))
(d:/texlive/2026/texmf-dist/tex/latex/base/textcomp.sty)
(d:/texlive/2026/texmf-dist/tex/generic/xstring/xstring.sty
(d:/texlive/2026/texmf-dist/tex/generic/xstring/xstring.tex))
(d:/texlive/2026/texmf-dist/tex/latex/base/ifthen.sty)
(d:/texlive/2026/texmf-dist/tex/latex/carlisle/scalefnt.sty)
(d:/texlive/2026/texmf-dist/tex/generic/kastrup/binhex.tex)
(d:/texlive/2026/texmf-dist/tex/latex/fontaxes/fontaxes.sty
(d:/texlive/2026/texmf-dist/tex/latex/figureversions/figureversions.sty)))
(d:/texlive/2026/texmf-dist/tex/latex/psnfss/helvet.sty)
(d:/texlive/2026/texmf-dist/tex/latex/psnfss/courier.sty)
(d:/texlive/2026/texmf-dist/tex/latex/placeins/placeins.sty))
(d:/texlive/2026/texmf-dist/tex/latex/url/url.sty)
(d:/texlive/2026/texmf-dist/tex/latex/graphics/graphicx.sty
(d:/texlive/2026/texmf-dist/tex/latex/graphics/graphics.sty
(d:/texlive/2026/texmf-dist/tex/latex/graphics/trig.sty)
(d:/texlive/2026/texmf-dist/tex/latex/graphics-cfg/graphics.cfg)))
(d:/texlive/2026/texmf-dist/tex/latex/natbib/natbib.sty)
(d:/texlive/2026/texmf-dist/tex/latex/caption/caption.sty
(d:/texlive/2026/texmf-dist/tex/latex/caption/caption3.sty))
(d:/texlive/2026/texmf-dist/tex/latex/booktabs/booktabs.sty)
(d:/texlive/2026/texmf-dist/tex/latex/amsmath/amsmath.sty
For additional information on amsmath, use the `?' option.
(d:/texlive/2026/texmf-dist/tex/latex/amsmath/amstext.sty
(d:/texlive/2026/texmf-dist/tex/latex/amsmath/amsgen.sty))
(d:/texlive/2026/texmf-dist/tex/latex/amsmath/amsbsy.sty)
(d:/texlive/2026/texmf-dist/tex/latex/amsmath/amsopn.sty))
(d:/texlive/2026/texmf-dist/tex/latex/newtx/t1ntxtlf.fd)
(./antmill_aaai27_en.aux)
(d:/texlive/2026/texmf-dist/tex/context/base/mkii/supp-pdf.mkii
[Loading MPS to PDF converter (version 2006.09.02).]
) (d:/texlive/2026/texmf-dist/tex/latex/epstopdf-pkg/epstopdf-base.sty
(d:/texlive/2026/texmf-dist/tex/generic/infwarerr/infwarerr.sty)
(d:/texlive/2026/texmf-dist/tex/latex/grfext/grfext.sty
(d:/texlive/2026/texmf-dist/tex/generic/kvdefinekeys/kvdefinekeys.sty))
(d:/texlive/2026/texmf-dist/tex/latex/kvoptions/kvoptions.sty
(d:/texlive/2026/texmf-dist/tex/generic/ltxcmds/ltxcmds.sty)
(d:/texlive/2026/texmf-dist/tex/latex/kvsetkeys/kvsetkeys.sty))
(d:/texlive/2026/texmf-dist/tex/generic/pdftexcmds/pdftexcmds.sty)
(d:/texlive/2026/texmf-dist/tex/latex/latexconfig/epstopdf-sys.cfg))

Package natbib Warning: Citation `zhao2024expel' on page 1 undefined on input l
ine 66.


Package natbib Warning: Citation `shinn2023reflexion' on page 1 undefined on in
put line 67.


Package natbib Warning: Citation `qian2024colearning' on page 1 undefined on in
put line 68.


Package natbib Warning: Citation `liu2025mael' on page 1 undefined on input lin
e 69.


LaTeX Warning: Reference `fig:fig1' on page 1 undefined on input line 85.


LaTeX Warning: Reference `tab:components' on page 1 undefined on input line 86.


(d:/texlive/2026/texmf-dist/tex/latex/newtx/ts1ntxtlf.fd)
! I can't write on file `antmill_aaai27_en.pdf'.
(Press Enter to retry, or Control-Z to exit; default file extension is `.pdf')
Please type another file name for output
! Emergency stop.
<argument> ...shipout:D \box_use:N \l_shipout_box 
                                                  \__shipout_drop_firstpage_...
l.102 \item \textbf
                   {Intervention boundaries.} Two preregistered archive-resc...

!  ==> Fatal error occurred, no output PDF file produced!
Transcript written on antmill_aaai27_en.log.
