This is pdfTeX, Version 3.141592653-2.6-1.40.29 (TeX Live 2026) (preloaded format=pdflatex 2026.4.28)  16 JUL 2026 01:53
entering extended mode
 restricted \write18 enabled.
 %&-line parsing enabled.
**antmill_aaai27_supp.tex
(./antmill_aaai27_supp.tex
LaTeX2e <2025-11-01>
L3 programming layer <2026-03-20>
(d:/texlive/2026/texmf-dist/tex/latex/base/article.cls
Document Class: article 2025/01/22 v1.4n Standard LaTeX document class
(d:/texlive/2026/texmf-dist/tex/latex/base/size10.clo
File: size10.clo 2025/01/22 v1.4n Standard LaTeX file (size option)
)
\c@part=\count275
\c@section=\count276
\c@subsection=\count277
\c@subsubsection=\count278
\c@paragraph=\count279
\c@subparagraph=\count280
\c@figure=\count281
\c@table=\count282
\abovecaptionskip=\skip49
\belowcaptionskip=\skip50
\bibindent=\dimen150
) (./aaai2027.sty
Package: aaai2027 2027/05/04 AAAI 2027 Submission format

Conference Style for AAAI for LaTeX 2e
(d:/texlive/2026/texmf-dist/tex/generic/iftex/iftex.sty
Package: iftex 2024/12/12 v1.0g TeX engine tests
)
(d:/texlive/2026/texmf-dist/tex/latex/base/fontenc.sty
Package: fontenc 2025/07/18 v2.1d Standard LaTeX package
)
(d:/texlive/2026/texmf-dist/tex/latex/newtx/newtxtext.sty
Package: newtxtext 2024/04/01 v1.744(Michael Sharpe) latex and unicode latex su
pport for TeXGyreTermesX

`newtxtext' v1.744, 2024/04/01 Text macros taking advantage of TeXGyre Termes a
nd its extensions (msharpe)
(d:/texlive/2026/texmf-dist/tex/latex/xpatch/xpatch.sty
(d:/texlive/2026/texmf-dist/tex/latex/l3kernel/expl3.sty
Package: expl3 2026-03-20 L3 programming layer (loader) 

(d:/texlive/2026/texmf-dist/tex/latex/l3backend/l3backend-pdftex.def
File: l3backend-pdftex.def 2026-02-18 L3 backend support: PDF output (pdfTeX)
\l__color_backend_stack_int=\count283
))
Package: xpatch 2020/03/25 v0.3a Extending etoolbox patching commands

(d:/texlive/2026/texmf-dist/tex/latex/l3packages/xparse/xparse.sty
Package: xparse 2025-10-09 L3 Experimental document command parser
)
(d:/texlive/2026/texmf-dist/tex/latex/etoolbox/etoolbox.sty
Package: etoolbox 2025/10/02 v2.5m e-TeX tools for LaTeX (JAW)
\etb@tempcnta=\count284
))
(d:/texlive/2026/texmf-dist/tex/latex/xcolor/xcolor.sty
Package: xcolor 2024/09/29 v3.02 LaTeX color extensions (UK)

(d:/texlive/2026/texmf-dist/tex/latex/graphics-cfg/color.cfg
File: color.cfg 2016/01/02 v1.6 sample color configuration
)
Package xcolor Info: Driver file: pdftex.def on input line 274.

(d:/texlive/2026/texmf-dist/tex/latex/graphics-def/pdftex.def
File: pdftex.def 2025/09/29 v1.2d Graphics/color driver for pdftex
)
(d:/texlive/2026/texmf-dist/tex/latex/graphics/mathcolor.ltx)
Package xcolor Info: Model `cmy' substituted by `cmy0' on input line 1349.
Package xcolor Info: Model `hsb' substituted by `rgb' on input line 1353.
Package xcolor Info: Model `RGB' extended on input line 1365.
Package xcolor Info: Model `HTML' substituted by `rgb' on input line 1367.
Package xcolor Info: Model `Hsb' substituted by `hsb' on input line 1368.
Package xcolor Info: Model `tHsb' substituted by `hsb' on input line 1369.
Package xcolor Info: Model `HSB' substituted by `hsb' on input line 1370.
Package xcolor Info: Model `Gray' substituted by `gray' on input line 1371.
Package xcolor Info: Model `wave' substituted by `hsb' on input line 1372.
)
(d:/texlive/2026/texmf-dist/tex/latex/xkeyval/xkeyval.sty
Package: xkeyval 2025/11/04 v2.10 package option processing (HA)

(d:/texlive/2026/texmf-dist/tex/generic/xkeyval/xkeyval.tex
(d:/texlive/2026/texmf-dist/tex/generic/xkeyval/xkvutils.tex
\XKV@toks=\toks17
\XKV@tempa@toks=\toks18
\XKV@tempb@toks=\toks19

(d:/texlive/2026/texmf-dist/tex/generic/xkeyval/keyval.tex))
\XKV@depth=\count285
File: xkeyval.tex 2014/12/03 v2.7a key=value parser (HA)
))
(d:/texlive/2026/texmf-dist/tex/latex/base/textcomp.sty
Package: textcomp 2024/04/24 v2.1b Standard LaTeX package
)
(d:/texlive/2026/texmf-dist/tex/generic/xstring/xstring.sty
(d:/texlive/2026/texmf-dist/tex/generic/xstring/xstring.tex
\xs_counta=\count286
\xs_countb=\count287
)
Package: xstring 2023/08/22 v1.86 String manipulations (CT)
)
(d:/texlive/2026/texmf-dist/tex/latex/base/ifthen.sty
Package: ifthen 2024/03/16 v1.1e Standard LaTeX ifthen package (DPC)
)
(d:/texlive/2026/texmf-dist/tex/latex/carlisle/scalefnt.sty)
LaTeX Font Info:    Setting ntxLF sub-encoding to TS1/0 on input line 24.
LaTeX Font Info:    Setting ntxTLF sub-encoding to TS1/0 on input line 24.
LaTeX Font Info:    Setting ntxOsF sub-encoding to TS1/0 on input line 24.
LaTeX Font Info:    Setting ntxTOsF sub-encoding to TS1/0 on input line 24.

(d:/texlive/2026/texmf-dist/tex/generic/kastrup/binhex.tex)
\ntx@tmpcnta=\count288
\ntx@cnt=\count289

(d:/texlive/2026/texmf-dist/tex/latex/fontaxes/fontaxes.sty
Package: fontaxes 2026-01-02 v2.0.2 Font selection axes (deprecated)
Applying: [2024-11-01] Use figureversions if present on input line 74.

(d:/texlive/2026/texmf-dist/tex/latex/figureversions/figureversions.sty
Package: figureversions 2025-04-29 v1.0.1 Figure versions
)
Already applied: [0000-00-00] Fall back to v1 on input line 76.
)
\tx@sixem=\dimen151
\tx@y=\dimen152
\tx@x=\dimen153
\tx@tmpdima=\dimen154
\tx@tmpdimb=\dimen155
\tx@tmpdimc=\dimen156
\tx@tmpdimd=\dimen157
\tx@tmpdime=\dimen158
\tx@tmpdimf=\dimen159
\tx@dimA=\dimen160
\tx@dimAA=\dimen161
\tx@dimB=\dimen162
\tx@dimBB=\dimen163
\tx@dimC=\dimen164
LaTeX Info: Redefining \oldstylenums on input line 902.
)
(d:/texlive/2026/texmf-dist/tex/latex/psnfss/helvet.sty
Package: helvet 2020/03/25 PSNFSS-v9.3 (WaS) 
)
(d:/texlive/2026/texmf-dist/tex/latex/psnfss/courier.sty
Package: courier 2020/03/25 PSNFSS-v9.3 (WaS) 
)
(d:/texlive/2026/texmf-dist/tex/latex/placeins/placeins.sty
Package: placeins 2005/04/18  v 2.2
)
\titlebox=\skip51
\aaai@thanksins=\insert252
\aaai@copyrightins=\insert251
)
(d:/texlive/2026/texmf-dist/tex/latex/url/url.sty
\Urlmuskip=\muskip17
Package: url 2013/09/16  ver 3.4  Verb mode for urls, etc.
)
(d:/texlive/2026/texmf-dist/tex/latex/graphics/graphicx.sty
Package: graphicx 2024/12/31 v1.2e Enhanced LaTeX Graphics (DPC,SPQR)

(d:/texlive/2026/texmf-dist/tex/latex/graphics/graphics.sty
Package: graphics 2024/08/06 v1.4g Standard LaTeX Graphics (DPC,SPQR)

(d:/texlive/2026/texmf-dist/tex/latex/graphics/trig.sty
Package: trig 2023/12/02 v1.11 sin cos tan (DPC)
)
(d:/texlive/2026/texmf-dist/tex/latex/graphics-cfg/graphics.cfg
File: graphics.cfg 2016/06/04 v1.11 sample graphics configuration
)
Package graphics Info: Driver file: pdftex.def on input line 106.
)
\Gin@req@height=\dimen165
\Gin@req@width=\dimen166
)
(d:/texlive/2026/texmf-dist/tex/latex/caption/caption.sty
Package: caption 2023/08/05 v3.6o Customizing captions (AR)

(d:/texlive/2026/texmf-dist/tex/latex/caption/caption3.sty
Package: caption3 2023/07/31 v2.4d caption3 kernel (AR)
\caption@tempdima=\dimen167
\captionmargin=\dimen168
\caption@leftmargin=\dimen169
\caption@rightmargin=\dimen170
\caption@width=\dimen171
\caption@indent=\dimen172
\caption@parindent=\dimen173
\caption@hangindent=\dimen174
Package caption Info: Standard document class detected.
)
\c@caption@flags=\count290
\c@continuedfloat=\count291
)
(d:/texlive/2026/texmf-dist/tex/latex/booktabs/booktabs.sty
Package: booktabs 2020/01/12 v1.61803398 Publication quality tables
\heavyrulewidth=\dimen175
\lightrulewidth=\dimen176
\cmidrulewidth=\dimen177
\belowrulesep=\dimen178
\belowbottomsep=\dimen179
\aboverulesep=\dimen180
\abovetopsep=\dimen181
\cmidrulesep=\dimen182
\cmidrulekern=\dimen183
\defaultaddspace=\dimen184
\@cmidla=\count292
\@cmidlb=\count293
\@aboverulesep=\dimen185
\@belowrulesep=\dimen186
\@thisruleclass=\count294
\@lastruleclass=\count295
\@thisrulewidth=\dimen187
)
(d:/texlive/2026/texmf-dist/tex/latex/amsmath/amsmath.sty
Package: amsmath 2025/07/09 v2.17z AMS math features
\@mathmargin=\skip52

For additional information on amsmath, use the `?' option.
(d:/texlive/2026/texmf-dist/tex/latex/amsmath/amstext.sty
Package: amstext 2024/11/17 v2.01 AMS text

(d:/texlive/2026/texmf-dist/tex/latex/amsmath/amsgen.sty
File: amsgen.sty 1999/11/30 v2.0 generic functions
\@emptytoks=\toks20
\ex@=\dimen188
))
(d:/texlive/2026/texmf-dist/tex/latex/amsmath/amsbsy.sty
Package: amsbsy 1999/11/29 v1.2d Bold Symbols
\pmbraise@=\dimen189
)
(d:/texlive/2026/texmf-dist/tex/latex/amsmath/amsopn.sty
Package: amsopn 2022/04/08 v2.04 operator names
)
\inf@bad=\count296
LaTeX Info: Redefining \frac on input line 233.
\uproot@=\count297
\leftroot@=\count298
LaTeX Info: Redefining \overline on input line 398.
LaTeX Info: Redefining \colon on input line 409.
\classnum@=\count299
\DOTSCASE@=\count300
LaTeX Info: Redefining \ldots on input line 495.
LaTeX Info: Redefining \dots on input line 498.
LaTeX Info: Redefining \cdots on input line 619.
\Mathstrutbox@=\box53
\strutbox@=\box54
LaTeX Info: Redefining \big on input line 721.
LaTeX Info: Redefining \Big on input line 722.
LaTeX Info: Redefining \bigg on input line 723.
LaTeX Info: Redefining \Bigg on input line 724.
\big@size=\dimen190
LaTeX Font Info:    Redeclaring font encoding OML on input line 742.
LaTeX Font Info:    Redeclaring font encoding OMS on input line 743.
\macc@depth=\count301
LaTeX Info: Redefining \bmod on input line 904.
LaTeX Info: Redefining \pmod on input line 909.
LaTeX Info: Redefining \smash on input line 939.
LaTeX Info: Redefining \relbar on input line 969.
LaTeX Info: Redefining \Relbar on input line 970.
\c@MaxMatrixCols=\count302
\dotsspace@=\muskip18
\c@parentequation=\count303
\dspbrk@lvl=\count304
\tag@help=\toks21
\row@=\count305
\column@=\count306
\maxfields@=\count307
\andhelp@=\toks22
\eqnshift@=\dimen191
\alignsep@=\dimen192
\tagshift@=\dimen193
\tagwidth@=\dimen194
\totwidth@=\dimen195
\lineht@=\dimen196
\@envbody=\toks23
\multlinegap=\skip53
\multlinetaggap=\skip54
\mathdisplay@stack=\toks24
LaTeX Info: Redefining \[ on input line 2950.
LaTeX Info: Redefining \] on input line 2951.
)
(d:/texlive/2026/texmf-dist/tex/latex/tools/array.sty
Package: array 2025/09/25 v2.6n Tabular extension package (FMi)
\col@sep=\dimen197
\ar@mcellbox=\box55
\extrarowheight=\dimen198
\NC@list=\toks25
\extratabsurround=\skip55
\backup@length=\skip56
\ar@cellbox=\box56
)
(d:/texlive/2026/texmf-dist/tex/latex/seqsplit/seqsplit.sty
Package: seqsplit 2006/08/07 v0.1 Splitting long sequences (DNA, RNA, proteins,
 etc.) 
)
LaTeX Font Info:    Trying to load font information for T1+ntxtlf on input line
 25.

(d:/texlive/2026/texmf-dist/tex/latex/newtx/t1ntxtlf.fd
File: t1ntxtlf.fd 2021/05/24 v1.1 font definition file for T1/ntx/tlf
)
LaTeX Font Info:    Font shape `T1/ntxtlf/m/n' will be
(Font)              scaled to size 10.0pt on input line 25.

(./antmill_aaai27_supp.aux)
\openout1 = `antmill_aaai27_supp.aux'.

LaTeX Font Info:    Checking defaults for OML/cmm/m/it on input line 25.
LaTeX Font Info:    ... okay on input line 25.
LaTeX Font Info:    Checking defaults for OMS/cmsy/m/n on input line 25.
LaTeX Font Info:    ... okay on input line 25.
LaTeX Font Info:    Checking defaults for OT1/cmr/m/n on input line 25.
LaTeX Font Info:    ... okay on input line 25.
LaTeX Font Info:    Checking defaults for T1/cmr/m/n on input line 25.
LaTeX Font Info:    ... okay on input line 25.
LaTeX Font Info:    Checking defaults for TS1/cmr/m/n on input line 25.
LaTeX Font Info:    ... okay on input line 25.
LaTeX Font Info:    Checking defaults for OMX/cmex/m/n on input line 25.
LaTeX Font Info:    ... okay on input line 25.
LaTeX Font Info:    Checking defaults for U/cmr/m/n on input line 25.
LaTeX Font Info:    ... okay on input line 25.

(d:/texlive/2026/texmf-dist/tex/context/base/mkii/supp-pdf.mkii
[Loading MPS to PDF converter (version 2006.09.02).]
\scratchcounter=\count308
\scratchdimen=\dimen199
\scratchbox=\box57
\nofMPsegments=\count309
\nofMParguments=\count310
\everyMPshowfont=\toks26
\MPscratchCnt=\count311
\MPscratchDim=\dimen256
\MPnumerator=\count312
\makeMPintoPDFobject=\count313
\everyMPtoPDFconversion=\toks27
) (d:/texlive/2026/texmf-dist/tex/latex/epstopdf-pkg/epstopdf-base.sty
Package: epstopdf-base 2020-01-24 v2.11 Base part for package epstopdf
Package epstopdf-base Info: Redefining graphics rule for `.eps' on input line 4
85.

(d:/texlive/2026/texmf-dist/tex/latex/latexconfig/epstopdf-sys.cfg
File: epstopdf-sys.cfg 2010/07/13 v1.3 Configuration of (r)epstopdf for TeX Liv
e
))
\c@mv@tabular=\count314
\c@mv@boldtabular=\count315
Package caption Info: Begin \AtBeginDocument code.
Package caption Info: End \AtBeginDocument code.
\c@aaai@eqfn=\count316
\c@aaai@corrfn=\count317
\titlearea=\box58
LaTeX Font Info:    Font shape `T1/ntxtlf/m/n' will be
(Font)              scaled to size 14.4pt on input line 26.
LaTeX Font Info:    Font shape `T1/ntxtlf/b/n' will be
(Font)              scaled to size 14.4pt on input line 26.
LaTeX Font Info:    Font shape `T1/ntxtlf/m/n' will be
(Font)              scaled to size 12.0pt on input line 26.
LaTeX Font Info:    Font shape `T1/ntxtlf/b/n' will be
(Font)              scaled to size 12.0pt on input line 26.
\actualheight=\skip57
LaTeX Font Info:    Font shape `T1/ntxtlf/m/n' will be
(Font)              scaled to size 9.0pt on input line 26.
LaTeX Font Info:    Trying to load font information for TS1+ntxtlf on input lin
e 35.

(d:/texlive/2026/texmf-dist/tex/latex/newtx/ts1ntxtlf.fd
File: ts1ntxtlf.fd 2015/01/18 v1.0 fd file for TS1/ntxtlf
)
LaTeX Font Info:    Font shape `TS1/ntxtlf/m/n' will be
(Font)              scaled to size 10.0pt on input line 35.
LaTeX Font Info:    Font shape `T1/ntxtlf/b/n' will be
(Font)              scaled to size 10.0pt on input line 35.
LaTeX Font Info:    Trying to load font information for T1+pcr on input line 36
.

(d:/texlive/2026/texmf-dist/tex/latex/psnfss/t1pcr.fd
File: t1pcr.fd 2001/06/04 font definitions for T1/pcr.
)
Underfull \hbox (badness 2221) in paragraph at lines 41--44
[]\T1/ntxtlf/b/n/10 Prospective context-growth con-trol\T1/ntxtlf/m/n/10 : a fr
esh six-
 []

LaTeX Font Info:    Font shape `T1/ntxtlf/m/n' will be
(Font)              scaled to size 10.95pt on input line 55.
LaTeX Font Info:    Font shape `T1/ntxtlf/b/n' will be
(Font)              scaled to size 10.95pt on input line 55.

Underfull \hbox (badness 6510) in paragraph at lines 77--78
[]|\T1/ntxtlf/m/n/9 12 en-vi-ron-ment ac-tions per
 []

[1{d:/texlive/2026/texmf-var/fonts/map/pdftex/updmap/pdftex.map}{d:/texlive/202
6/texmf-dist/fonts/enc/dvips/newtx/ntx-ec-tlf.enc}



{d:/texlive/2026/texmf-dist/fonts/enc/dvips/tex-gyre/q-ts1.enc}{d:/texlive/2026
/texmf-dist/fonts/enc/dvips/base/8r.enc}]
Underfull \hbox (badness 10000) in paragraph at lines 113--114
[]|\T1/ntxtlf/m/n/9 Compression and task-
 []


Underfull \hbox (badness 10000) in paragraph at lines 124--130
\T1/pcr/m/n/9 Local verifier Core: <passed>/<total>;
 []


Underfull \hbox (badness 10000) in paragraph at lines 124--130
\T1/pcr/m/n/9 <trailing 6,000 characters from the
 []


Underfull \hbox (badness 10000) in paragraph at lines 124--130
\T1/pcr/m/n/9 <UTF-8 source files under the remaining
 []


Underfull \hbox (badness 10000) in paragraph at lines 135--137
[]\T1/pcr/m/n/9 Agent completion report: accepted
 []


Underfull \vbox (badness 10000) has occurred while \output is active []

LaTeX Font Info:    Font shape `T1/ntxtlf/m/it' will be
(Font)              scaled to size 10.0pt on input line 183.
 [2

]
Underfull \vbox (badness 5954) has occurred while \output is active []

 [3]
Underfull \hbox (badness 5802) in paragraph at lines 438--440
[]\T1/ntxtlf/m/n/10 main frozen pro-to-col: $\T1/pcr/m/n/10 benchmarks / scbenc
h /
 []


Underfull \hbox (badness 10000) in paragraph at lines 438--440
\T1/pcr/m/n/10 kimi _ maas _ cfgpipe _ cp1 _ depth12 _ three _
 []


Underfull \hbox (badness 10000) in paragraph at lines 438--440
\T1/pcr/m/n/10 arm _ confirmation _ protocol _ 20260715 .
 []


Underfull \hbox (badness 10000) in paragraph at lines 440--442
[]\T1/ntxtlf/m/n/10 main au-dit: $\T1/pcr/m/n/10 benchmarks / scbench / kimi _
 []


Underfull \hbox (badness 10000) in paragraph at lines 440--442
\T1/pcr/m/n/10 maas _ cfgpipe _ cp1 _ depth12 _ three _ arm _
 []


Underfull \hbox (badness 10000) in paragraph at lines 442--445
[]\T1/ntxtlf/m/n/10 bounded con-fig-u-ra-tion and freeze side-car:
 []


Underfull \hbox (badness 10000) in paragraph at lines 442--445
\T1/pcr/m/n/10 benchmarks / scbench / kimi _ maas _ cfgpipe _
 []


Underfull \hbox (badness 10000) in paragraph at lines 442--445
\T1/pcr/m/n/10 cp1 _ bounded _ context _ depth6 _ config .
 []


Underfull \hbox (badness 1117) in paragraph at lines 442--445
\T1/pcr/m/n/10 json$ \T1/ntxtlf/m/n/10 and $\T1/pcr/m/n/10 benchmarks / scbench
 / kimi _ maas _
 []


Underfull \hbox (badness 10000) in paragraph at lines 442--445
\T1/pcr/m/n/10 cfgpipe _ cp1 _ bounded _ context _ depth6 _
 []


Underfull \hbox (badness 10000) in paragraph at lines 445--448
[]\T1/ntxtlf/m/n/10 experience schema and transfer-mechanism au-
 []


Underfull \hbox (badness 10000) in paragraph at lines 445--448
\T1/ntxtlf/m/n/10 dit: $\T1/pcr/m/n/10 paper _ draft / EXPERIENCE _ ARTIFACT _
 []


Underfull \hbox (badness 10000) in paragraph at lines 445--448
\T1/pcr/m/n/10 SCHEMA _ 20260715 . md$ \T1/ntxtlf/m/n/10 and $\T1/pcr/m/n/10 be
nchmarks /
 []


Underfull \hbox (badness 10000) in paragraph at lines 445--448
\T1/pcr/m/n/10 scbench / scbench _ transfer _ mechanism _
 []


Underfull \hbox (badness 10000) in paragraph at lines 448--452
[]\T1/ntxtlf/m/n/10 prospective mit-i-ga-tion pro-to-col and au-dit:
 []


Underfull \hbox (badness 10000) in paragraph at lines 448--452
\T1/pcr/m/n/10 benchmarks / scbench / kimi _ maas _ cfgpipe _
 []


Underfull \hbox (badness 10000) in paragraph at lines 448--452
\T1/pcr/m/n/10 cp1 _ mitigation _ three _ arm _ protocol _
 []


Underfull \hbox (badness 5217) in paragraph at lines 448--452
\T1/pcr/m/n/10 20260715 . json$ \T1/ntxtlf/m/n/10 and $\T1/pcr/m/n/10 benchmark
s / scbench /
 []


Underfull \hbox (badness 10000) in paragraph at lines 448--452
\T1/pcr/m/n/10 kimi _ maas _ cfgpipe _ cp1 _ mitigation _
 []

[4]
Underfull \hbox (badness 10000) in paragraph at lines 452--456
[]\T1/ntxtlf/m/n/10 prospective second-task con-fig and au-dit:
 []


Underfull \hbox (badness 10000) in paragraph at lines 452--456
\T1/pcr/m/n/10 benchmarks / scbench / kimi _ maas _ log _
 []


Underfull \hbox (badness 10000) in paragraph at lines 452--456
\T1/pcr/m/n/10 query _ cp1 _ three _ arm _ boundary _ depth3 _
 []


Underfull \hbox (badness 10000) in paragraph at lines 452--456
\T1/pcr/m/n/10 config . json$ \T1/ntxtlf/m/n/10 and $\T1/pcr/m/n/10 benchmarks 
/ scbench /
 []


Underfull \hbox (badness 10000) in paragraph at lines 452--456
\T1/pcr/m/n/10 kimi _ maas _ log _ query _ cp1 _ three _ arm _
 []


Underfull \hbox (badness 10000) in paragraph at lines 458--461
[]\T1/ntxtlf/m/n/10 audit out-puts: $\T1/pcr/m/n/10 benchmarks / scbench / kimi
 _
 []


Underfull \hbox (badness 10000) in paragraph at lines 458--461
\T1/pcr/m/n/10 cfgpipe _ lockin _ replication _ audit _
 []


Underfull \hbox (badness 5217) in paragraph at lines 458--461
\T1/pcr/m/n/10 20260715 . json$ \T1/ntxtlf/m/n/10 and $\T1/pcr/m/n/10 benchmark
s / scbench /
 []


Underfull \hbox (badness 10000) in paragraph at lines 458--461
\T1/pcr/m/n/10 kimi _ cfgpipe _ lockin _ replication _
 []


Underfull \hbox (badness 10000) in paragraph at lines 461--463
\T1/pcr/m/n/10 moa _ paper / lockin _ replication _ layers .
 []


Underfull \hbox (badness 4569) in paragraph at lines 463--465
[]\T1/ntxtlf/m/n/10 bounded raw run: $\T1/pcr/m/n/10 runs _ scbench _ moa _ kim
i _
 []


Underfull \hbox (badness 10000) in paragraph at lines 463--465
\T1/pcr/m/n/10 maas _ cfgpipe _ cp1 _ bounded _ context _
 []


Underfull \hbox (badness 10000) in paragraph at lines 479--484
[]$\T1/pcr/m/n/9 pythonscripts / audit _ scbench _ lockin _
 []


Underfull \hbox (badness 10000) in paragraph at lines 479--484
\T1/pcr/m/n/9 pythonscripts / audit _ scbench _ transfer _
 []


Underfull \hbox (badness 10000) in paragraph at lines 479--484
\T1/pcr/m/n/9 pythonscripts / audit _ scbench _ mitigation _
 []


Underfull \hbox (badness 10000) in paragraph at lines 479--484
\T1/pcr/m/n/9 pythonscripts / audit _ scbench _ log _ query _
 []

[5] (./antmill_aaai27_supp.aux)
 ***********
LaTeX2e <2025-11-01>
L3 programming layer <2020/03/25>
 ***********
 ) 
Here is how much of TeX's memory you used:
 6376 strings out of 467349
 103654 string characters out of 5419862
 544134 words of memory out of 5000000
 35359 multiletter control sequences out of 15000+600000
 661511 words of font info for 66 fonts, out of 8000000 for 9000
 1141 hyphenation exceptions out of 8191
 89i,11n,117p,344b,366s stack positions out of 10000i,1000n,20000p,200000b,200000s
<d:/texlive/2026/texmf-dist/fonts/type1/public/amsfonts/cm/cmmi9.pfb><d:/texl
ive/2026/texmf-dist/fonts/type1/public/amsfonts/cm/cmr9.pfb><d:/texlive/2026/te
xmf-dist/fonts/type1/public/amsfonts/cm/cmsy9.pfb><d:/texlive/2026/texmf-dist/f
onts/type1/public/tex-gyre/qtmr.pfb><d:/texlive/2026/texmf-dist/fonts/type1/urw
/courier/ucrr8a.pfb><d:/texlive/2026/texmf-dist/fonts/type1/public/newtx/ztmb.p
fb><d:/texlive/2026/texmf-dist/fonts/type1/public/newtx/ztmr.pfb><d:/texlive/20
26/texmf-dist/fonts/type1/public/newtx/ztmri.pfb>
Output written on antmill_aaai27_supp.pdf (5 pages, 171630 bytes).
PDF statistics:
 63 PDF objects out of 1000 (max. 8388607)
 39 compressed objects within 1 object stream
 0 named destinations out of 1000 (max. 500000)
 1 words of extra memory for PDF output out of 10000 (max. 10000000)

