Starting Slop Code CLI
	Seed: 42
	Verbose: 0
--------------------------------
Running inference on problem: execution_server
Using provider API key env override: MODELARTS_MAAS_KEY
[2m2026-07-14 13:38:29[0m [[32m[1minfo     [0m] [1mStarting agent run problem='execution_server'[0m
[2m2026-07-14 13:38:29[0m [[32m[1minfo     [0m] [1mSetting up agent run output_path=PosixPath('/outputs/execution_server') problem='execution_server' resuming=False[0m
[2m2026-07-14 13:38:29[0m [[32m[1minfo     [0m] [1mStarting problem run checkpoints=3 problem='execution_server' skipping=0[0m
[2m2026-07-14 13:38:29[0m [[32m[1minfo     [0m] [1mRunning checkpoint checkpoint='checkpoint_1' index=1 total=3[0m
[2m2026-07-14 13:38:29[0m [[32m[1minfo     [0m] [1mStarting agent for the first checkpoint checkpoint='checkpoint_1'[0m
[2m2026-07-14 13:38:30[0m [[32m[1minfo     [0m] [1mRunning inference for checkpoint checkpoint='checkpoint_1'[0m
[2m2026-07-14 13:38:30[0m [[32m[1minfo     [0m] [1mRunning checkpoint task with inference mode checkpoint='checkpoint_1'[0m
[2m2026-07-14 13:38:32[0m [[32m[1minfo     [0m] [1mFinished a step               [0m [36mcost[0m=[35m0.0[0m [36mgenerated_tokens[0m=[35m34[0m [36minput_tokens[0m=[35m1971[0m [36mreasoning_tokens[0m=[35m0[0m [36mstep[0m=[35m1[0m [36mtotal_tokens[0m=[35m2005[0m
[2m2026-07-14 13:38:34[0m [[32m[1minfo     [0m] [1mFinished a step               [0m [36mcost[0m=[35m0.0[0m [36mgenerated_tokens[0m=[35m34[0m [36minput_tokens[0m=[35m2095[0m [36mreasoning_tokens[0m=[35m0[0m [36mstep[0m=[35m2[0m [36mtotal_tokens[0m=[35m2129[0m
[2m2026-07-14 13:39:28[0m [[32m[1minfo     [0m] [1mFinished a step               [0m [36mcost[0m=[35m0.0[0m [36mgenerated_tokens[0m=[35m1623[0m [36minput_tokens[0m=[35m2242[0m [36mreasoning_tokens[0m=[35m0[0m [36mstep[0m=[35m3[0m [36mtotal_tokens[0m=[35m3865[0m
[2m2026-07-14 13:39:36[0m [[32m[1minfo     [0m] [1mFinished a step               [0m [36mcost[0m=[35m0.0[0m [36mgenerated_tokens[0m=[35m114[0m [36minput_tokens[0m=[35m3890[0m [36mreasoning_tokens[0m=[35m0[0m [36mstep[0m=[35m4[0m [36mtotal_tokens[0m=[35m4004[0m
[2m2026-07-14 13:39:54[0m [[32m[1minfo     [0m] [1mFinished a step               [0m [36mcost[0m=[35m0.0[0m [36mgenerated_tokens[0m=[35m328[0m [36minput_tokens[0m=[35m4136[0m [36mreasoning_tokens[0m=[35m0[0m [36mstep[0m=[35m5[0m [36mtotal_tokens[0m=[35m4464[0m
[2m2026-07-14 13:40:43[0m [[32m[1minfo     [0m] [1mFinished a step               [0m [36mcost[0m=[35m0.0[0m [36mgenerated_tokens[0m=[35m1665[0m [36minput_tokens[0m=[35m4996[0m [36mreasoning_tokens[0m=[35m0[0m [36mstep[0m=[35m6[0m [36mtotal_tokens[0m=[35m6661[0m
[2m2026-07-14 13:41:13[0m [[32m[1minfo     [0m] [1mFinished a step               [0m [36mcost[0m=[35m0.0[0m [36mgenerated_tokens[0m=[35m654[0m [36minput_tokens[0m=[35m6685[0m [36mreasoning_tokens[0m=[35m0[0m [36mstep[0m=[35m7[0m [36mtotal_tokens[0m=[35m7339[0m
[2m2026-07-14 13:41:36[0m [[32m[1minfo     [0m] [1mFinished a step               [0m [36mcost[0m=[35m0.0[0m [36mgenerated_tokens[0m=[35m563[0m [36minput_tokens[0m=[35m8100[0m [36mreasoning_tokens[0m=[35m0[0m [36mstep[0m=[35m8[0m [36mtotal_tokens[0m=[35m8663[0m
[2m2026-07-14 13:41:39[0m [[32m[1minfo     [0m] [1mFinished a step               [0m [36mcost[0m=[35m0.0[0m [36mgenerated_tokens[0m=[35m52[0m [36minput_tokens[0m=[35m9270[0m [36mreasoning_tokens[0m=[35m0[0m [36mstep[0m=[35m9[0m [36mtotal_tokens[0m=[35m9322[0m
[2m2026-07-14 13:41:46[0m [[32m[1minfo     [0m] [1mFinished a step               [0m [36mcost[0m=[35m0.0[0m [36mgenerated_tokens[0m=[35m105[0m [36minput_tokens[0m=[35m9411[0m [36mreasoning_tokens[0m=[35m0[0m [36mstep[0m=[35m10[0m [36mtotal_tokens[0m=[35m9516[0m
[2m2026-07-14 13:41:46[0m [[32m[1minfo     [0m] [1mCompleted checkpoint inference checkpoint='checkpoint_1'[0m
[2m2026-07-14 13:41:46[0m [[32m[1minfo     [0m] [1mSaving agent checkpoint info compress_artifacts=False output_path=PosixPath('/outputs/execution_server/checkpoint_1')[0m
[2m2026-07-14 13:41:46[0m [[32m[1minfo     [0m] [1mStarting checkpoint evaluation checkpoint='checkpoint_1'[0m
[2m2026-07-14 13:41:46[0m [[32m[1minfo     [0m] [1mStarting pytest evaluation checkpoint='checkpoint_1' environment='local' problem='execution_server' submission_path='/outputs/execution_server/checkpoint_1/snapshot'[0m
[2m2026-07-14 13:41:46[0m [[32m[1minfo     [0m] [1mMaterialized static assets for tests assets=['antmill_requirements'] count=1[0m
[2m2026-07-14 13:41:46[0m [[32m[1minfo     [0m] [1mStatic assets materialized asset_count=1 assets=['antmill_requirements'][0m
[2m2026-07-14 13:41:46[0m [[32m[1minfo     [0m] [1mExecuting pytest              [0m
[2m2026-07-14 13:41:59[0m [[32m[1minfo     [0m] [1mPytest execution complete duration=9.958491325378418 exit_code=1[0m
[2m2026-07-14 13:41:59[0m [[32m[1minfo     [0m] [1mParsed CTRF report path='/tmp/tmpnozoi91v/.scbench/ctrf-report.json' test_count=45[0m
[2m2026-07-14 13:41:59[0m [[32m[1minfo     [0m] [1mPytest evaluation complete checkpoint='checkpoint_1' infrastructure_failure=False problem='execution_server' status_counts={'passed': 44, 'failed': 1}[0m
[2m2026-07-14 13:41:59[0m [[32m[1minfo     [0m] [1mCheckpoint finished checkpoint_name='checkpoint_1' had_error=False pass_policy='any' passed_policy=True save_dir='/outputs/execution_server/checkpoint_1'[0m
[2m2026-07-14 13:41:59[0m [[32m[1minfo     [0m] [1mRunning checkpoint checkpoint='checkpoint_2' index=2 total=3[0m
[2m2026-07-14 13:41:59[0m [[32m[1minfo     [0m] [1mResetting agent context for the checkpoint checkpoint='checkpoint_2'[0m
[2m2026-07-14 13:41:59[0m [[32m[1minfo     [0m] [1mRunning inference for checkpoint checkpoint='checkpoint_2'[0m
[2m2026-07-14 13:41:59[0m [[32m[1minfo     [0m] [1mRunning checkpoint task with inference mode checkpoint='checkpoint_2'[0m
[2m2026-07-14 13:42:02[0m [[32m[1minfo     [0m] [1mFinished a step               [0m [36mcost[0m=[35m0.0[0m [36mgenerated_tokens[0m=[35m43[0m [36minput_tokens[0m=[35m1599[0m [36mreasoning_tokens[0m=[35m0[0m [36mstep[0m=[35m1[0m [36mtotal_tokens[0m=[35m1642[0m
[2m2026-07-14 13:42:04[0m [[32m[1minfo     [0m] [1mFinished a step               [0m [36mcost[0m=[35m0.0[0m [36mgenerated_tokens[0m=[35m31[0m [36minput_tokens[0m=[35m1756[0m [36mreasoning_tokens[0m=[35m0[0m [36mstep[0m=[35m2[0m [36mtotal_tokens[0m=[35m1787[0m
[2m2026-07-14 13:43:26[0m [[32m[1minfo     [0m] [1mFinished a step               [0m [36mcost[0m=[35m0.0[0m [36mgenerated_tokens[0m=[35m2322[0m [36minput_tokens[0m=[35m3339[0m [36mreasoning_tokens[0m=[35m0[0m [36mstep[0m=[35m3[0m [36mtotal_tokens[0m=[35m5661[0m
[2m2026-07-14 13:43:30[0m [[32m[1minfo     [0m] [1mFinished a step               [0m [36mcost[0m=[35m0.0[0m [36mgenerated_tokens[0m=[35m38[0m [36minput_tokens[0m=[35m5686[0m [36mreasoning_tokens[0m=[35m0[0m [36mstep[0m=[35m4[0m [36mtotal_tokens[0m=[35m5724[0m
[2m2026-07-14 13:44:05[0m [[32m[1minfo     [0m] [1mFinished a step               [0m [36mcost[0m=[35m0.0[0m [36mgenerated_tokens[0m=[35m106[0m [36minput_tokens[0m=[35m5835[0m [36mreasoning_tokens[0m=[35m0[0m [36mstep[0m=[35m5[0m [36mtotal_tokens[0m=[35m5941[0m
[2m2026-07-14 13:44:13[0m [[32m[1minfo     [0m] [1mFinished a step               [0m [36mcost[0m=[35m0.0[0m [36mgenerated_tokens[0m=[35m149[0m [36minput_tokens[0m=[35m6139[0m [36mreasoning_tokens[0m=[35m0[0m [36mstep[0m=[35m6[0m [36mtotal_tokens[0m=[35m6288[0m
[2m2026-07-14 13:44:24[0m [[32m[1minfo     [0m] [1mFinished a step               [0m [36mcost[0m=[35m0.0[0m [36mgenerated_tokens[0m=[35m188[0m [36minput_tokens[0m=[35m6399[0m [36mreasoning_tokens[0m=[35m0[0m [36mstep[0m=[35m7[0m [36mtotal_tokens[0m=[35m6587[0m
[2m2026-07-14 13:44:31[0m [[32m[1minfo     [0m] [1mFinished a step               [0m [36mcost[0m=[35m0.0[0m [36mgenerated_tokens[0m=[35m186[0m [36minput_tokens[0m=[35m6672[0m [36mreasoning_tokens[0m=[35m0[0m [36mstep[0m=[35m8[0m [36mtotal_tokens[0m=[35m6858[0m
[2m2026-07-14 13:44:37[0m [[32m[1minfo     [0m] [1mFinished a step               [0m [36mcost[0m=[35m0.0[0m [36mgenerated_tokens[0m=[35m148[0m [36minput_tokens[0m=[35m6974[0m [36mreasoning_tokens[0m=[35m0[0m [36mstep[0m=[35m9[0m [36mtotal_tokens[0m=[35m7122[0m
[2m2026-07-14 13:44:48[0m [[32m[1minfo     [0m] [1mFinished a step               [0m [36mcost[0m=[35m0.0[0m [36mgenerated_tokens[0m=[35m307[0m [36minput_tokens[0m=[35m7219[0m [36mreasoning_tokens[0m=[35m0[0m [36mstep[0m=[35m10[0m [36mtotal_tokens[0m=[35m7526[0m
[2m2026-07-14 13:44:59[0m [[32m[1minfo     [0m] [1mFinished a step               [0m [36mcost[0m=[35m0.0[0m [36mgenerated_tokens[0m=[35m293[0m [36minput_tokens[0m=[35m7802[0m [36mreasoning_tokens[0m=[35m0[0m [36mstep[0m=[35m11[0m [36mtotal_tokens[0m=[35m8095[0m
[2m2026-07-14 13:45:05[0m [[32m[1minfo     [0m] [1mFinished a step               [0m [36mcost[0m=[35m0.0[0m [36mgenerated_tokens[0m=[35m119[0m [36minput_tokens[0m=[35m8319[0m [36mreasoning_tokens[0m=[35m0[0m [36mstep[0m=[35m12[0m [36mtotal_tokens[0m=[35m8438[0m
[2m2026-07-14 13:45:07[0m [[32m[1minfo     [0m] [1mFinished a step               [0m [36mcost[0m=[35m0.0[0m [36mgenerated_tokens[0m=[35m36[0m [36minput_tokens[0m=[35m8462[0m [36mreasoning_tokens[0m=[35m0[0m [36mstep[0m=[35m13[0m [36mtotal_tokens[0m=[35m8498[0m
[2m2026-07-14 13:45:07[0m [[32m[1minfo     [0m] [1mCompleted checkpoint inference checkpoint='checkpoint_2'[0m
[2m2026-07-14 13:45:07[0m [[32m[1minfo     [0m] [1mSaving agent checkpoint info compress_artifacts=False output_path=PosixPath('/outputs/execution_server/checkpoint_2')[0m
[2m2026-07-14 13:45:07[0m [[32m[1minfo     [0m] [1mStarting checkpoint evaluation checkpoint='checkpoint_2'[0m
[2m2026-07-14 13:45:07[0m [[32m[1minfo     [0m] [1mStarting pytest evaluation checkpoint='checkpoint_2' environment='local' problem='execution_server' submission_path='/outputs/execution_server/checkpoint_2/snapshot'[0m
[2m2026-07-14 13:45:07[0m [[32m[1minfo     [0m] [1mMaterialized static assets for tests assets=['antmill_requirements'] count=1[0m
[2m2026-07-14 13:45:07[0m [[32m[1minfo     [0m] [1mStatic assets materialized asset_count=1 assets=['antmill_requirements'][0m
[2m2026-07-14 13:45:07[0m [[32m[1minfo     [0m] [1mExecuting pytest              [0m
[2m2026-07-14 13:45:18[0m [[32m[1minfo     [0m] [1mPytest execution complete duration=10.552691459655762 exit_code=1[0m
[2m2026-07-14 13:45:18[0m [[32m[1minfo     [0m] [1mParsed CTRF report path='/tmp/tmp7q1t71lt/.scbench/ctrf-report.json' test_count=58[0m
[2m2026-07-14 13:45:18[0m [[32m[1minfo     [0m] [1mPytest evaluation complete checkpoint='checkpoint_2' infrastructure_failure=False problem='execution_server' status_counts={'passed': 57, 'failed': 1}[0m
[2m2026-07-14 13:45:18[0m [[32m[1minfo     [0m] [1mCheckpoint finished checkpoint_name='checkpoint_2' had_error=False pass_policy='any' passed_policy=True save_dir='/outputs/execution_server/checkpoint_2'[0m
[2m2026-07-14 13:45:18[0m [[32m[1minfo     [0m] [1mRunning checkpoint checkpoint='checkpoint_3' index=3 total=3[0m
[2m2026-07-14 13:45:18[0m [[32m[1minfo     [0m] [1mResetting agent context for the checkpoint checkpoint='checkpoint_3'[0m
[2m2026-07-14 13:45:18[0m [[32m[1minfo     [0m] [1mRunning inference for checkpoint checkpoint='checkpoint_3'[0m
[2m2026-07-14 13:45:18[0m [[32m[1minfo     [0m] [1mRunning checkpoint task with inference mode checkpoint='checkpoint_3'[0m
[2m2026-07-14 13:45:21[0m [[32m[1minfo     [0m] [1mFinished a step               [0m [36mcost[0m=[35m0.0[0m [36mgenerated_tokens[0m=[35m43[0m [36minput_tokens[0m=[35m1200[0m [36mreasoning_tokens[0m=[35m0[0m [36mstep[0m=[35m1[0m [36mtotal_tokens[0m=[35m1243[0m
[2m2026-07-14 13:45:23[0m [[32m[1minfo     [0m] [1mFinished a step               [0m [36mcost[0m=[35m0.0[0m [36mgenerated_tokens[0m=[35m40[0m [36minput_tokens[0m=[35m1359[0m [36mreasoning_tokens[0m=[35m0[0m [36mstep[0m=[35m2[0m [36mtotal_tokens[0m=[35m1399[0m
[2m2026-07-14 13:45:27[0m [[32m[1minfo     [0m] [1mFinished a step               [0m [36mcost[0m=[35m0.0[0m [36mgenerated_tokens[0m=[35m49[0m [36minput_tokens[0m=[35m3569[0m [36mreasoning_tokens[0m=[35m0[0m [36mstep[0m=[35m3[0m [36mtotal_tokens[0m=[35m3618[0m
[2m2026-07-14 13:45:30[0m [[32m[1minfo     [0m] [1mFinished a step               [0m [36mcost[0m=[35m0.0[0m [36mgenerated_tokens[0m=[35m42[0m [36minput_tokens[0m=[35m4602[0m [36mreasoning_tokens[0m=[35m0[0m [36mstep[0m=[35m4[0m [36mtotal_tokens[0m=[35m4644[0m
[2m2026-07-14 13:45:35[0m [[32m[1minfo     [0m] [1mFinished a step               [0m [36mcost[0m=[35m0.0[0m [36mgenerated_tokens[0m=[35m89[0m [36minput_tokens[0m=[35m5225[0m [36mreasoning_tokens[0m=[35m0[0m [36mstep[0m=[35m5[0m [36mtotal_tokens[0m=[35m5314[0m
[2m2026-07-14 13:46:00[0m [[32m[1minfo     [0m] [1mFinished a step               [0m [36mcost[0m=[35m0.0[0m [36mgenerated_tokens[0m=[35m716[0m [36minput_tokens[0m=[35m5426[0m [36mreasoning_tokens[0m=[35m0[0m [36mstep[0m=[35m6[0m [36mtotal_tokens[0m=[35m6142[0m
[2m2026-07-14 13:47:51[0m [[32m[1minfo     [0m] [1mFinished a step               [0m [36mcost[0m=[35m0.0[0m [36mgenerated_tokens[0m=[35m3318[0m [36minput_tokens[0m=[35m6832[0m [36mreasoning_tokens[0m=[35m0[0m [36mstep[0m=[35m7[0m [36mtotal_tokens[0m=[35m10150[0m
[2m2026-07-14 13:47:56[0m [[32m[1minfo     [0m] [1mFinished a step               [0m [36mcost[0m=[35m0.0[0m [36mgenerated_tokens[0m=[35m30[0m [36minput_tokens[0m=[35m10174[0m [36mreasoning_tokens[0m=[35m0[0m [36mstep[0m=[35m8[0m [36mtotal_tokens[0m=[35m10204[0m
[2m2026-07-14 13:49:40[0m [[32m[1minfo     [0m] [1mFinished a step               [0m [36mcost[0m=[35m0.0[0m [36mgenerated_tokens[0m=[35m3338[0m [36minput_tokens[0m=[35m11101[0m [36mreasoning_tokens[0m=[35m0[0m [36mstep[0m=[35m9[0m [36mtotal_tokens[0m=[35m14439[0m
[2m2026-07-14 13:49:46[0m [[32m[1minfo     [0m] [1mFinished a step               [0m [36mcost[0m=[35m0.0[0m [36mgenerated_tokens[0m=[35m29[0m [36minput_tokens[0m=[35m14463[0m [36mreasoning_tokens[0m=[35m0[0m [36mstep[0m=[35m10[0m [36mtotal_tokens[0m=[35m14492[0m
[2m2026-07-14 13:50:30[0m [[32m[1minfo     [0m] [1mFinished a step               [0m [36mcost[0m=[35m0.0[0m [36mgenerated_tokens[0m=[35m1118[0m [36minput_tokens[0m=[35m15423[0m [36mreasoning_tokens[0m=[35m0[0m [36mstep[0m=[35m11[0m [36mtotal_tokens[0m=[35m16541[0m
[2m2026-07-14 13:50:39[0m [[32m[1minfo     [0m] [1mFinished a step               [0m [36mcost[0m=[35m0.0[0m [36mgenerated_tokens[0m=[35m189[0m [36minput_tokens[0m=[35m17297[0m [36mreasoning_tokens[0m=[35m0[0m [36mstep[0m=[35m12[0m [36mtotal_tokens[0m=[35m17486[0m
[2m2026-07-14 13:50:46[0m [[32m[1minfo     [0m] [1mFinished a step               [0m [36mcost[0m=[35m0.0[0m [36mgenerated_tokens[0m=[35m161[0m [36minput_tokens[0m=[35m17688[0m [36mreasoning_tokens[0m=[35m0[0m [36mstep[0m=[35m13[0m [36mtotal_tokens[0m=[35m17849[0m
[2m2026-07-14 13:51:41[0m [[32m[1minfo     [0m] [1mFinished a step               [0m [36mcost[0m=[35m0.0[0m [36mgenerated_tokens[0m=[35m1425[0m [36minput_tokens[0m=[35m17890[0m [36mreasoning_tokens[0m=[35m0[0m [36mstep[0m=[35m14[0m [36mtotal_tokens[0m=[35m19315[0m
[2m2026-07-14 13:52:06[0m [[32m[1minfo     [0m] [1mFinished a step               [0m [36mcost[0m=[35m0.0[0m [36mgenerated_tokens[0m=[35m644[0m [36minput_tokens[0m=[35m19963[0m [36mreasoning_tokens[0m=[35m0[0m [36mstep[0m=[35m15[0m [36mtotal_tokens[0m=[35m20607[0m
[2m2026-07-14 13:52:36[0m [[32m[1minfo     [0m] [1mFinished a step               [0m [36mcost[0m=[35m0.0[0m [36mgenerated_tokens[0m=[35m728[0m [36minput_tokens[0m=[35m20864[0m [36mreasoning_tokens[0m=[35m0[0m [36mstep[0m=[35m16[0m [36mtotal_tokens[0m=[35m21592[0m
[2m2026-07-14 13:52:42[0m [[32m[1minfo     [0m] [1mFinished a step               [0m [36mcost[0m=[35m0.0[0m [36mgenerated_tokens[0m=[35m148[0m [36minput_tokens[0m=[35m21824[0m [36mreasoning_tokens[0m=[35m0[0m [36mstep[0m=[35m17[0m [36mtotal_tokens[0m=[35m21972[0m
[2m2026-07-14 13:52:56[0m [[32m[1minfo     [0m] [1mFinished a step               [0m [36mcost[0m=[35m0.0[0m [36mgenerated_tokens[0m=[35m104[0m [36minput_tokens[0m=[35m22027[0m [36mreasoning_tokens[0m=[35m0[0m [36mstep[0m=[35m18[0m [36mtotal_tokens[0m=[35m22131[0m
[2m2026-07-14 13:52:59[0m [[32m[1minfo     [0m] [1mFinished a step               [0m [36mcost[0m=[35m0.0[0m [36mgenerated_tokens[0m=[35m44[0m [36minput_tokens[0m=[35m22155[0m [36mreasoning_tokens[0m=[35m0[0m [36mstep[0m=[35m19[0m [36mtotal_tokens[0m=[35m22199[0m
[2m2026-07-14 13:53:02[0m [[32m[1minfo     [0m] [1mFinished a step               [0m [36mcost[0m=[35m0.0[0m [36mgenerated_tokens[0m=[35m48[0m [36minput_tokens[0m=[35m22250[0m [36mreasoning_tokens[0m=[35m0[0m [36mstep[0m=[35m20[0m [36mtotal_tokens[0m=[35m22298[0m
[2m2026-07-14 13:53:10[0m [[32m[1minfo     [0m] [1mFinished a step               [0m [36mcost[0m=[35m0.0[0m [36mgenerated_tokens[0m=[35m169[0m [36minput_tokens[0m=[35m22517[0m [36mreasoning_tokens[0m=[35m0[0m [36mstep[0m=[35m21[0m [36mtotal_tokens[0m=[35m22686[0m
[2m2026-07-14 13:53:21[0m [[32m[1minfo     [0m] [1mFinished a step               [0m [36mcost[0m=[35m0.0[0m [36mgenerated_tokens[0m=[35m260[0m [36minput_tokens[0m=[35m22724[0m [36mreasoning_tokens[0m=[35m0[0m [36mstep[0m=[35m22[0m [36mtotal_tokens[0m=[35m22984[0m
[2m2026-07-14 13:53:26[0m [[32m[1minfo     [0m] [1mFinished a step               [0m [36mcost[0m=[35m0.0[0m [36mgenerated_tokens[0m=[35m41[0m [36minput_tokens[0m=[35m23010[0m [36mreasoning_tokens[0m=[35m0[0m [36mstep[0m=[35m23[0m [36mtotal_tokens[0m=[35m23051[0m
[2m2026-07-14 13:53:33[0m [[32m[1minfo     [0m] [1mFinished a step               [0m [36mcost[0m=[35m0.0[0m [36mgenerated_tokens[0m=[35m39[0m [36minput_tokens[0m=[35m23282[0m [36mreasoning_tokens[0m=[35m0[0m [36mstep[0m=[35m24[0m [36mtotal_tokens[0m=[35m23321[0m
[2m2026-07-14 13:53:40[0m [[32m[1minfo     [0m] [1mFinished a step               [0m [36mcost[0m=[35m0.0[0m [36mgenerated_tokens[0m=[35m44[0m [36minput_tokens[0m=[35m23584[0m [36mreasoning_tokens[0m=[35m0[0m [36mstep[0m=[35m25[0m [36mtotal_tokens[0m=[35m23628[0m
[2m2026-07-14 13:53:46[0m [[32m[1minfo     [0m] [1mFinished a step               [0m [36mcost[0m=[35m0.0[0m [36mgenerated_tokens[0m=[35m108[0m [36minput_tokens[0m=[35m24094[0m [36mreasoning_tokens[0m=[35m0[0m [36mstep[0m=[35m26[0m [36mtotal_tokens[0m=[35m24202[0m
[2m2026-07-14 13:53:51[0m [[32m[1minfo     [0m] [1mFinished a step               [0m [36mcost[0m=[35m0.0[0m [36mgenerated_tokens[0m=[35m30[0m [36minput_tokens[0m=[35m24226[0m [36mreasoning_tokens[0m=[35m0[0m [36mstep[0m=[35m27[0m [36mtotal_tokens[0m=[35m24256[0m
[2m2026-07-14 13:53:55[0m [[32m[1minfo     [0m] [1mFinished a step               [0m [36mcost[0m=[35m0.0[0m [36mgenerated_tokens[0m=[35m49[0m [36minput_tokens[0m=[35m24722[0m [36mreasoning_tokens[0m=[35m0[0m [36mstep[0m=[35m28[0m [36mtotal_tokens[0m=[35m24771[0m
[2m2026-07-14 13:53:58[0m [[32m[1minfo     [0m] [1mFinished a step               [0m [36mcost[0m=[35m0.0[0m [36mgenerated_tokens[0m=[35m37[0m [36minput_tokens[0m=[35m24849[0m [36mreasoning_tokens[0m=[35m0[0m [36mstep[0m=[35m29[0m [36mtotal_tokens[0m=[35m24886[0m
[2m2026-07-14 13:54:05[0m [[32m[1minfo     [0m] [1mFinished a step               [0m [36mcost[0m=[35m0.0[0m [36mgenerated_tokens[0m=[35m135[0m [36minput_tokens[0m=[35m25027[0m [36mreasoning_tokens[0m=[35m0[0m [36mstep[0m=[35m30[0m [36mtotal_tokens[0m=[35m25162[0m
[2m2026-07-14 13:54:11[0m [[32m[1minfo     [0m] [1mFinished a step               [0m [36mcost[0m=[35m0.0[0m [36mgenerated_tokens[0m=[35m26[0m [36minput_tokens[0m=[35m25188[0m [36mreasoning_tokens[0m=[35m0[0m [36mstep[0m=[35m31[0m [36mtotal_tokens[0m=[35m25214[0m
[2m2026-07-14 13:54:18[0m [[32m[1minfo     [0m] [1mFinished a step               [0m [36mcost[0m=[35m0.0[0m [36mgenerated_tokens[0m=[35m36[0m [36minput_tokens[0m=[35m25862[0m [36mreasoning_tokens[0m=[35m0[0m [36mstep[0m=[35m32[0m [36mtotal_tokens[0m=[35m25898[0m
[2m2026-07-14 13:54:18[0m [[32m[1minfo     [0m] [1mCompleted checkpoint inference checkpoint='checkpoint_3'[0m
[2m2026-07-14 13:54:18[0m [[32m[1minfo     [0m] [1mSaving agent checkpoint info compress_artifacts=False output_path=PosixPath('/outputs/execution_server/checkpoint_3')[0m
[2m2026-07-14 13:54:18[0m [[32m[1minfo     [0m] [1mStarting checkpoint evaluation checkpoint='checkpoint_3'[0m
[2m2026-07-14 13:54:18[0m [[32m[1minfo     [0m] [1mStarting pytest evaluation checkpoint='checkpoint_3' environment='local' problem='execution_server' submission_path='/outputs/execution_server/checkpoint_3/snapshot'[0m
[2m2026-07-14 13:54:19[0m [[32m[1minfo     [0m] [1mMaterialized static assets for tests assets=['antmill_requirements'] count=1[0m
[2m2026-07-14 13:54:19[0m [[32m[1minfo     [0m] [1mStatic assets materialized asset_count=1 assets=['antmill_requirements'][0m
[2m2026-07-14 13:54:19[0m [[32m[1minfo     [0m] [1mExecuting pytest              [0m
[2m2026-07-14 13:54:43[0m [[32m[1minfo     [0m] [1mPytest execution complete duration=23.601884841918945 exit_code=1[0m
[2m2026-07-14 13:54:43[0m [[32m[1minfo     [0m] [1mParsed CTRF report path='/tmp/tmpzgxbzvrn/.scbench/ctrf-report.json' test_count=101[0m
[2m2026-07-14 13:54:43[0m [[32m[1minfo     [0m] [1mPytest evaluation complete checkpoint='checkpoint_3' infrastructure_failure=False problem='execution_server' status_counts={'passed': 95, 'failed': 6}[0m
[2m2026-07-14 13:54:43[0m [[32m[1minfo     [0m] [1mCheckpoint finished checkpoint_name='checkpoint_3' had_error=False pass_policy='any' passed_policy=True save_dir='/outputs/execution_server/checkpoint_3'[0m
[2m2026-07-14 13:54:43[0m [[32m[1minfo     [0m] [1mAll checkpoints completed successfully problem='execution_server'[0m
[2m2026-07-14 13:54:43[0m [[32m[1minfo     [0m] [1mSaving run info checkpoints=3 output_path=PosixPath('/outputs/execution_server') problem='execution_server'[0m
[2m2026-07-14 13:54:43[0m [[32m[1minfo     [0m] [1mRun info saved successfully passed_policy=True problem='execution_server' total_cost=0.0[0m
[2m2026-07-14 13:54:43[0m [[32m[1minfo     [0m] [1mAgent run finished final_state='completed' passed=True problem='execution_server'[0m
[2m2026-07-14 13:54:43[0m [[32m[1minfo     [0m] [1mProblem run completed problem='execution_server'[0m
