Starting Slop Code CLI
	Seed: 42
	Verbose: 0
--------------------------------
Running inference on problem: cfgpipe
Using provider API key env override: KIMI_CODING_API_KEY
[2m2026-07-14 10:16:12[0m [[32m[1minfo     [0m] [1mStarting agent run problem='cfgpipe'[0m
[2m2026-07-14 10:16:12[0m [[32m[1minfo     [0m] [1mSetting up agent run output_path=PosixPath('/outputs/cfgpipe') problem='cfgpipe' resuming=False[0m
[2m2026-07-14 10:16:12[0m [[32m[1minfo     [0m] [1mStarting problem run checkpoints=1 problem='cfgpipe' skipping=0[0m
[2m2026-07-14 10:16:12[0m [[32m[1minfo     [0m] [1mRunning checkpoint checkpoint='checkpoint_1' index=1 total=1[0m
[2m2026-07-14 10:16:12[0m [[32m[1minfo     [0m] [1mStarting agent for the first checkpoint checkpoint='checkpoint_1'[0m
[2m2026-07-14 10:16:12[0m [[32m[1minfo     [0m] [1mRunning inference for checkpoint checkpoint='checkpoint_1'[0m
[2m2026-07-14 10:16:12[0m [[32m[1minfo     [0m] [1mRunning checkpoint task with inference mode checkpoint='checkpoint_1'[0m
[2m2026-07-14 10:16:15[0m [[32m[1minfo     [0m] [1mFinished a step               [0m [36mcost[0m=[35m0.0[0m [36mgenerated_tokens[0m=[35m43[0m [36minput_tokens[0m=[35m1902[0m [36mreasoning_tokens[0m=[35m0[0m [36mstep[0m=[35m1[0m [36mtotal_tokens[0m=[35m1945[0m
[2m2026-07-14 10:16:17[0m [[32m[1minfo     [0m] [1mFinished a step               [0m [36mcost[0m=[35m0.0[0m [36mgenerated_tokens[0m=[35m48[0m [36minput_tokens[0m=[35m2035[0m [36mreasoning_tokens[0m=[35m0[0m [36mstep[0m=[35m2[0m [36mtotal_tokens[0m=[35m2083[0m
[2m2026-07-14 10:16:36[0m [[32m[1minfo     [0m] [1mFinished a step               [0m [36mcost[0m=[35m0.0[0m [36mgenerated_tokens[0m=[35m1353[0m [36minput_tokens[0m=[35m2107[0m [36mreasoning_tokens[0m=[35m0[0m [36mstep[0m=[35m3[0m [36mtotal_tokens[0m=[35m3460[0m
[2m2026-07-14 10:17:04[0m [[32m[1minfo     [0m] [1mFinished a step               [0m [36mcost[0m=[35m0.0[0m [36mgenerated_tokens[0m=[35m2225[0m [36minput_tokens[0m=[35m3484[0m [36mreasoning_tokens[0m=[35m0[0m [36mstep[0m=[35m4[0m [36mtotal_tokens[0m=[35m5709[0m
[2m2026-07-14 10:17:18[0m [[32m[1minfo     [0m] [1mFinished a step               [0m [36mcost[0m=[35m0.0[0m [36mgenerated_tokens[0m=[35m998[0m [36minput_tokens[0m=[35m6197[0m [36mreasoning_tokens[0m=[35m0[0m [36mstep[0m=[35m5[0m [36mtotal_tokens[0m=[35m7195[0m
[2m2026-07-14 10:17:22[0m [[32m[1minfo     [0m] [1mFinished a step               [0m [36mcost[0m=[35m0.0[0m [36mgenerated_tokens[0m=[35m51[0m [36minput_tokens[0m=[35m7417[0m [36mreasoning_tokens[0m=[35m0[0m [36mstep[0m=[35m6[0m [36mtotal_tokens[0m=[35m7468[0m
[2m2026-07-14 10:17:24[0m [[32m[1minfo     [0m] [1mFinished a step               [0m [36mcost[0m=[35m0.0[0m [36mgenerated_tokens[0m=[35m43[0m [36minput_tokens[0m=[35m7582[0m [36mreasoning_tokens[0m=[35m0[0m [36mstep[0m=[35m7[0m [36mtotal_tokens[0m=[35m7625[0m
[2m2026-07-14 10:17:27[0m [[32m[1minfo     [0m] [1mFinished a step               [0m [36mcost[0m=[35m0.0[0m [36mgenerated_tokens[0m=[35m144[0m [36minput_tokens[0m=[35m8955[0m [36mreasoning_tokens[0m=[35m0[0m [36mstep[0m=[35m8[0m [36mtotal_tokens[0m=[35m9099[0m
[2m2026-07-14 10:17:27[0m [[32m[1minfo     [0m] [1mCompleted checkpoint inference checkpoint='checkpoint_1'[0m
[2m2026-07-14 10:17:27[0m [[32m[1minfo     [0m] [1mSaving agent checkpoint info compress_artifacts=False output_path=PosixPath('/outputs/cfgpipe/checkpoint_1')[0m
[2m2026-07-14 10:17:27[0m [[32m[1minfo     [0m] [1mStarting checkpoint evaluation checkpoint='checkpoint_1'[0m
[2m2026-07-14 10:17:27[0m [[32m[1minfo     [0m] [1mStarting pytest evaluation checkpoint='checkpoint_1' environment='local' problem='cfgpipe' submission_path='/outputs/cfgpipe/checkpoint_1/snapshot'[0m
[2m2026-07-14 10:17:27[0m [[32m[1minfo     [0m] [1mMaterialized static assets for tests assets=['antmill_requirements'] count=1[0m
[2m2026-07-14 10:17:27[0m [[32m[1minfo     [0m] [1mStatic assets materialized asset_count=1 assets=['antmill_requirements'][0m
[2m2026-07-14 10:17:27[0m [[32m[1minfo     [0m] [1mExecuting pytest              [0m
[2m2026-07-14 10:17:32[0m [[32m[1minfo     [0m] [1mPytest execution complete duration=4.1087486743927 exit_code=1[0m
[2m2026-07-14 10:17:32[0m [[32m[1minfo     [0m] [1mParsed CTRF report path='/tmp/tmpqphmii6a/.scbench/ctrf-report.json' test_count=37[0m
[2m2026-07-14 10:17:32[0m [[32m[1minfo     [0m] [1mPytest evaluation complete checkpoint='checkpoint_1' infrastructure_failure=False problem='cfgpipe' status_counts={'passed': 34, 'failed': 3}[0m
[2m2026-07-14 10:17:32[0m [[32m[1minfo     [0m] [1mCheckpoint finished checkpoint_name='checkpoint_1' had_error=False pass_policy='all-core-cases' passed_policy=True save_dir='/outputs/cfgpipe/checkpoint_1'[0m
[2m2026-07-14 10:17:32[0m [[32m[1minfo     [0m] [1mAll checkpoints completed successfully problem='cfgpipe'[0m
[2m2026-07-14 10:17:32[0m [[32m[1minfo     [0m] [1mSaving run info checkpoints=1 output_path=PosixPath('/outputs/cfgpipe') problem='cfgpipe'[0m
[2m2026-07-14 10:17:32[0m [[32m[1minfo     [0m] [1mRun info saved successfully passed_policy=True problem='cfgpipe' total_cost=0.0[0m
[2m2026-07-14 10:17:32[0m [[32m[1minfo     [0m] [1mAgent run finished final_state='completed' passed=True problem='cfgpipe'[0m
[2m2026-07-14 10:17:32[0m [[32m[1minfo     [0m] [1mProblem run completed problem='cfgpipe'[0m
