[n4_gt_false_seed0_gamma_p3_click_button_frozen_reviewer] t=00 family=click-button success=1.000 cost=0.067 stall=0.000 biderr=0.000 mem=0 tokens=46518
[n4_gt_false_seed0_gamma_p3_click_button_frozen_reviewer] t=01 family=click-button success=1.000 cost=0.067 stall=0.000 biderr=0.000 mem=3 tokens=116263
[n4_gt_false_seed0_gamma_p3_click_button_frozen_reviewer] t=02 family=click-button success=1.000 cost=0.067 stall=0.000 biderr=0.000 mem=3 tokens=186237
[n4_gt_false_seed0_gamma_p3_click_button_frozen_reviewer] t=03 family=click-button success=1.000 cost=0.067 stall=0.000 biderr=0.000 mem=3 tokens=256541
[n4_gt_false_seed0_gamma_p3_click_button_shared_append_ga] t=00 family=click-button success=1.000 cost=0.067 stall=0.000 biderr=0.000 mem=0 tokens=46533
[n4_gt_false_seed0_gamma_p3_click_button_shared_append_ga] t=01 family=click-button success=1.000 cost=0.067 stall=0.000 biderr=0.000 mem=22 tokens=125762
[n4_gt_false_seed0_gamma_p3_click_button_shared_append_ga] t=02 family=click-button success=1.000 cost=0.067 stall=0.000 biderr=0.000 mem=35 tokens=207966
[n4_gt_false_seed0_gamma_p3_click_button_shared_append_ga] t=03 family=click-button success=1.000 cost=0.067 stall=0.000 biderr=0.000 mem=49 tokens=290672
[n4_gt_false_seed0_gamma_p3_click_button_shared_consolidated_expel] t=00 family=click-button success=1.000 cost=0.067 stall=0.000 biderr=0.000 mem=0 tokens=46533
[n4_gt_false_seed0_gamma_p3_click_button_shared_consolidated_expel] t=01 family=click-button success=1.000 cost=0.067 stall=0.000 biderr=0.000 mem=3 tokens=112020
[n4_gt_false_seed0_gamma_p3_click_button_shared_consolidated_expel] t=02 family=click-button success=1.000 cost=0.067 stall=0.000 biderr=0.000 mem=3 tokens=178922
[n4_gt_false_seed0_gamma_p3_click_button_shared_consolidated_expel] t=03 family=click-button success=1.000 cost=0.067 stall=0.000 biderr=0.000 mem=3 tokens=245850
[n4_gt_false_seed1_gamma_p3_click_button_frozen_reviewer] t=00 family=click-button success=1.000 cost=0.067 stall=0.000 biderr=0.000 mem=0 tokens=46793
[n4_gt_false_seed1_gamma_p3_click_button_frozen_reviewer] t=01 family=click-button success=1.000 cost=0.067 stall=0.000 biderr=0.000 mem=3 tokens=117094
[n4_gt_false_seed1_gamma_p3_click_button_frozen_reviewer] t=02 family=click-button success=1.000 cost=0.067 stall=0.000 biderr=0.000 mem=3 tokens=187406
[n4_gt_false_seed1_gamma_p3_click_button_frozen_reviewer] t=03 family=click-button success=1.000 cost=0.067 stall=0.000 biderr=0.000 mem=3 tokens=258033
[n4_gt_false_seed1_gamma_p3_click_button_shared_append_ga] t=00 family=click-button success=1.000 cost=0.067 stall=0.000 biderr=0.000 mem=0 tokens=46804
[n4_gt_false_seed1_gamma_p3_click_button_shared_append_ga] t=01 family=click-button success=1.000 cost=0.067 stall=0.000 biderr=0.000 mem=24 tokens=126126
[n4_gt_false_seed1_gamma_p3_click_button_shared_append_ga] t=02 family=click-button success=1.000 cost=0.067 stall=0.000 biderr=0.000 mem=46 tokens=208182
[n4_gt_false_seed1_gamma_p3_click_button_shared_append_ga] t=03 family=click-button success=1.000 cost=0.067 stall=0.000 biderr=0.000 mem=54 tokens=291030
[n4_gt_false_seed1_gamma_p3_click_button_shared_consolidated_expel] t=00 family=click-button success=1.000 cost=0.067 stall=0.000 biderr=0.000 mem=0 tokens=46829
[n4_gt_false_seed1_gamma_p3_click_button_shared_consolidated_expel] t=01 family=click-button success=1.000 cost=0.067 stall=0.000 biderr=0.000 mem=3 tokens=112613
[n4_gt_false_seed1_gamma_p3_click_button_shared_consolidated_expel] t=02 family=click-button success=1.000 cost=0.067 stall=0.000 biderr=0.000 mem=3 tokens=179525
[n4_gt_false_seed1_gamma_p3_click_button_shared_consolidated_expel] t=03 family=click-button success=1.000 cost=0.067 stall=0.000 biderr=0.000 mem=3 tokens=246510
[n4_gt_false_seed2_gamma_p3_click_button_frozen_reviewer] t=00 family=click-button success=1.000 cost=0.067 stall=0.000 biderr=0.000 mem=0 tokens=46317
[n4_gt_false_seed2_gamma_p3_click_button_frozen_reviewer] t=01 family=click-button success=1.000 cost=0.067 stall=0.000 biderr=0.000 mem=3 tokens=116899
[n4_gt_false_seed2_gamma_p3_click_button_frozen_reviewer] t=02 family=click-button success=1.000 cost=0.067 stall=0.000 biderr=0.000 mem=3 tokens=187159
[n4_gt_false_seed2_gamma_p3_click_button_frozen_reviewer] t=03 family=click-button success=1.000 cost=0.067 stall=0.000 biderr=0.000 mem=3 tokens=257248
[n4_gt_false_seed2_gamma_p3_click_button_shared_append_ga] t=00 family=click-button success=1.000 cost=0.067 stall=0.000 biderr=0.000 mem=0 tokens=46324
[n4_gt_false_seed2_gamma_p3_click_button_shared_append_ga] t=01 family=click-button success=1.000 cost=0.067 stall=0.000 biderr=0.000 mem=21 tokens=126312
[n4_gt_false_seed2_gamma_p3_click_button_shared_append_ga] t=02 family=click-button success=1.000 cost=0.067 stall=0.000 biderr=0.000 mem=41 tokens=208692
[n4_gt_false_seed2_gamma_p3_click_button_shared_append_ga] t=03 family=click-button success=1.000 cost=0.067 stall=0.000 biderr=0.000 mem=59 tokens=290986
[n4_gt_false_seed2_gamma_p3_click_button_shared_consolidated_expel] t=00 family=click-button success=1.000 cost=0.067 stall=0.000 biderr=0.000 mem=0 tokens=46254
[n4_gt_false_seed2_gamma_p3_click_button_shared_consolidated_expel] t=01 family=click-button success=1.000 cost=0.067 stall=0.000 biderr=0.000 mem=3 tokens=112040
[n4_gt_false_seed2_gamma_p3_click_button_shared_consolidated_expel] t=02 family=click-button success=1.000 cost=0.067 stall=0.000 biderr=0.000 mem=3 tokens=178898
[n4_gt_false_seed2_gamma_p3_click_button_shared_consolidated_expel] t=03 family=click-button success=1.000 cost=0.067 stall=0.000 biderr=0.000 mem=3 tokens=245677
[n4_gt_false_seed0_gamma_p3_choose_list_frozen_reviewer] t=00 family=choose-list success=0.250 cost=0.767 stall=0.750 biderr=0.000 mem=0 tokens=917076
[n4_gt_false_seed0_gamma_p3_choose_list_frozen_reviewer] t=01 family=choose-list success=0.292 cost=0.744 stall=0.750 biderr=0.000 mem=8 tokens=2293232
[n4_gt_false_seed0_gamma_p3_choose_list_frozen_reviewer] t=02 family=choose-list success=0.271 cost=0.756 stall=0.750 biderr=0.000 mem=9 tokens=3462543
[n4_gt_false_seed0_gamma_p3_choose_list_frozen_reviewer] t=03 family=choose-list success=0.271 cost=0.758 stall=0.750 biderr=0.000 mem=10 tokens=4768783
[n4_gt_false_seed0_gamma_p3_choose_list_shared_append_ga] t=00 family=choose-list success=0.250 cost=0.767 stall=0.750 biderr=0.000 mem=0 tokens=930416
[n4_gt_false_seed0_gamma_p3_choose_list_shared_append_ga] t=01 family=choose-list success=0.250 cost=0.772 stall=0.750 biderr=0.000 mem=21 tokens=2384311
[n4_gt_false_seed0_gamma_p3_choose_list_shared_append_ga] t=02 family=choose-list success=0.250 cost=0.779 stall=0.750 biderr=0.000 mem=39 tokens=3669692
[n4_gt_false_seed0_gamma_p3_choose_list_shared_append_ga] t=03 family=choose-list success=0.250 cost=0.775 stall=0.750 biderr=0.000 mem=45 tokens=5143054
[n4_gt_false_seed0_gamma_p3_choose_list_shared_consolidated_expel] t=00 family=choose-list success=0.250 cost=0.767 stall=0.750 biderr=0.000 mem=0 tokens=925617
[n4_gt_false_seed0_gamma_p3_choose_list_shared_consolidated_expel] t=01 family=choose-list success=0.271 cost=0.764 stall=0.750 biderr=0.000 mem=7 tokens=2309547
[n4_gt_false_seed0_gamma_p3_choose_list_shared_consolidated_expel] t=02 family=choose-list success=0.250 cost=0.768 stall=0.750 biderr=0.000 mem=9 tokens=3480152
[n4_gt_false_seed0_gamma_p3_choose_list_shared_consolidated_expel] t=03 family=choose-list success=0.250 cost=0.771 stall=0.750 biderr=0.000 mem=10 tokens=4867455
[n4_gt_false_seed1_gamma_p3_choose_list_frozen_reviewer] t=00 family=choose-list success=0.250 cost=0.767 stall=0.750 biderr=0.000 mem=0 tokens=955657
[n4_gt_false_seed1_gamma_p3_choose_list_frozen_reviewer] t=01 family=choose-list success=0.292 cost=0.751 stall=0.750 biderr=0.000 mem=6 tokens=1900877
[n4_gt_false_seed1_gamma_p3_choose_list_frozen_reviewer] t=02 family=choose-list success=0.271 cost=0.757 stall=0.750 biderr=0.000 mem=10 tokens=3294141
[n4_gt_false_seed1_gamma_p3_choose_list_frozen_reviewer] t=03 family=choose-list success=0.271 cost=0.760 stall=0.750 biderr=0.000 mem=12 tokens=4586442
[n4_gt_false_seed1_gamma_p3_choose_list_shared_append_ga] t=00 family=choose-list success=0.250 cost=0.767 stall=0.750 biderr=0.000 mem=0 tokens=944226
[n4_gt_false_seed1_gamma_p3_choose_list_shared_append_ga] t=01 family=choose-list success=0.271 cost=0.756 stall=0.750 biderr=0.000 mem=24 tokens=1905915
[n4_gt_false_seed1_gamma_p3_choose_list_shared_append_ga] t=02 family=choose-list success=0.250 cost=0.769 stall=0.750 biderr=0.000 mem=43 tokens=3365293
[n4_gt_false_seed1_gamma_p3_choose_list_shared_append_ga] t=03 family=choose-list success=0.250 cost=0.775 stall=0.750 biderr=0.000 mem=58 tokens=4745358
[n4_gt_false_seed1_gamma_p3_choose_list_shared_consolidated_expel] t=00 family=choose-list success=0.250 cost=0.767 stall=0.750 biderr=0.000 mem=0 tokens=934683
[n4_gt_false_seed1_gamma_p3_choose_list_shared_consolidated_expel] t=01 family=choose-list success=0.250 cost=0.767 stall=0.750 biderr=0.000 mem=3 tokens=1932146
[n4_gt_false_seed1_gamma_p3_choose_list_shared_consolidated_expel] t=02 family=choose-list success=0.250 cost=0.771 stall=0.750 biderr=0.000 mem=9 tokens=3464275
[n4_gt_false_seed1_gamma_p3_choose_list_shared_consolidated_expel] t=03 family=choose-list success=0.250 cost=0.771 stall=0.750 biderr=0.000 mem=10 tokens=4861308
[n4_gt_false_seed2_gamma_p3_choose_list_frozen_reviewer] t=00 family=choose-list success=0.271 cost=0.757 stall=0.750 biderr=0.000 mem=0 tokens=923752
[n4_gt_false_seed2_gamma_p3_choose_list_frozen_reviewer] t=01 family=choose-list success=0.292 cost=0.746 stall=0.750 biderr=0.000 mem=9 tokens=2187746
[n4_gt_false_seed2_gamma_p3_choose_list_frozen_reviewer] t=02 family=choose-list success=0.292 cost=0.746 stall=0.750 biderr=0.000 mem=11 tokens=3326639
[n4_gt_false_seed2_gamma_p3_choose_list_frozen_reviewer] t=03 family=choose-list success=0.271 cost=0.756 stall=0.750 biderr=0.000 mem=11 tokens=4378921
[n4_gt_false_seed2_gamma_p3_choose_list_shared_append_ga] t=00 family=choose-list success=0.250 cost=0.767 stall=0.750 biderr=0.000 mem=0 tokens=959934
[n4_gt_false_seed2_gamma_p3_choose_list_shared_append_ga] t=01 family=choose-list success=0.250 cost=0.771 stall=0.750 biderr=0.000 mem=25 tokens=2293723
