Starting Slop Code CLI
	Seed: 42
	Verbose: 0
--------------------------------
Running inference on problem: execution_server
Using provider API key env override: MODELARTS_MAAS_KEY
[2m2026-07-14 13:28:45[0m [[32m[1minfo     [0m] [1mStarting agent run problem='execution_server'[0m
[2m2026-07-14 13:28:45[0m [[32m[1minfo     [0m] [1mSetting up agent run output_path=PosixPath('/outputs/execution_server') problem='execution_server' resuming=False[0m
[2m2026-07-14 13:28:45[0m [[32m[1minfo     [0m] [1mStarting problem run checkpoints=2 problem='execution_server' skipping=0[0m
[2m2026-07-14 13:28:45[0m [[32m[1minfo     [0m] [1mRunning checkpoint checkpoint='checkpoint_1' index=1 total=2[0m
[2m2026-07-14 13:28:45[0m [[32m[1minfo     [0m] [1mStarting agent for the first checkpoint checkpoint='checkpoint_1'[0m
[2m2026-07-14 13:28:45[0m [[32m[1minfo     [0m] [1mRunning inference for checkpoint checkpoint='checkpoint_1'[0m
[2m2026-07-14 13:28:45[0m [[32m[1minfo     [0m] [1mRunning checkpoint task with inference mode checkpoint='checkpoint_1'[0m
[2m2026-07-14 13:28:49[0m [[32m[1minfo     [0m] [1mFinished a step               [0m [36mcost[0m=[35m0.0[0m [36mgenerated_tokens[0m=[35m35[0m [36minput_tokens[0m=[35m1971[0m [36mreasoning_tokens[0m=[35m0[0m [36mstep[0m=[35m1[0m [36mtotal_tokens[0m=[35m2006[0m
[2m2026-07-14 13:28:50[0m [[32m[1minfo     [0m] [1mFinished a step               [0m [36mcost[0m=[35m0.0[0m [36mgenerated_tokens[0m=[35m27[0m [36minput_tokens[0m=[35m2096[0m [36mreasoning_tokens[0m=[35m0[0m [36mstep[0m=[35m2[0m [36mtotal_tokens[0m=[35m2123[0m
[2m2026-07-14 13:29:41[0m [[32m[1minfo     [0m] [1mFinished a step               [0m [36mcost[0m=[35m0.0[0m [36mgenerated_tokens[0m=[35m1472[0m [36minput_tokens[0m=[35m2236[0m [36mreasoning_tokens[0m=[35m0[0m [36mstep[0m=[35m3[0m [36mtotal_tokens[0m=[35m3708[0m
[2m2026-07-14 13:29:43[0m [[32m[1minfo     [0m] [1mFinished a step               [0m [36mcost[0m=[35m0.0[0m [36mgenerated_tokens[0m=[35m37[0m [36minput_tokens[0m=[35m3732[0m [36mreasoning_tokens[0m=[35m0[0m [36mstep[0m=[35m4[0m [36mtotal_tokens[0m=[35m3769[0m
[2m2026-07-14 13:30:18[0m [[32m[1minfo     [0m] [1mFinished a step               [0m [36mcost[0m=[35m0.0[0m [36mgenerated_tokens[0m=[35m89[0m [36minput_tokens[0m=[35m5186[0m [36mreasoning_tokens[0m=[35m0[0m [36mstep[0m=[35m5[0m [36mtotal_tokens[0m=[35m5275[0m
[2m2026-07-14 13:30:26[0m [[32m[1minfo     [0m] [1mFinished a step               [0m [36mcost[0m=[35m0.0[0m [36mgenerated_tokens[0m=[35m131[0m [36minput_tokens[0m=[35m5462[0m [36mreasoning_tokens[0m=[35m0[0m [36mstep[0m=[35m6[0m [36mtotal_tokens[0m=[35m5593[0m
[2m2026-07-14 13:30:47[0m [[32m[1minfo     [0m] [1mFinished a step               [0m [36mcost[0m=[35m0.0[0m [36mgenerated_tokens[0m=[35m477[0m [36minput_tokens[0m=[35m5693[0m [36mreasoning_tokens[0m=[35m0[0m [36mstep[0m=[35m7[0m [36mtotal_tokens[0m=[35m6170[0m
[2m2026-07-14 13:30:58[0m [[32m[1minfo     [0m] [1mFinished a step               [0m [36mcost[0m=[35m0.0[0m [36mgenerated_tokens[0m=[35m278[0m [36minput_tokens[0m=[35m6621[0m [36mreasoning_tokens[0m=[35m0[0m [36mstep[0m=[35m8[0m [36mtotal_tokens[0m=[35m6899[0m
[2m2026-07-14 13:31:04[0m [[32m[1minfo     [0m] [1mFinished a step               [0m [36mcost[0m=[35m0.0[0m [36mgenerated_tokens[0m=[35m113[0m [36minput_tokens[0m=[35m7101[0m [36mreasoning_tokens[0m=[35m0[0m [36mstep[0m=[35m9[0m [36mtotal_tokens[0m=[35m7214[0m
[2m2026-07-14 13:31:07[0m [[32m[1minfo     [0m] [1mFinished a step               [0m [36mcost[0m=[35m0.0[0m [36mgenerated_tokens[0m=[35m70[0m [36minput_tokens[0m=[35m7250[0m [36mreasoning_tokens[0m=[35m0[0m [36mstep[0m=[35m10[0m [36mtotal_tokens[0m=[35m7320[0m
[2m2026-07-14 13:31:22[0m [[32m[1minfo     [0m] [1mFinished a step               [0m [36mcost[0m=[35m0.0[0m [36mgenerated_tokens[0m=[35m322[0m [36minput_tokens[0m=[35m7363[0m [36mreasoning_tokens[0m=[35m0[0m [36mstep[0m=[35m11[0m [36mtotal_tokens[0m=[35m7685[0m
[2m2026-07-14 13:31:22[0m [[32m[1minfo     [0m] [1mCompleted checkpoint inference checkpoint='checkpoint_1'[0m
[2m2026-07-14 13:31:22[0m [[32m[1minfo     [0m] [1mSaving agent checkpoint info compress_artifacts=False output_path=PosixPath('/outputs/execution_server/checkpoint_1')[0m
[2m2026-07-14 13:31:22[0m [[32m[1minfo     [0m] [1mStarting checkpoint evaluation checkpoint='checkpoint_1'[0m
[2m2026-07-14 13:31:23[0m [[32m[1minfo     [0m] [1mStarting pytest evaluation checkpoint='checkpoint_1' environment='local' problem='execution_server' submission_path='/outputs/execution_server/checkpoint_1/snapshot'[0m
[2m2026-07-14 13:31:23[0m [[32m[1minfo     [0m] [1mMaterialized static assets for tests assets=['antmill_requirements'] count=1[0m
[2m2026-07-14 13:31:23[0m [[32m[1minfo     [0m] [1mStatic assets materialized asset_count=1 assets=['antmill_requirements'][0m
[2m2026-07-14 13:31:23[0m [[32m[1minfo     [0m] [1mExecuting pytest              [0m
[2m2026-07-14 13:31:39[0m [[32m[1minfo     [0m] [1mPytest execution complete duration=12.326369524002075 exit_code=1[0m
[2m2026-07-14 13:31:39[0m [[32m[1minfo     [0m] [1mParsed CTRF report path='/tmp/tmpjnm7176l/.scbench/ctrf-report.json' test_count=45[0m
[2m2026-07-14 13:31:39[0m [[32m[1minfo     [0m] [1mPytest evaluation complete checkpoint='checkpoint_1' infrastructure_failure=False problem='execution_server' status_counts={'passed': 43, 'failed': 2}[0m
[2m2026-07-14 13:31:39[0m [[32m[1minfo     [0m] [1mCheckpoint finished checkpoint_name='checkpoint_1' had_error=False pass_policy='any' passed_policy=True save_dir='/outputs/execution_server/checkpoint_1'[0m
[2m2026-07-14 13:31:39[0m [[32m[1minfo     [0m] [1mRunning checkpoint checkpoint='checkpoint_2' index=2 total=2[0m
[2m2026-07-14 13:31:39[0m [[32m[1minfo     [0m] [1mResetting agent context for the checkpoint checkpoint='checkpoint_2'[0m
[2m2026-07-14 13:31:39[0m [[32m[1minfo     [0m] [1mRunning inference for checkpoint checkpoint='checkpoint_2'[0m
[2m2026-07-14 13:31:39[0m [[32m[1minfo     [0m] [1mRunning checkpoint task with inference mode checkpoint='checkpoint_2'[0m
[2m2026-07-14 13:31:41[0m [[32m[1minfo     [0m] [1mFinished a step               [0m [36mcost[0m=[35m0.0[0m [36mgenerated_tokens[0m=[35m43[0m [36minput_tokens[0m=[35m1599[0m [36mreasoning_tokens[0m=[35m0[0m [36mstep[0m=[35m1[0m [36mtotal_tokens[0m=[35m1642[0m
[2m2026-07-14 13:31:43[0m [[32m[1minfo     [0m] [1mFinished a step               [0m [36mcost[0m=[35m0.0[0m [36mgenerated_tokens[0m=[35m34[0m [36minput_tokens[0m=[35m1756[0m [36mreasoning_tokens[0m=[35m0[0m [36mstep[0m=[35m2[0m [36mtotal_tokens[0m=[35m1790[0m
[2m2026-07-14 13:31:48[0m [[32m[1minfo     [0m] [1mFinished a step               [0m [36mcost[0m=[35m0.0[0m [36mgenerated_tokens[0m=[35m119[0m [36minput_tokens[0m=[35m3208[0m [36mreasoning_tokens[0m=[35m0[0m [36mstep[0m=[35m3[0m [36mtotal_tokens[0m=[35m3327[0m
[2m2026-07-14 13:32:03[0m [[32m[1minfo     [0m] [1mFinished a step               [0m [36mcost[0m=[35m0.0[0m [36mgenerated_tokens[0m=[35m428[0m [36minput_tokens[0m=[35m3439[0m [36mreasoning_tokens[0m=[35m0[0m [36mstep[0m=[35m4[0m [36mtotal_tokens[0m=[35m3867[0m
[2m2026-07-14 13:32:37[0m [[32m[1minfo     [0m] [1mFinished a step               [0m [36mcost[0m=[35m0.0[0m [36mgenerated_tokens[0m=[35m61[0m [36minput_tokens[0m=[35m3891[0m [36mreasoning_tokens[0m=[35m0[0m [36mstep[0m=[35m5[0m [36mtotal_tokens[0m=[35m3952[0m
[2m2026-07-14 13:33:40[0m [[32m[1minfo     [0m] [1mFinished a step               [0m [36mcost[0m=[35m0.0[0m [36mgenerated_tokens[0m=[35m1842[0m [36minput_tokens[0m=[35m4501[0m [36mreasoning_tokens[0m=[35m0[0m [36mstep[0m=[35m6[0m [36mtotal_tokens[0m=[35m6343[0m
[2m2026-07-14 13:33:46[0m [[32m[1minfo     [0m] [1mFinished a step               [0m [36mcost[0m=[35m0.0[0m [36mgenerated_tokens[0m=[35m67[0m [36minput_tokens[0m=[35m6367[0m [36mreasoning_tokens[0m=[35m0[0m [36mstep[0m=[35m7[0m [36mtotal_tokens[0m=[35m6434[0m
[2m2026-07-14 13:34:04[0m [[32m[1minfo     [0m] [1mFinished a step               [0m [36mcost[0m=[35m0.0[0m [36mgenerated_tokens[0m=[35m328[0m [36minput_tokens[0m=[35m6741[0m [36mreasoning_tokens[0m=[35m0[0m [36mstep[0m=[35m8[0m [36mtotal_tokens[0m=[35m7069[0m
[2m2026-07-14 13:34:10[0m [[32m[1minfo     [0m] [1mFinished a step               [0m [36mcost[0m=[35m0.0[0m [36mgenerated_tokens[0m=[35m152[0m [36minput_tokens[0m=[35m7167[0m [36mreasoning_tokens[0m=[35m0[0m [36mstep[0m=[35m9[0m [36mtotal_tokens[0m=[35m7319[0m
[2m2026-07-14 13:34:20[0m [[32m[1minfo     [0m] [1mFinished a step               [0m [36mcost[0m=[35m0.0[0m [36mgenerated_tokens[0m=[35m111[0m [36minput_tokens[0m=[35m7554[0m [36mreasoning_tokens[0m=[35m0[0m [36mstep[0m=[35m10[0m [36mtotal_tokens[0m=[35m7665[0m
[2m2026-07-14 13:34:26[0m [[32m[1minfo     [0m] [1mFinished a step               [0m [36mcost[0m=[35m0.0[0m [36mgenerated_tokens[0m=[35m65[0m [36minput_tokens[0m=[35m7976[0m [36mreasoning_tokens[0m=[35m0[0m [36mstep[0m=[35m11[0m [36mtotal_tokens[0m=[35m8041[0m
[2m2026-07-14 13:34:33[0m [[32m[1minfo     [0m] [1mFinished a step               [0m [36mcost[0m=[35m0.0[0m [36mgenerated_tokens[0m=[35m123[0m [36minput_tokens[0m=[35m8068[0m [36mreasoning_tokens[0m=[35m0[0m [36mstep[0m=[35m12[0m [36mtotal_tokens[0m=[35m8191[0m
[2m2026-07-14 13:34:43[0m [[32m[1minfo     [0m] [1mFinished a step               [0m [36mcost[0m=[35m0.0[0m [36mgenerated_tokens[0m=[35m149[0m [36minput_tokens[0m=[35m8227[0m [36mreasoning_tokens[0m=[35m0[0m [36mstep[0m=[35m13[0m [36mtotal_tokens[0m=[35m8376[0m
[2m2026-07-14 13:34:50[0m [[32m[1minfo     [0m] [1mFinished a step               [0m [36mcost[0m=[35m0.0[0m [36mgenerated_tokens[0m=[35m96[0m [36minput_tokens[0m=[35m8756[0m [36mreasoning_tokens[0m=[35m0[0m [36mstep[0m=[35m14[0m [36mtotal_tokens[0m=[35m8852[0m
[2m2026-07-14 13:34:54[0m [[32m[1minfo     [0m] [1mFinished a step               [0m [36mcost[0m=[35m0.0[0m [36mgenerated_tokens[0m=[35m56[0m [36minput_tokens[0m=[35m8876[0m [36mreasoning_tokens[0m=[35m0[0m [36mstep[0m=[35m15[0m [36mtotal_tokens[0m=[35m8932[0m
[2m2026-07-14 13:35:01[0m [[32m[1minfo     [0m] [1mFinished a step               [0m [36mcost[0m=[35m0.0[0m [36mgenerated_tokens[0m=[35m129[0m [36minput_tokens[0m=[35m8967[0m [36mreasoning_tokens[0m=[35m0[0m [36mstep[0m=[35m16[0m [36mtotal_tokens[0m=[35m9096[0m
[2m2026-07-14 13:35:05[0m [[32m[1minfo     [0m] [1mFinished a step               [0m [36mcost[0m=[35m0.0[0m [36mgenerated_tokens[0m=[35m50[0m [36minput_tokens[0m=[35m9135[0m [36mreasoning_tokens[0m=[35m0[0m [36mstep[0m=[35m17[0m [36mtotal_tokens[0m=[35m9185[0m
[2m2026-07-14 13:35:12[0m [[32m[1minfo     [0m] [1mFinished a step               [0m [36mcost[0m=[35m0.0[0m [36mgenerated_tokens[0m=[35m66[0m [36minput_tokens[0m=[35m9373[0m [36mreasoning_tokens[0m=[35m0[0m [36mstep[0m=[35m18[0m [36mtotal_tokens[0m=[35m9439[0m
[2m2026-07-14 13:35:17[0m [[32m[1minfo     [0m] [1mFinished a step               [0m [36mcost[0m=[35m0.0[0m [36mgenerated_tokens[0m=[35m64[0m [36minput_tokens[0m=[35m9514[0m [36mreasoning_tokens[0m=[35m0[0m [36mstep[0m=[35m19[0m [36mtotal_tokens[0m=[35m9578[0m
[2m2026-07-14 13:36:28[0m [[32m[1minfo     [0m] [1mFinished a step               [0m [36mcost[0m=[35m0.0[0m [36mgenerated_tokens[0m=[35m1972[0m [36minput_tokens[0m=[35m9933[0m [36mreasoning_tokens[0m=[35m0[0m [36mstep[0m=[35m20[0m [36mtotal_tokens[0m=[35m11905[0m
[2m2026-07-14 13:36:35[0m [[32m[1minfo     [0m] [1mFinished a step               [0m [36mcost[0m=[35m0.0[0m [36mgenerated_tokens[0m=[35m78[0m [36minput_tokens[0m=[35m11929[0m [36mreasoning_tokens[0m=[35m0[0m [36mstep[0m=[35m21[0m [36mtotal_tokens[0m=[35m12007[0m
[2m2026-07-14 13:36:47[0m [[32m[1minfo     [0m] [1mFinished a step               [0m [36mcost[0m=[35m0.0[0m [36mgenerated_tokens[0m=[35m222[0m [36minput_tokens[0m=[35m12445[0m [36mreasoning_tokens[0m=[35m0[0m [36mstep[0m=[35m22[0m [36mtotal_tokens[0m=[35m12667[0m
[2m2026-07-14 13:37:03[0m [[32m[1minfo     [0m] [1mFinished a step               [0m [36mcost[0m=[35m0.0[0m [36mgenerated_tokens[0m=[35m417[0m [36minput_tokens[0m=[35m12718[0m [36mreasoning_tokens[0m=[35m0[0m [36mstep[0m=[35m23[0m [36mtotal_tokens[0m=[35m13135[0m
[2m2026-07-14 13:37:09[0m [[32m[1minfo     [0m] [1mFinished a step               [0m [36mcost[0m=[35m0.0[0m [36mgenerated_tokens[0m=[35m117[0m [36minput_tokens[0m=[35m13398[0m [36mreasoning_tokens[0m=[35m0[0m [36mstep[0m=[35m24[0m [36mtotal_tokens[0m=[35m13515[0m
[2m2026-07-14 13:37:41[0m [[32m[1minfo     [0m] [1mFinished a step               [0m [36mcost[0m=[35m0.0[0m [36mgenerated_tokens[0m=[35m819[0m [36minput_tokens[0m=[35m15307[0m [36mreasoning_tokens[0m=[35m0[0m [36mstep[0m=[35m25[0m [36mtotal_tokens[0m=[35m16126[0m
[2m2026-07-14 13:37:45[0m [[32m[1minfo     [0m] [1mFinished a step               [0m [36mcost[0m=[35m0.0[0m [36mgenerated_tokens[0m=[35m43[0m [36minput_tokens[0m=[35m16213[0m [36mreasoning_tokens[0m=[35m0[0m [36mstep[0m=[35m26[0m [36mtotal_tokens[0m=[35m16256[0m
[2m2026-07-14 13:37:48[0m [[32m[1minfo     [0m] [1mFinished a step               [0m [36mcost[0m=[35m0.0[0m [36mgenerated_tokens[0m=[35m44[0m [36minput_tokens[0m=[35m16395[0m [36mreasoning_tokens[0m=[35m0[0m [36mstep[0m=[35m27[0m [36mtotal_tokens[0m=[35m16439[0m
[2m2026-07-14 13:37:54[0m [[32m[1minfo     [0m] [1mFinished a step               [0m [36mcost[0m=[35m0.0[0m [36mgenerated_tokens[0m=[35m143[0m [36minput_tokens[0m=[35m16551[0m [36mreasoning_tokens[0m=[35m0[0m [36mstep[0m=[35m28[0m [36mtotal_tokens[0m=[35m16694[0m
[2m2026-07-14 13:37:54[0m [[32m[1minfo     [0m] [1mCompleted checkpoint inference checkpoint='checkpoint_2'[0m
[2m2026-07-14 13:37:54[0m [[32m[1minfo     [0m] [1mSaving agent checkpoint info compress_artifacts=False output_path=PosixPath('/outputs/execution_server/checkpoint_2')[0m
[2m2026-07-14 13:37:54[0m [[32m[1minfo     [0m] [1mStarting checkpoint evaluation checkpoint='checkpoint_2'[0m
[2m2026-07-14 13:37:55[0m [[32m[1minfo     [0m] [1mStarting pytest evaluation checkpoint='checkpoint_2' environment='local' problem='execution_server' submission_path='/outputs/execution_server/checkpoint_2/snapshot'[0m
[2m2026-07-14 13:37:55[0m [[32m[1minfo     [0m] [1mMaterialized static assets for tests assets=['antmill_requirements'] count=1[0m
[2m2026-07-14 13:37:55[0m [[32m[1minfo     [0m] [1mStatic assets materialized asset_count=1 assets=['antmill_requirements'][0m
[2m2026-07-14 13:37:55[0m [[32m[1minfo     [0m] [1mExecuting pytest              [0m
[2m2026-07-14 13:38:06[0m [[32m[1minfo     [0m] [1mPytest execution complete duration=10.532849311828613 exit_code=1[0m
[2m2026-07-14 13:38:06[0m [[32m[1minfo     [0m] [1mParsed CTRF report path='/tmp/tmpgy6fhk4b/.scbench/ctrf-report.json' test_count=58[0m
[2m2026-07-14 13:38:06[0m [[32m[1minfo     [0m] [1mPytest evaluation complete checkpoint='checkpoint_2' infrastructure_failure=False problem='execution_server' status_counts={'passed': 56, 'failed': 2}[0m
[2m2026-07-14 13:38:06[0m [[32m[1minfo     [0m] [1mCheckpoint finished checkpoint_name='checkpoint_2' had_error=False pass_policy='any' passed_policy=True save_dir='/outputs/execution_server/checkpoint_2'[0m
[2m2026-07-14 13:38:06[0m [[32m[1minfo     [0m] [1mAll checkpoints completed successfully problem='execution_server'[0m
[2m2026-07-14 13:38:06[0m [[32m[1minfo     [0m] [1mSaving run info checkpoints=2 output_path=PosixPath('/outputs/execution_server') problem='execution_server'[0m
[2m2026-07-14 13:38:06[0m [[32m[1minfo     [0m] [1mRun info saved successfully passed_policy=True problem='execution_server' total_cost=0.0[0m
[2m2026-07-14 13:38:06[0m [[32m[1minfo     [0m] [1mAgent run finished final_state='completed' passed=True problem='execution_server'[0m
[2m2026-07-14 13:38:06[0m [[32m[1minfo     [0m] [1mProblem run completed problem='execution_server'[0m
