Starting Slop Code CLI
	Seed: 42
	Verbose: 0
--------------------------------
Running inference on problem: datagate
Using provider API key env override: KIMI_CODING_API_KEY
[2m2026-07-14 11:00:55[0m [[32m[1minfo     [0m] [1mStarting agent run problem='datagate'[0m
[2m2026-07-14 11:00:55[0m [[32m[1minfo     [0m] [1mSetting up agent run output_path=PosixPath('/outputs/datagate') problem='datagate' resuming=False[0m
[2m2026-07-14 11:00:55[0m [[32m[1minfo     [0m] [1mStarting problem run checkpoints=3 problem='datagate' skipping=0[0m
[2m2026-07-14 11:00:55[0m [[32m[1minfo     [0m] [1mRunning checkpoint checkpoint='checkpoint_1' index=1 total=3[0m
[2m2026-07-14 11:00:55[0m [[32m[1minfo     [0m] [1mStarting agent for the first checkpoint checkpoint='checkpoint_1'[0m
[2m2026-07-14 11:00:55[0m [[32m[1minfo     [0m] [1mRunning inference for checkpoint checkpoint='checkpoint_1'[0m
[2m2026-07-14 11:00:55[0m [[32m[1minfo     [0m] [1mRunning checkpoint task with inference mode checkpoint='checkpoint_1'[0m
[2m2026-07-14 11:00:57[0m [[32m[1minfo     [0m] [1mFinished a step               [0m [36mcost[0m=[35m0.0[0m [36mgenerated_tokens[0m=[35m36[0m [36minput_tokens[0m=[35m1324[0m [36mreasoning_tokens[0m=[35m0[0m [36mstep[0m=[35m1[0m [36mtotal_tokens[0m=[35m1360[0m
[2m2026-07-14 11:00:59[0m [[32m[1minfo     [0m] [1mFinished a step               [0m [36mcost[0m=[35m0.0[0m [36mgenerated_tokens[0m=[35m27[0m [36minput_tokens[0m=[35m1450[0m [36mreasoning_tokens[0m=[35m0[0m [36mstep[0m=[35m2[0m [36mtotal_tokens[0m=[35m1477[0m
[2m2026-07-14 11:01:44[0m [[32m[1minfo     [0m] [1mFinished a step               [0m [36mcost[0m=[35m0.0[0m [36mgenerated_tokens[0m=[35m1331[0m [36minput_tokens[0m=[35m1532[0m [36mreasoning_tokens[0m=[35m0[0m [36mstep[0m=[35m3[0m [36mtotal_tokens[0m=[35m2863[0m
[2m2026-07-14 11:01:46[0m [[32m[1minfo     [0m] [1mFinished a step               [0m [36mcost[0m=[35m0.0[0m [36mgenerated_tokens[0m=[35m39[0m [36minput_tokens[0m=[35m2887[0m [36mreasoning_tokens[0m=[35m0[0m [36mstep[0m=[35m4[0m [36mtotal_tokens[0m=[35m2926[0m
[2m2026-07-14 11:02:08[0m [[32m[1minfo     [0m] [1mFinished a step               [0m [36mcost[0m=[35m0.0[0m [36mgenerated_tokens[0m=[35m1501[0m [36minput_tokens[0m=[35m2953[0m [36mreasoning_tokens[0m=[35m0[0m [36mstep[0m=[35m5[0m [36mtotal_tokens[0m=[35m4454[0m
[2m2026-07-14 11:02:34[0m [[32m[1minfo     [0m] [1mFinished a step               [0m [36mcost[0m=[35m0.0[0m [36mgenerated_tokens[0m=[35m1537[0m [36minput_tokens[0m=[35m4552[0m [36mreasoning_tokens[0m=[35m0[0m [36mstep[0m=[35m6[0m [36mtotal_tokens[0m=[35m6089[0m
[2m2026-07-14 11:02:54[0m [[32m[1minfo     [0m] [1mFinished a step               [0m [36mcost[0m=[35m0.0[0m [36mgenerated_tokens[0m=[35m1301[0m [36minput_tokens[0m=[35m6275[0m [36mreasoning_tokens[0m=[35m0[0m [36mstep[0m=[35m7[0m [36mtotal_tokens[0m=[35m7576[0m
[2m2026-07-14 11:03:34[0m [[32m[1minfo     [0m] [1mFinished a step               [0m [36mcost[0m=[35m0.0[0m [36mgenerated_tokens[0m=[35m746[0m [36minput_tokens[0m=[35m7681[0m [36mreasoning_tokens[0m=[35m0[0m [36mstep[0m=[35m8[0m [36mtotal_tokens[0m=[35m8427[0m
[2m2026-07-14 11:04:04[0m [[32m[1minfo     [0m] [1mFinished a step               [0m [36mcost[0m=[35m0.0[0m [36mgenerated_tokens[0m=[35m1886[0m [36minput_tokens[0m=[35m9228[0m [36mreasoning_tokens[0m=[35m0[0m [36mstep[0m=[35m9[0m [36mtotal_tokens[0m=[35m11114[0m
[2m2026-07-14 11:04:06[0m [[32m[1minfo     [0m] [1mFinished a step               [0m [36mcost[0m=[35m0.0[0m [36mgenerated_tokens[0m=[35m65[0m [36minput_tokens[0m=[35m11318[0m [36mreasoning_tokens[0m=[35m0[0m [36mstep[0m=[35m10[0m [36mtotal_tokens[0m=[35m11383[0m
[2m2026-07-14 11:04:26[0m [[32m[1minfo     [0m] [1mFinished a step               [0m [36mcost[0m=[35m0.0[0m [36mgenerated_tokens[0m=[35m1424[0m [36minput_tokens[0m=[35m12639[0m [36mreasoning_tokens[0m=[35m0[0m [36mstep[0m=[35m11[0m [36mtotal_tokens[0m=[35m14063[0m
[2m2026-07-14 11:04:28[0m [[32m[1minfo     [0m] [1mFinished a step               [0m [36mcost[0m=[35m0.0[0m [36mgenerated_tokens[0m=[35m69[0m [36minput_tokens[0m=[35m14188[0m [36mreasoning_tokens[0m=[35m0[0m [36mstep[0m=[35m12[0m [36mtotal_tokens[0m=[35m14257[0m
[2m2026-07-14 11:04:31[0m [[32m[1minfo     [0m] [1mFinished a step               [0m [36mcost[0m=[35m0.0[0m [36mgenerated_tokens[0m=[35m40[0m [36minput_tokens[0m=[35m14521[0m [36mreasoning_tokens[0m=[35m0[0m [36mstep[0m=[35m13[0m [36mtotal_tokens[0m=[35m14561[0m
[2m2026-07-14 11:04:37[0m [[32m[1minfo     [0m] [1mFinished a step               [0m [36mcost[0m=[35m0.0[0m [36mgenerated_tokens[0m=[35m137[0m [36minput_tokens[0m=[35m14700[0m [36mreasoning_tokens[0m=[35m0[0m [36mstep[0m=[35m14[0m [36mtotal_tokens[0m=[35m14837[0m
[2m2026-07-14 11:04:46[0m [[32m[1minfo     [0m] [1mFinished a step               [0m [36mcost[0m=[35m0.0[0m [36mgenerated_tokens[0m=[35m249[0m [36minput_tokens[0m=[35m14866[0m [36mreasoning_tokens[0m=[35m0[0m [36mstep[0m=[35m15[0m [36mtotal_tokens[0m=[35m15115[0m
[2m2026-07-14 11:04:46[0m [[32m[1minfo     [0m] [1mCompleted checkpoint inference checkpoint='checkpoint_1'[0m
[2m2026-07-14 11:04:46[0m [[32m[1minfo     [0m] [1mSaving agent checkpoint info compress_artifacts=False output_path=PosixPath('/outputs/datagate/checkpoint_1')[0m
[2m2026-07-14 11:04:46[0m [[32m[1minfo     [0m] [1mStarting checkpoint evaluation checkpoint='checkpoint_1'[0m
[2m2026-07-14 11:04:46[0m [[32m[1minfo     [0m] [1mStarting pytest evaluation checkpoint='checkpoint_1' environment='local' problem='datagate' submission_path='/outputs/datagate/checkpoint_1/snapshot'[0m
[2m2026-07-14 11:04:46[0m [[32m[1minfo     [0m] [1mMaterialized static assets for tests assets=['antmill_requirements'] count=1[0m
[2m2026-07-14 11:04:46[0m [[32m[1minfo     [0m] [1mStatic assets materialized asset_count=1 assets=['antmill_requirements'][0m
[2m2026-07-14 11:04:46[0m [[32m[1minfo     [0m] [1mExecuting pytest              [0m
[2m2026-07-14 11:05:11[0m [[32m[1minfo     [0m] [1mPytest execution complete duration=23.49941349029541 exit_code=1[0m
[2m2026-07-14 11:05:11[0m [[32m[1minfo     [0m] [1mParsed CTRF report path='/tmp/tmp3wl2bueh/.scbench/ctrf-report.json' test_count=50[0m
[2m2026-07-14 11:05:11[0m [[32m[1minfo     [0m] [1mPytest evaluation complete checkpoint='checkpoint_1' infrastructure_failure=False problem='datagate' status_counts={'passed': 47, 'failed': 3}[0m
[2m2026-07-14 11:05:11[0m [[32m[1minfo     [0m] [1mCheckpoint finished checkpoint_name='checkpoint_1' had_error=False pass_policy='any' passed_policy=True save_dir='/outputs/datagate/checkpoint_1'[0m
[2m2026-07-14 11:05:11[0m [[32m[1minfo     [0m] [1mRunning checkpoint checkpoint='checkpoint_2' index=2 total=3[0m
[2m2026-07-14 11:05:11[0m [[32m[1minfo     [0m] [1mResetting agent context for the checkpoint checkpoint='checkpoint_2'[0m
[2m2026-07-14 11:05:11[0m [[32m[1minfo     [0m] [1mRunning inference for checkpoint checkpoint='checkpoint_2'[0m
[2m2026-07-14 11:05:11[0m [[32m[1minfo     [0m] [1mRunning checkpoint task with inference mode checkpoint='checkpoint_2'[0m
[2m2026-07-14 11:05:13[0m [[32m[1minfo     [0m] [1mFinished a step               [0m [36mcost[0m=[35m0.0[0m [36mgenerated_tokens[0m=[35m43[0m [36minput_tokens[0m=[35m1218[0m [36mreasoning_tokens[0m=[35m0[0m [36mstep[0m=[35m1[0m [36mtotal_tokens[0m=[35m1261[0m
[2m2026-07-14 11:05:15[0m [[32m[1minfo     [0m] [1mFinished a step               [0m [36mcost[0m=[35m0.0[0m [36mgenerated_tokens[0m=[35m32[0m [36minput_tokens[0m=[35m1400[0m [36mreasoning_tokens[0m=[35m0[0m [36mstep[0m=[35m2[0m [36mtotal_tokens[0m=[35m1432[0m
[2m2026-07-14 11:05:17[0m [[32m[1minfo     [0m] [1mFinished a step               [0m [36mcost[0m=[35m0.0[0m [36mgenerated_tokens[0m=[35m54[0m [36minput_tokens[0m=[35m2688[0m [36mreasoning_tokens[0m=[35m0[0m [36mstep[0m=[35m3[0m [36mtotal_tokens[0m=[35m2742[0m
[2m2026-07-14 11:06:08[0m [[32m[1minfo     [0m] [1mFinished a step               [0m [36mcost[0m=[35m0.0[0m [36mgenerated_tokens[0m=[35m2519[0m [36minput_tokens[0m=[35m2797[0m [36mreasoning_tokens[0m=[35m0[0m [36mstep[0m=[35m4[0m [36mtotal_tokens[0m=[35m5316[0m
[2m2026-07-14 11:06:40[0m [[32m[1minfo     [0m] [1mFinished a step               [0m [36mcost[0m=[35m0.0[0m [36mgenerated_tokens[0m=[35m2331[0m [36minput_tokens[0m=[35m5340[0m [36mreasoning_tokens[0m=[35m0[0m [36mstep[0m=[35m5[0m [36mtotal_tokens[0m=[35m7671[0m
[2m2026-07-14 11:07:11[0m [[32m[1minfo     [0m] [1mFinished a step               [0m [36mcost[0m=[35m0.0[0m [36mgenerated_tokens[0m=[35m2395[0m [36minput_tokens[0m=[35m7695[0m [36mreasoning_tokens[0m=[35m0[0m [36mstep[0m=[35m6[0m [36mtotal_tokens[0m=[35m10090[0m
[2m2026-07-14 11:07:43[0m [[32m[1minfo     [0m] [1mFinished a step               [0m [36mcost[0m=[35m0.0[0m [36mgenerated_tokens[0m=[35m2335[0m [36minput_tokens[0m=[35m10114[0m [36mreasoning_tokens[0m=[35m0[0m [36mstep[0m=[35m7[0m [36mtotal_tokens[0m=[35m12449[0m
[2m2026-07-14 11:08:19[0m [[32m[1minfo     [0m] [1mFinished a step               [0m [36mcost[0m=[35m0.0[0m [36mgenerated_tokens[0m=[35m2713[0m [36minput_tokens[0m=[35m12581[0m [36mreasoning_tokens[0m=[35m0[0m [36mstep[0m=[35m8[0m [36mtotal_tokens[0m=[35m15294[0m
[2m2026-07-14 11:08:48[0m [[32m[1minfo     [0m] [1mFinished a step               [0m [36mcost[0m=[35m0.0[0m [36mgenerated_tokens[0m=[35m2403[0m [36minput_tokens[0m=[35m15558[0m [36mreasoning_tokens[0m=[35m0[0m [36mstep[0m=[35m9[0m [36mtotal_tokens[0m=[35m17961[0m
[2m2026-07-14 11:09:20[0m [[32m[1minfo     [0m] [1mFinished a step               [0m [36mcost[0m=[35m0.0[0m [36mgenerated_tokens[0m=[35m2410[0m [36minput_tokens[0m=[35m18139[0m [36mreasoning_tokens[0m=[35m0[0m [36mstep[0m=[35m10[0m [36mtotal_tokens[0m=[35m20549[0m
[2m2026-07-14 11:09:43[0m [[32m[1minfo     [0m] [1mFinished a step               [0m [36mcost[0m=[35m0.0[0m [36mgenerated_tokens[0m=[35m1504[0m [36minput_tokens[0m=[35m21695[0m [36mreasoning_tokens[0m=[35m0[0m [36mstep[0m=[35m11[0m [36mtotal_tokens[0m=[35m23199[0m
[2m2026-07-14 11:09:45[0m [[32m[1minfo     [0m] [1mFinished a step               [0m [36mcost[0m=[35m0.0[0m [36mgenerated_tokens[0m=[35m41[0m [36minput_tokens[0m=[35m23611[0m [36mreasoning_tokens[0m=[35m0[0m [36mstep[0m=[35m12[0m [36mtotal_tokens[0m=[35m23652[0m
[2m2026-07-14 11:09:52[0m [[32m[1minfo     [0m] [1mFinished a step               [0m [36mcost[0m=[35m0.0[0m [36mgenerated_tokens[0m=[35m56[0m [36minput_tokens[0m=[35m26007[0m [36mreasoning_tokens[0m=[35m0[0m [36mstep[0m=[35m13[0m [36mtotal_tokens[0m=[35m26063[0m
[2m2026-07-14 11:09:55[0m [[32m[1minfo     [0m] [1mFinished a step               [0m [36mcost[0m=[35m0.0[0m [36mgenerated_tokens[0m=[35m37[0m [36minput_tokens[0m=[35m26087[0m [36mreasoning_tokens[0m=[35m0[0m [36mstep[0m=[35m14[0m [36mtotal_tokens[0m=[35m26124[0m
[2m2026-07-14 11:10:03[0m [[32m[1minfo     [0m] [1mFinished a step               [0m [36mcost[0m=[35m0.0[0m [36mgenerated_tokens[0m=[35m253[0m [36minput_tokens[0m=[35m26263[0m [36mreasoning_tokens[0m=[35m0[0m [36mstep[0m=[35m15[0m [36mtotal_tokens[0m=[35m26516[0m
[2m2026-07-14 11:10:03[0m [[32m[1minfo     [0m] [1mCompleted checkpoint inference checkpoint='checkpoint_2'[0m
[2m2026-07-14 11:10:03[0m [[32m[1minfo     [0m] [1mSaving agent checkpoint info compress_artifacts=False output_path=PosixPath('/outputs/datagate/checkpoint_2')[0m
[2m2026-07-14 11:10:03[0m [[32m[1minfo     [0m] [1mStarting checkpoint evaluation checkpoint='checkpoint_2'[0m
[2m2026-07-14 11:10:03[0m [[32m[1minfo     [0m] [1mStarting pytest evaluation checkpoint='checkpoint_2' environment='local' problem='datagate' submission_path='/outputs/datagate/checkpoint_2/snapshot'[0m
[2m2026-07-14 11:10:03[0m [[32m[1minfo     [0m] [1mMaterialized static assets for tests assets=['antmill_requirements'] count=1[0m
[2m2026-07-14 11:10:03[0m [[32m[1minfo     [0m] [1mStatic assets materialized asset_count=1 assets=['antmill_requirements'][0m
[2m2026-07-14 11:10:03[0m [[32m[1minfo     [0m] [1mExecuting pytest              [0m
[2m2026-07-14 11:11:04[0m [[32m[1minfo     [0m] [1mPytest execution complete duration=60.873231410980225 exit_code=1[0m
[2m2026-07-14 11:11:04[0m [[32m[1minfo     [0m] [1mParsed CTRF report path='/tmp/tmpr03gcryl/.scbench/ctrf-report.json' test_count=122[0m
[2m2026-07-14 11:11:04[0m [[32m[1minfo     [0m] [1mPytest evaluation complete checkpoint='checkpoint_2' infrastructure_failure=False problem='datagate' status_counts={'passed': 116, 'failed': 6}[0m
[2m2026-07-14 11:11:04[0m [[32m[1minfo     [0m] [1mCheckpoint finished checkpoint_name='checkpoint_2' had_error=False pass_policy='any' passed_policy=True save_dir='/outputs/datagate/checkpoint_2'[0m
[2m2026-07-14 11:11:04[0m [[32m[1minfo     [0m] [1mRunning checkpoint checkpoint='checkpoint_3' index=3 total=3[0m
[2m2026-07-14 11:11:04[0m [[32m[1minfo     [0m] [1mResetting agent context for the checkpoint checkpoint='checkpoint_3'[0m
[2m2026-07-14 11:11:04[0m [[32m[1minfo     [0m] [1mRunning inference for checkpoint checkpoint='checkpoint_3'[0m
[2m2026-07-14 11:11:04[0m [[32m[1minfo     [0m] [1mRunning checkpoint task with inference mode checkpoint='checkpoint_3'[0m
[2m2026-07-14 11:11:06[0m [[32m[1minfo     [0m] [1mFinished a step               [0m [36mcost[0m=[35m0.0[0m [36mgenerated_tokens[0m=[35m29[0m [36minput_tokens[0m=[35m1089[0m [36mreasoning_tokens[0m=[35m0[0m [36mstep[0m=[35m1[0m [36mtotal_tokens[0m=[35m1118[0m
[2m2026-07-14 11:11:09[0m [[32m[1minfo     [0m] [1mFinished a step               [0m [36mcost[0m=[35m0.0[0m [36mgenerated_tokens[0m=[35m29[0m [36minput_tokens[0m=[35m1257[0m [36mreasoning_tokens[0m=[35m0[0m [36mstep[0m=[35m2[0m [36mtotal_tokens[0m=[35m1286[0m
[2m2026-07-14 11:11:11[0m [[32m[1minfo     [0m] [1mFinished a step               [0m [36mcost[0m=[35m0.0[0m [36mgenerated_tokens[0m=[35m68[0m [36minput_tokens[0m=[35m3641[0m [36mreasoning_tokens[0m=[35m0[0m [36mstep[0m=[35m3[0m [36mtotal_tokens[0m=[35m3709[0m
[2m2026-07-14 11:11:31[0m [[32m[1minfo     [0m] [1mFinished a step               [0m [36mcost[0m=[35m0.0[0m [36mgenerated_tokens[0m=[35m758[0m [36minput_tokens[0m=[35m3764[0m [36mreasoning_tokens[0m=[35m0[0m [36mstep[0m=[35m4[0m [36mtotal_tokens[0m=[35m4522[0m
[2m2026-07-14 11:12:26[0m [[32m[1minfo     [0m] [1mFinished a step               [0m [36mcost[0m=[35m0.0[0m [36mgenerated_tokens[0m=[35m3393[0m [36minput_tokens[0m=[35m5859[0m [36mreasoning_tokens[0m=[35m0[0m [36mstep[0m=[35m5[0m [36mtotal_tokens[0m=[35m9252[0m
[2m2026-07-14 11:12:28[0m [[32m[1minfo     [0m] [1mFinished a step               [0m [36mcost[0m=[35m0.0[0m [36mgenerated_tokens[0m=[35m29[0m [36minput_tokens[0m=[35m9276[0m [36mreasoning_tokens[0m=[35m0[0m [36mstep[0m=[35m6[0m [36mtotal_tokens[0m=[35m9305[0m
[2m2026-07-14 11:12:44[0m [[32m[1minfo     [0m] [1mFinished a step               [0m [36mcost[0m=[35m0.0[0m [36mgenerated_tokens[0m=[35m984[0m [36minput_tokens[0m=[35m9934[0m [36mreasoning_tokens[0m=[35m0[0m [36mstep[0m=[35m7[0m [36mtotal_tokens[0m=[35m10918[0m
[2m2026-07-14 11:12:55[0m [[32m[1minfo     [0m] [1mFinished a step               [0m [36mcost[0m=[35m0.0[0m [36mgenerated_tokens[0m=[35m697[0m [36minput_tokens[0m=[35m12040[0m [36mreasoning_tokens[0m=[35m0[0m [36mstep[0m=[35m8[0m [36mtotal_tokens[0m=[35m12737[0m
[2m2026-07-14 11:13:07[0m [[32m[1minfo     [0m] [1mFinished a step               [0m [36mcost[0m=[35m0.0[0m [36mgenerated_tokens[0m=[35m704[0m [36minput_tokens[0m=[35m13292[0m [36mreasoning_tokens[0m=[35m0[0m [36mstep[0m=[35m9[0m [36mtotal_tokens[0m=[35m13996[0m
[2m2026-07-14 11:13:53[0m [[32m[1minfo     [0m] [1mFinished a step               [0m [36mcost[0m=[35m0.0[0m [36mgenerated_tokens[0m=[35m3617[0m [36minput_tokens[0m=[35m14350[0m [36mreasoning_tokens[0m=[35m0[0m [36mstep[0m=[35m10[0m [36mtotal_tokens[0m=[35m17967[0m
[2m2026-07-14 11:13:56[0m [[32m[1minfo     [0m] [1mFinished a step               [0m [36mcost[0m=[35m0.0[0m [36mgenerated_tokens[0m=[35m35[0m [36minput_tokens[0m=[35m17991[0m [36mreasoning_tokens[0m=[35m0[0m [36mstep[0m=[35m11[0m [36mtotal_tokens[0m=[35m18026[0m
[2m2026-07-14 11:14:06[0m [[32m[1minfo     [0m] [1mFinished a step               [0m [36mcost[0m=[35m0.0[0m [36mgenerated_tokens[0m=[35m356[0m [36minput_tokens[0m=[35m18380[0m [36mreasoning_tokens[0m=[35m0[0m [36mstep[0m=[35m12[0m [36mtotal_tokens[0m=[35m18736[0m
[2m2026-07-14 11:14:13[0m [[32m[1minfo     [0m] [1mFinished a step               [0m [36mcost[0m=[35m0.0[0m [36mgenerated_tokens[0m=[35m244[0m [36minput_tokens[0m=[35m18964[0m [36mreasoning_tokens[0m=[35m0[0m [36mstep[0m=[35m13[0m [36mtotal_tokens[0m=[35m19208[0m
[2m2026-07-14 11:14:22[0m [[32m[1minfo     [0m] [1mFinished a step               [0m [36mcost[0m=[35m0.0[0m [36mgenerated_tokens[0m=[35m461[0m [36minput_tokens[0m=[35m19291[0m [36mreasoning_tokens[0m=[35m0[0m [36mstep[0m=[35m14[0m [36mtotal_tokens[0m=[35m19752[0m
[2m2026-07-14 11:14:26[0m [[32m[1minfo     [0m] [1mFinished a step               [0m [36mcost[0m=[35m0.0[0m [36mgenerated_tokens[0m=[35m88[0m [36minput_tokens[0m=[35m19970[0m [36mreasoning_tokens[0m=[35m0[0m [36mstep[0m=[35m15[0m [36mtotal_tokens[0m=[35m20058[0m
[2m2026-07-14 11:14:32[0m [[32m[1minfo     [0m] [1mFinished a step               [0m [36mcost[0m=[35m0.0[0m [36mgenerated_tokens[0m=[35m54[0m [36minput_tokens[0m=[35m20843[0m [36mreasoning_tokens[0m=[35m0[0m [36mstep[0m=[35m16[0m [36mtotal_tokens[0m=[35m20897[0m
[2m2026-07-14 11:14:49[0m [[32m[1minfo     [0m] [1mFinished a step               [0m [36mcost[0m=[35m0.0[0m [36mgenerated_tokens[0m=[35m333[0m [36minput_tokens[0m=[35m21115[0m [36mreasoning_tokens[0m=[35m0[0m [36mstep[0m=[35m17[0m [36mtotal_tokens[0m=[35m21448[0m
[2m2026-07-14 11:14:54[0m [[32m[1minfo     [0m] [1mFinished a step               [0m [36mcost[0m=[35m0.0[0m [36mgenerated_tokens[0m=[35m153[0m [36minput_tokens[0m=[35m21557[0m [36mreasoning_tokens[0m=[35m0[0m [36mstep[0m=[35m18[0m [36mtotal_tokens[0m=[35m21710[0m
[2m2026-07-14 11:14:58[0m [[32m[1minfo     [0m] [1mFinished a step               [0m [36mcost[0m=[35m0.0[0m [36mgenerated_tokens[0m=[35m72[0m [36minput_tokens[0m=[35m21742[0m [36mreasoning_tokens[0m=[35m0[0m [36mstep[0m=[35m19[0m [36mtotal_tokens[0m=[35m21814[0m
[2m2026-07-14 11:15:01[0m [[32m[1minfo     [0m] [1mFinished a step               [0m [36mcost[0m=[35m0.0[0m [36mgenerated_tokens[0m=[35m34[0m [36minput_tokens[0m=[35m21838[0m [36mreasoning_tokens[0m=[35m0[0m [36mstep[0m=[35m20[0m [36mtotal_tokens[0m=[35m21872[0m
[2m2026-07-14 11:15:07[0m [[32m[1minfo     [0m] [1mFinished a step               [0m [36mcost[0m=[35m0.0[0m [36mgenerated_tokens[0m=[35m121[0m [36minput_tokens[0m=[35m22090[0m [36mreasoning_tokens[0m=[35m0[0m [36mstep[0m=[35m21[0m [36mtotal_tokens[0m=[35m22211[0m
[2m2026-07-14 11:15:55[0m [[32m[1minfo     [0m] [1mFinished a step               [0m [36mcost[0m=[35m0.0[0m [36mgenerated_tokens[0m=[35m2260[0m [36minput_tokens[0m=[35m22235[0m [36mreasoning_tokens[0m=[35m0[0m [36mstep[0m=[35m22[0m [36mtotal_tokens[0m=[35m24495[0m
[2m2026-07-14 11:16:11[0m [[32m[1minfo     [0m] [1mFinished a step               [0m [36mcost[0m=[35m0.0[0m [36mgenerated_tokens[0m=[35m841[0m [36minput_tokens[0m=[35m24610[0m [36mreasoning_tokens[0m=[35m0[0m [36mstep[0m=[35m23[0m [36mtotal_tokens[0m=[35m25451[0m
[2m2026-07-14 11:16:14[0m [[32m[1minfo     [0m] [1mFinished a step               [0m [36mcost[0m=[35m0.0[0m [36mgenerated_tokens[0m=[35m79[0m [36minput_tokens[0m=[35m25521[0m [36mreasoning_tokens[0m=[35m0[0m [36mstep[0m=[35m24[0m [36mtotal_tokens[0m=[35m25600[0m
[2m2026-07-14 11:16:17[0m [[32m[1minfo     [0m] [1mFinished a step               [0m [36mcost[0m=[35m0.0[0m [36mgenerated_tokens[0m=[35m36[0m [36minput_tokens[0m=[35m25624[0m [36mreasoning_tokens[0m=[35m0[0m [36mstep[0m=[35m25[0m [36mtotal_tokens[0m=[35m25660[0m
[2m2026-07-14 11:16:20[0m [[32m[1minfo     [0m] [1mFinished a step               [0m [36mcost[0m=[35m0.0[0m [36mgenerated_tokens[0m=[35m55[0m [36minput_tokens[0m=[35m28207[0m [36mreasoning_tokens[0m=[35m0[0m [36mstep[0m=[35m26[0m [36mtotal_tokens[0m=[35m28262[0m
[2m2026-07-14 11:16:25[0m [[32m[1minfo     [0m] [1mFinished a step               [0m [36mcost[0m=[35m0.0[0m [36mgenerated_tokens[0m=[35m41[0m [36minput_tokens[0m=[35m29151[0m [36mreasoning_tokens[0m=[35m0[0m [36mstep[0m=[35m27[0m [36mtotal_tokens[0m=[35m29192[0m
[2m2026-07-14 11:16:28[0m [[32m[1minfo     [0m] [1mFinished a step               [0m [36mcost[0m=[35m0.0[0m [36mgenerated_tokens[0m=[35m49[0m [36minput_tokens[0m=[35m29579[0m [36mreasoning_tokens[0m=[35m0[0m [36mstep[0m=[35m28[0m [36mtotal_tokens[0m=[35m29628[0m
[2m2026-07-14 11:16:57[0m [[32m[1minfo     [0m] [1mFinished a step               [0m [36mcost[0m=[35m0.0[0m [36mgenerated_tokens[0m=[35m1108[0m [36minput_tokens[0m=[35m29877[0m [36mreasoning_tokens[0m=[35m0[0m [36mstep[0m=[35m29[0m [36mtotal_tokens[0m=[35m30985[0m
[2m2026-07-14 11:17:15[0m [[32m[1minfo     [0m] [1mFinished a step               [0m [36mcost[0m=[35m0.0[0m [36mgenerated_tokens[0m=[35m1129[0m [36minput_tokens[0m=[35m31238[0m [36mreasoning_tokens[0m=[35m0[0m [36mstep[0m=[35m30[0m [36mtotal_tokens[0m=[35m32367[0m
[2m2026-07-14 11:17:19[0m [[32m[1minfo     [0m] [1mFinished a step               [0m [36mcost[0m=[35m0.0[0m [36mgenerated_tokens[0m=[35m56[0m [36minput_tokens[0m=[35m32475[0m [36mreasoning_tokens[0m=[35m0[0m [36mstep[0m=[35m31[0m [36mtotal_tokens[0m=[35m32531[0m
[2m2026-07-14 11:17:23[0m [[32m[1minfo     [0m] [1mFinished a step               [0m [36mcost[0m=[35m0.0[0m [36mgenerated_tokens[0m=[35m52[0m [36minput_tokens[0m=[35m32558[0m [36mreasoning_tokens[0m=[35m0[0m [36mstep[0m=[35m32[0m [36mtotal_tokens[0m=[35m32610[0m
[2m2026-07-14 11:17:23[0m [[32m[1minfo     [0m] [1mCompleted checkpoint inference checkpoint='checkpoint_3'[0m
[2m2026-07-14 11:17:23[0m [[32m[1minfo     [0m] [1mSaving agent checkpoint info compress_artifacts=False output_path=PosixPath('/outputs/datagate/checkpoint_3')[0m
[2m2026-07-14 11:17:24[0m [[32m[1minfo     [0m] [1mStarting checkpoint evaluation checkpoint='checkpoint_3'[0m
[2m2026-07-14 11:17:24[0m [[32m[1minfo     [0m] [1mStarting pytest evaluation checkpoint='checkpoint_3' environment='local' problem='datagate' submission_path='/outputs/datagate/checkpoint_3/snapshot'[0m
[2m2026-07-14 11:17:24[0m [[32m[1minfo     [0m] [1mMaterialized static assets for tests assets=['antmill_requirements'] count=1[0m
[2m2026-07-14 11:17:24[0m [[32m[1minfo     [0m] [1mStatic assets materialized asset_count=1 assets=['antmill_requirements'][0m
[2m2026-07-14 11:17:24[0m [[32m[1minfo     [0m] [1mExecuting pytest              [0m
[2m2026-07-14 11:18:54[0m [[32m[1minfo     [0m] [1mPytest execution complete duration=89.32114481925964 exit_code=1[0m
[2m2026-07-14 11:18:54[0m [[32m[1minfo     [0m] [1mParsed CTRF report path='/tmp/tmppmeddmhf/.scbench/ctrf-report.json' test_count=174[0m
[2m2026-07-14 11:18:54[0m [[32m[1minfo     [0m] [1mPytest evaluation complete checkpoint='checkpoint_3' infrastructure_failure=False problem='datagate' status_counts={'passed': 166, 'failed': 8}[0m
[2m2026-07-14 11:18:54[0m [[32m[1minfo     [0m] [1mCheckpoint finished checkpoint_name='checkpoint_3' had_error=False pass_policy='any' passed_policy=True save_dir='/outputs/datagate/checkpoint_3'[0m
[2m2026-07-14 11:18:54[0m [[32m[1minfo     [0m] [1mAll checkpoints completed successfully problem='datagate'[0m
[2m2026-07-14 11:18:54[0m [[32m[1minfo     [0m] [1mSaving run info checkpoints=3 output_path=PosixPath('/outputs/datagate') problem='datagate'[0m
[2m2026-07-14 11:18:54[0m [[32m[1minfo     [0m] [1mRun info saved successfully passed_policy=True problem='datagate' total_cost=0.0[0m
[2m2026-07-14 11:18:54[0m [[32m[1minfo     [0m] [1mAgent run finished final_state='completed' passed=True problem='datagate'[0m
[2m2026-07-14 11:18:54[0m [[32m[1minfo     [0m] [1mProblem run completed problem='datagate'[0m
