Starting Slop Code CLI
	Seed: 42
	Verbose: 0
--------------------------------
Running inference on problem: cfgpipe
Using provider API key env override: KIMI_CODING_API_KEY
[2m2026-07-14 10:19:15[0m [[32m[1minfo     [0m] [1mStarting agent run problem='cfgpipe'[0m
[2m2026-07-14 10:19:15[0m [[32m[1minfo     [0m] [1mSetting up agent run output_path=PosixPath('/outputs/cfgpipe') problem='cfgpipe' resuming=False[0m
[2m2026-07-14 10:19:15[0m [[32m[1minfo     [0m] [1mStarting problem run checkpoints=2 problem='cfgpipe' skipping=0[0m
[2m2026-07-14 10:19:15[0m [[32m[1minfo     [0m] [1mRunning checkpoint checkpoint='checkpoint_1' index=1 total=2[0m
[2m2026-07-14 10:19:15[0m [[32m[1minfo     [0m] [1mStarting agent for the first checkpoint checkpoint='checkpoint_1'[0m
[2m2026-07-14 10:19:15[0m [[32m[1minfo     [0m] [1mRunning inference for checkpoint checkpoint='checkpoint_1'[0m
[2m2026-07-14 10:19:15[0m [[32m[1minfo     [0m] [1mRunning checkpoint task with inference mode checkpoint='checkpoint_1'[0m
[2m2026-07-14 10:19:17[0m [[32m[1minfo     [0m] [1mFinished a step               [0m [36mcost[0m=[35m0.0[0m [36mgenerated_tokens[0m=[35m38[0m [36minput_tokens[0m=[35m1902[0m [36mreasoning_tokens[0m=[35m0[0m [36mstep[0m=[35m1[0m [36mtotal_tokens[0m=[35m1940[0m
[2m2026-07-14 10:19:59[0m [[32m[1minfo     [0m] [1mFinished a step               [0m [36mcost[0m=[35m0.0[0m [36mgenerated_tokens[0m=[35m1287[0m [36minput_tokens[0m=[35m2030[0m [36mreasoning_tokens[0m=[35m0[0m [36mstep[0m=[35m2[0m [36mtotal_tokens[0m=[35m3317[0m
[2m2026-07-14 10:20:21[0m [[32m[1minfo     [0m] [1mFinished a step               [0m [36mcost[0m=[35m0.0[0m [36mgenerated_tokens[0m=[35m1458[0m [36minput_tokens[0m=[35m3341[0m [36mreasoning_tokens[0m=[35m0[0m [36mstep[0m=[35m3[0m [36mtotal_tokens[0m=[35m4799[0m
[2m2026-07-14 10:20:38[0m [[32m[1minfo     [0m] [1mFinished a step               [0m [36mcost[0m=[35m0.0[0m [36mgenerated_tokens[0m=[35m1375[0m [36minput_tokens[0m=[35m5365[0m [36mreasoning_tokens[0m=[35m0[0m [36mstep[0m=[35m4[0m [36mtotal_tokens[0m=[35m6740[0m
[2m2026-07-14 10:21:04[0m [[32m[1minfo     [0m] [1mFinished a step               [0m [36mcost[0m=[35m0.0[0m [36mgenerated_tokens[0m=[35m1865[0m [36minput_tokens[0m=[35m6764[0m [36mreasoning_tokens[0m=[35m0[0m [36mstep[0m=[35m5[0m [36mtotal_tokens[0m=[35m8629[0m
[2m2026-07-14 10:21:07[0m [[32m[1minfo     [0m] [1mFinished a step               [0m [36mcost[0m=[35m0.0[0m [36mgenerated_tokens[0m=[35m135[0m [36minput_tokens[0m=[35m9313[0m [36mreasoning_tokens[0m=[35m0[0m [36mstep[0m=[35m6[0m [36mtotal_tokens[0m=[35m9448[0m
[2m2026-07-14 10:21:13[0m [[32m[1minfo     [0m] [1mFinished a step               [0m [36mcost[0m=[35m0.0[0m [36mgenerated_tokens[0m=[35m127[0m [36minput_tokens[0m=[35m9482[0m [36mreasoning_tokens[0m=[35m0[0m [36mstep[0m=[35m7[0m [36mtotal_tokens[0m=[35m9609[0m
[2m2026-07-14 10:21:17[0m [[32m[1minfo     [0m] [1mFinished a step               [0m [36mcost[0m=[35m0.0[0m [36mgenerated_tokens[0m=[35m75[0m [36minput_tokens[0m=[35m9652[0m [36mreasoning_tokens[0m=[35m0[0m [36mstep[0m=[35m8[0m [36mtotal_tokens[0m=[35m9727[0m
[2m2026-07-14 10:21:21[0m [[32m[1minfo     [0m] [1mFinished a step               [0m [36mcost[0m=[35m0.0[0m [36mgenerated_tokens[0m=[35m83[0m [36minput_tokens[0m=[35m9754[0m [36mreasoning_tokens[0m=[35m0[0m [36mstep[0m=[35m9[0m [36mtotal_tokens[0m=[35m9837[0m
[2m2026-07-14 10:21:25[0m [[32m[1minfo     [0m] [1mFinished a step               [0m [36mcost[0m=[35m0.0[0m [36mgenerated_tokens[0m=[35m82[0m [36minput_tokens[0m=[35m9876[0m [36mreasoning_tokens[0m=[35m0[0m [36mstep[0m=[35m10[0m [36mtotal_tokens[0m=[35m9958[0m
[2m2026-07-14 10:21:32[0m [[32m[1minfo     [0m] [1mFinished a step               [0m [36mcost[0m=[35m0.0[0m [36mgenerated_tokens[0m=[35m147[0m [36minput_tokens[0m=[35m9997[0m [36mreasoning_tokens[0m=[35m0[0m [36mstep[0m=[35m11[0m [36mtotal_tokens[0m=[35m10144[0m
[2m2026-07-14 10:22:02[0m [[32m[1minfo     [0m] [1mFinished a step               [0m [36mcost[0m=[35m0.0[0m [36mgenerated_tokens[0m=[35m1207[0m [36minput_tokens[0m=[35m10236[0m [36mreasoning_tokens[0m=[35m0[0m [36mstep[0m=[35m12[0m [36mtotal_tokens[0m=[35m11443[0m
[2m2026-07-14 10:22:21[0m [[32m[1minfo     [0m] [1mFinished a step               [0m [36mcost[0m=[35m0.0[0m [36mgenerated_tokens[0m=[35m1710[0m [36minput_tokens[0m=[35m11520[0m [36mreasoning_tokens[0m=[35m0[0m [36mstep[0m=[35m13[0m [36mtotal_tokens[0m=[35m13230[0m
[2m2026-07-14 10:22:25[0m [[32m[1minfo     [0m] [1mFinished a step               [0m [36mcost[0m=[35m0.0[0m [36mgenerated_tokens[0m=[35m33[0m [36minput_tokens[0m=[35m13273[0m [36mreasoning_tokens[0m=[35m0[0m [36mstep[0m=[35m14[0m [36mtotal_tokens[0m=[35m13306[0m
[2m2026-07-14 10:22:47[0m [[32m[1minfo     [0m] [1mFinished a step               [0m [36mcost[0m=[35m0.0[0m [36mgenerated_tokens[0m=[35m1537[0m [36minput_tokens[0m=[35m13990[0m [36mreasoning_tokens[0m=[35m0[0m [36mstep[0m=[35m15[0m [36mtotal_tokens[0m=[35m15527[0m
[2m2026-07-14 10:22:52[0m [[32m[1minfo     [0m] [1mFinished a step               [0m [36mcost[0m=[35m0.0[0m [36mgenerated_tokens[0m=[35m241[0m [36minput_tokens[0m=[35m15891[0m [36mreasoning_tokens[0m=[35m0[0m [36mstep[0m=[35m16[0m [36mtotal_tokens[0m=[35m16132[0m
[2m2026-07-14 10:23:18[0m [[32m[1minfo     [0m] [1mFinished a step               [0m [36mcost[0m=[35m0.0[0m [36mgenerated_tokens[0m=[35m1751[0m [36minput_tokens[0m=[35m16174[0m [36mreasoning_tokens[0m=[35m0[0m [36mstep[0m=[35m17[0m [36mtotal_tokens[0m=[35m17925[0m
[2m2026-07-14 10:23:21[0m [[32m[1minfo     [0m] [1mFinished a step               [0m [36mcost[0m=[35m0.0[0m [36mgenerated_tokens[0m=[35m58[0m [36minput_tokens[0m=[35m18069[0m [36mreasoning_tokens[0m=[35m0[0m [36mstep[0m=[35m18[0m [36mtotal_tokens[0m=[35m18127[0m
[2m2026-07-14 10:23:23[0m [[32m[1minfo     [0m] [1mFinished a step               [0m [36mcost[0m=[35m0.0[0m [36mgenerated_tokens[0m=[35m47[0m [36minput_tokens[0m=[35m19395[0m [36mreasoning_tokens[0m=[35m0[0m [36mstep[0m=[35m19[0m [36mtotal_tokens[0m=[35m19442[0m
[2m2026-07-14 10:23:30[0m [[32m[1minfo     [0m] [1mFinished a step               [0m [36mcost[0m=[35m0.0[0m [36mgenerated_tokens[0m=[35m214[0m [36minput_tokens[0m=[35m19564[0m [36mreasoning_tokens[0m=[35m0[0m [36mstep[0m=[35m20[0m [36mtotal_tokens[0m=[35m19778[0m
[2m2026-07-14 10:23:30[0m [[32m[1minfo     [0m] [1mCompleted checkpoint inference checkpoint='checkpoint_1'[0m
[2m2026-07-14 10:23:30[0m [[32m[1minfo     [0m] [1mSaving agent checkpoint info compress_artifacts=False output_path=PosixPath('/outputs/cfgpipe/checkpoint_1')[0m
[2m2026-07-14 10:23:30[0m [[32m[1minfo     [0m] [1mStarting checkpoint evaluation checkpoint='checkpoint_1'[0m
[2m2026-07-14 10:23:30[0m [[32m[1minfo     [0m] [1mStarting pytest evaluation checkpoint='checkpoint_1' environment='local' problem='cfgpipe' submission_path='/outputs/cfgpipe/checkpoint_1/snapshot'[0m
[2m2026-07-14 10:23:30[0m [[32m[1minfo     [0m] [1mMaterialized static assets for tests assets=['antmill_requirements'] count=1[0m
[2m2026-07-14 10:23:30[0m [[32m[1minfo     [0m] [1mStatic assets materialized asset_count=1 assets=['antmill_requirements'][0m
[2m2026-07-14 10:23:30[0m [[32m[1minfo     [0m] [1mExecuting pytest              [0m
[2m2026-07-14 10:23:37[0m [[32m[1minfo     [0m] [1mPytest execution complete duration=5.976837873458862 exit_code=1[0m
[2m2026-07-14 10:23:37[0m [[32m[1minfo     [0m] [1mParsed CTRF report path='/tmp/tmp0mdg4am8/.scbench/ctrf-report.json' test_count=37[0m
[2m2026-07-14 10:23:37[0m [[32m[1minfo     [0m] [1mPytest evaluation complete checkpoint='checkpoint_1' infrastructure_failure=False problem='cfgpipe' status_counts={'passed': 34, 'failed': 3}[0m
[2m2026-07-14 10:23:37[0m [[32m[1minfo     [0m] [1mCheckpoint finished checkpoint_name='checkpoint_1' had_error=False pass_policy='all-core-cases' passed_policy=True save_dir='/outputs/cfgpipe/checkpoint_1'[0m
[2m2026-07-14 10:23:37[0m [[32m[1minfo     [0m] [1mRunning checkpoint checkpoint='checkpoint_2' index=2 total=2[0m
[2m2026-07-14 10:23:37[0m [[32m[1minfo     [0m] [1mResetting agent context for the checkpoint checkpoint='checkpoint_2'[0m
[2m2026-07-14 10:23:37[0m [[32m[1minfo     [0m] [1mRunning inference for checkpoint checkpoint='checkpoint_2'[0m
[2m2026-07-14 10:23:37[0m [[32m[1minfo     [0m] [1mRunning checkpoint task with inference mode checkpoint='checkpoint_2'[0m
[2m2026-07-14 10:23:39[0m [[32m[1minfo     [0m] [1mFinished a step               [0m [36mcost[0m=[35m0.0[0m [36mgenerated_tokens[0m=[35m43[0m [36minput_tokens[0m=[35m1559[0m [36mreasoning_tokens[0m=[35m0[0m [36mstep[0m=[35m1[0m [36mtotal_tokens[0m=[35m1602[0m
[2m2026-07-14 10:23:40[0m [[32m[1minfo     [0m] [1mFinished a step               [0m [36mcost[0m=[35m0.0[0m [36mgenerated_tokens[0m=[35m34[0m [36minput_tokens[0m=[35m1716[0m [36mreasoning_tokens[0m=[35m0[0m [36mstep[0m=[35m2[0m [36mtotal_tokens[0m=[35m1750[0m
[2m2026-07-14 10:23:44[0m [[32m[1minfo     [0m] [1mFinished a step               [0m [36mcost[0m=[35m0.0[0m [36mgenerated_tokens[0m=[35m235[0m [36minput_tokens[0m=[35m3545[0m [36mreasoning_tokens[0m=[35m0[0m [36mstep[0m=[35m3[0m [36mtotal_tokens[0m=[35m3780[0m
[2m2026-07-14 10:23:47[0m [[32m[1minfo     [0m] [1mFinished a step               [0m [36mcost[0m=[35m0.0[0m [36mgenerated_tokens[0m=[35m90[0m [36minput_tokens[0m=[35m3804[0m [36mreasoning_tokens[0m=[35m0[0m [36mstep[0m=[35m4[0m [36mtotal_tokens[0m=[35m3894[0m
[2m2026-07-14 10:24:39[0m [[32m[1minfo     [0m] [1mFinished a step               [0m [36mcost[0m=[35m0.0[0m [36mgenerated_tokens[0m=[35m2686[0m [36minput_tokens[0m=[35m3932[0m [36mreasoning_tokens[0m=[35m0[0m [36mstep[0m=[35m5[0m [36mtotal_tokens[0m=[35m6618[0m
[2m2026-07-14 10:24:41[0m [[32m[1minfo     [0m] [1mFinished a step               [0m [36mcost[0m=[35m0.0[0m [36mgenerated_tokens[0m=[35m35[0m [36minput_tokens[0m=[35m6642[0m [36mreasoning_tokens[0m=[35m0[0m [36mstep[0m=[35m6[0m [36mtotal_tokens[0m=[35m6677[0m
[2m2026-07-14 10:24:45[0m [[32m[1minfo     [0m] [1mFinished a step               [0m [36mcost[0m=[35m0.0[0m [36mgenerated_tokens[0m=[35m55[0m [36minput_tokens[0m=[35m6715[0m [36mreasoning_tokens[0m=[35m0[0m [36mstep[0m=[35m7[0m [36mtotal_tokens[0m=[35m6770[0m
[2m2026-07-14 10:25:34[0m [[32m[1minfo     [0m] [1mFinished a step               [0m [36mcost[0m=[35m0.0[0m [36mgenerated_tokens[0m=[35m521[0m [36minput_tokens[0m=[35m6815[0m [36mreasoning_tokens[0m=[35m0[0m [36mstep[0m=[35m8[0m [36mtotal_tokens[0m=[35m7336[0m
[2m2026-07-14 10:25:44[0m [[32m[1minfo     [0m] [1mFinished a step               [0m [36mcost[0m=[35m0.0[0m [36mgenerated_tokens[0m=[35m539[0m [36minput_tokens[0m=[35m7886[0m [36mreasoning_tokens[0m=[35m0[0m [36mstep[0m=[35m9[0m [36mtotal_tokens[0m=[35m8425[0m
[2m2026-07-14 10:25:47[0m [[32m[1minfo     [0m] [1mFinished a step               [0m [36mcost[0m=[35m0.0[0m [36mgenerated_tokens[0m=[35m104[0m [36minput_tokens[0m=[35m8469[0m [36mreasoning_tokens[0m=[35m0[0m [36mstep[0m=[35m10[0m [36mtotal_tokens[0m=[35m8573[0m
[2m2026-07-14 10:25:50[0m [[32m[1minfo     [0m] [1mFinished a step               [0m [36mcost[0m=[35m0.0[0m [36mgenerated_tokens[0m=[35m129[0m [36minput_tokens[0m=[35m8604[0m [36mreasoning_tokens[0m=[35m0[0m [36mstep[0m=[35m11[0m [36mtotal_tokens[0m=[35m8733[0m
[2m2026-07-14 10:25:53[0m [[32m[1minfo     [0m] [1mFinished a step               [0m [36mcost[0m=[35m0.0[0m [36mgenerated_tokens[0m=[35m99[0m [36minput_tokens[0m=[35m8781[0m [36mreasoning_tokens[0m=[35m0[0m [36mstep[0m=[35m12[0m [36mtotal_tokens[0m=[35m8880[0m
[2m2026-07-14 10:25:55[0m [[32m[1minfo     [0m] [1mFinished a step               [0m [36mcost[0m=[35m0.0[0m [36mgenerated_tokens[0m=[35m58[0m [36minput_tokens[0m=[35m8918[0m [36mreasoning_tokens[0m=[35m0[0m [36mstep[0m=[35m13[0m [36mtotal_tokens[0m=[35m8976[0m
[2m2026-07-14 10:26:00[0m [[32m[1minfo     [0m] [1mFinished a step               [0m [36mcost[0m=[35m0.0[0m [36mgenerated_tokens[0m=[35m104[0m [36minput_tokens[0m=[35m9014[0m [36mreasoning_tokens[0m=[35m0[0m [36mstep[0m=[35m14[0m [36mtotal_tokens[0m=[35m9118[0m
[2m2026-07-14 10:26:13[0m [[32m[1minfo     [0m] [1mFinished a step               [0m [36mcost[0m=[35m0.0[0m [36mgenerated_tokens[0m=[35m260[0m [36minput_tokens[0m=[35m9167[0m [36mreasoning_tokens[0m=[35m0[0m [36mstep[0m=[35m15[0m [36mtotal_tokens[0m=[35m9427[0m
[2m2026-07-14 10:26:27[0m [[32m[1minfo     [0m] [1mFinished a step               [0m [36mcost[0m=[35m0.0[0m [36mgenerated_tokens[0m=[35m246[0m [36minput_tokens[0m=[35m9475[0m [36mreasoning_tokens[0m=[35m0[0m [36mstep[0m=[35m16[0m [36mtotal_tokens[0m=[35m9721[0m
[2m2026-07-14 10:26:38[0m [[32m[1minfo     [0m] [1mFinished a step               [0m [36mcost[0m=[35m0.0[0m [36mgenerated_tokens[0m=[35m270[0m [36minput_tokens[0m=[35m9783[0m [36mreasoning_tokens[0m=[35m0[0m [36mstep[0m=[35m17[0m [36mtotal_tokens[0m=[35m10053[0m
[2m2026-07-14 10:26:42[0m [[32m[1minfo     [0m] [1mFinished a step               [0m [36mcost[0m=[35m0.0[0m [36mgenerated_tokens[0m=[35m80[0m [36minput_tokens[0m=[35m10100[0m [36mreasoning_tokens[0m=[35m0[0m [36mstep[0m=[35m18[0m [36mtotal_tokens[0m=[35m10180[0m
[2m2026-07-14 10:26:46[0m [[32m[1minfo     [0m] [1mFinished a step               [0m [36mcost[0m=[35m0.0[0m [36mgenerated_tokens[0m=[35m76[0m [36minput_tokens[0m=[35m10230[0m [36mreasoning_tokens[0m=[35m0[0m [36mstep[0m=[35m19[0m [36mtotal_tokens[0m=[35m10306[0m
[2m2026-07-14 10:26:59[0m [[32m[1minfo     [0m] [1mFinished a step               [0m [36mcost[0m=[35m0.0[0m [36mgenerated_tokens[0m=[35m48[0m [36minput_tokens[0m=[35m10356[0m [36mreasoning_tokens[0m=[35m0[0m [36mstep[0m=[35m20[0m [36mtotal_tokens[0m=[35m10404[0m
[2m2026-07-14 10:27:18[0m [[32m[1minfo     [0m] [1mFinished a step               [0m [36mcost[0m=[35m0.0[0m [36mgenerated_tokens[0m=[35m523[0m [36minput_tokens[0m=[35m10554[0m [36mreasoning_tokens[0m=[35m0[0m [36mstep[0m=[35m21[0m [36mtotal_tokens[0m=[35m11077[0m
[2m2026-07-14 10:27:21[0m [[32m[1minfo     [0m] [1mFinished a step               [0m [36mcost[0m=[35m0.0[0m [36mgenerated_tokens[0m=[35m55[0m [36minput_tokens[0m=[35m11133[0m [36mreasoning_tokens[0m=[35m0[0m [36mstep[0m=[35m22[0m [36mtotal_tokens[0m=[35m11188[0m
[2m2026-07-14 10:27:24[0m [[32m[1minfo     [0m] [1mFinished a step               [0m [36mcost[0m=[35m0.0[0m [36mgenerated_tokens[0m=[35m78[0m [36minput_tokens[0m=[35m11232[0m [36mreasoning_tokens[0m=[35m0[0m [36mstep[0m=[35m23[0m [36mtotal_tokens[0m=[35m11310[0m
[2m2026-07-14 10:27:28[0m [[32m[1minfo     [0m] [1mFinished a step               [0m [36mcost[0m=[35m0.0[0m [36mgenerated_tokens[0m=[35m141[0m [36minput_tokens[0m=[35m11408[0m [36mreasoning_tokens[0m=[35m0[0m [36mstep[0m=[35m24[0m [36mtotal_tokens[0m=[35m11549[0m
[2m2026-07-14 10:27:30[0m [[32m[1minfo     [0m] [1mFinished a step               [0m [36mcost[0m=[35m0.0[0m [36mgenerated_tokens[0m=[35m66[0m [36minput_tokens[0m=[35m11580[0m [36mreasoning_tokens[0m=[35m0[0m [36mstep[0m=[35m25[0m [36mtotal_tokens[0m=[35m11646[0m
[2m2026-07-14 10:27:36[0m [[32m[1minfo     [0m] [1mFinished a step               [0m [36mcost[0m=[35m0.0[0m [36mgenerated_tokens[0m=[35m84[0m [36minput_tokens[0m=[35m11677[0m [36mreasoning_tokens[0m=[35m0[0m [36mstep[0m=[35m26[0m [36mtotal_tokens[0m=[35m11761[0m
[2m2026-07-14 10:27:47[0m [[32m[1minfo     [0m] [1mFinished a step               [0m [36mcost[0m=[35m0.0[0m [36mgenerated_tokens[0m=[35m110[0m [36minput_tokens[0m=[35m11792[0m [36mreasoning_tokens[0m=[35m0[0m [36mstep[0m=[35m27[0m [36mtotal_tokens[0m=[35m11902[0m
[2m2026-07-14 10:27:51[0m [[32m[1minfo     [0m] [1mFinished a step               [0m [36mcost[0m=[35m0.0[0m [36mgenerated_tokens[0m=[35m111[0m [36minput_tokens[0m=[35m11933[0m [36mreasoning_tokens[0m=[35m0[0m [36mstep[0m=[35m28[0m [36mtotal_tokens[0m=[35m12044[0m
[2m2026-07-14 10:27:55[0m [[32m[1minfo     [0m] [1mFinished a step               [0m [36mcost[0m=[35m0.0[0m [36mgenerated_tokens[0m=[35m74[0m [36minput_tokens[0m=[35m12094[0m [36mreasoning_tokens[0m=[35m0[0m [36mstep[0m=[35m29[0m [36mtotal_tokens[0m=[35m12168[0m
[2m2026-07-14 10:28:16[0m [[32m[1minfo     [0m] [1mFinished a step               [0m [36mcost[0m=[35m0.0[0m [36mgenerated_tokens[0m=[35m523[0m [36minput_tokens[0m=[35m12218[0m [36mreasoning_tokens[0m=[35m0[0m [36mstep[0m=[35m30[0m [36mtotal_tokens[0m=[35m12741[0m
[2m2026-07-14 10:28:18[0m [[32m[1minfo     [0m] [1mFinished a step               [0m [36mcost[0m=[35m0.0[0m [36mgenerated_tokens[0m=[35m44[0m [36minput_tokens[0m=[35m12791[0m [36mreasoning_tokens[0m=[35m0[0m [36mstep[0m=[35m31[0m [36mtotal_tokens[0m=[35m12835[0m
[2m2026-07-14 10:28:25[0m [[32m[1minfo     [0m] [1mFinished a step               [0m [36mcost[0m=[35m0.0[0m [36mgenerated_tokens[0m=[35m102[0m [36minput_tokens[0m=[35m12996[0m [36mreasoning_tokens[0m=[35m0[0m [36mstep[0m=[35m32[0m [36mtotal_tokens[0m=[35m13098[0m
[2m2026-07-14 10:28:32[0m [[32m[1minfo     [0m] [1mFinished a step               [0m [36mcost[0m=[35m0.0[0m [36mgenerated_tokens[0m=[35m72[0m [36minput_tokens[0m=[35m13141[0m [36mreasoning_tokens[0m=[35m0[0m [36mstep[0m=[35m33[0m [36mtotal_tokens[0m=[35m13213[0m
[2m2026-07-14 10:28:37[0m [[32m[1minfo     [0m] [1mFinished a step               [0m [36mcost[0m=[35m0.0[0m [36mgenerated_tokens[0m=[35m135[0m [36minput_tokens[0m=[35m13244[0m [36mreasoning_tokens[0m=[35m0[0m [36mstep[0m=[35m34[0m [36mtotal_tokens[0m=[35m13379[0m
[2m2026-07-14 10:28:40[0m [[32m[1minfo     [0m] [1mFinished a step               [0m [36mcost[0m=[35m0.0[0m [36mgenerated_tokens[0m=[35m59[0m [36minput_tokens[0m=[35m13410[0m [36mreasoning_tokens[0m=[35m0[0m [36mstep[0m=[35m35[0m [36mtotal_tokens[0m=[35m13469[0m
[2m2026-07-14 10:28:47[0m [[32m[1minfo     [0m] [1mFinished a step               [0m [36mcost[0m=[35m0.0[0m [36mgenerated_tokens[0m=[35m93[0m [36minput_tokens[0m=[35m13500[0m [36mreasoning_tokens[0m=[35m0[0m [36mstep[0m=[35m36[0m [36mtotal_tokens[0m=[35m13593[0m
[2m2026-07-14 10:28:52[0m [[32m[1minfo     [0m] [1mFinished a step               [0m [36mcost[0m=[35m0.0[0m [36mgenerated_tokens[0m=[35m76[0m [36minput_tokens[0m=[35m13624[0m [36mreasoning_tokens[0m=[35m0[0m [36mstep[0m=[35m37[0m [36mtotal_tokens[0m=[35m13700[0m
[2m2026-07-14 10:28:56[0m [[32m[1minfo     [0m] [1mFinished a step               [0m [36mcost[0m=[35m0.0[0m [36mgenerated_tokens[0m=[35m55[0m [36minput_tokens[0m=[35m13731[0m [36mreasoning_tokens[0m=[35m0[0m [36mstep[0m=[35m38[0m [36mtotal_tokens[0m=[35m13786[0m
[2m2026-07-14 10:29:00[0m [[32m[1minfo     [0m] [1mFinished a step               [0m [36mcost[0m=[35m0.0[0m [36mgenerated_tokens[0m=[35m79[0m [36minput_tokens[0m=[35m13817[0m [36mreasoning_tokens[0m=[35m0[0m [36mstep[0m=[35m39[0m [36mtotal_tokens[0m=[35m13896[0m
[2m2026-07-14 10:29:02[0m [[32m[1minfo     [0m] [1mFinished a step               [0m [36mcost[0m=[35m0.0[0m [36mgenerated_tokens[0m=[35m39[0m [36minput_tokens[0m=[35m14514[0m [36mreasoning_tokens[0m=[35m0[0m [36mstep[0m=[35m40[0m [36mtotal_tokens[0m=[35m14553[0m
[2m2026-07-14 10:29:02[0m [[32m[1minfo     [0m] [1mCompleted checkpoint inference checkpoint='checkpoint_2'[0m
[2m2026-07-14 10:29:03[0m [[32m[1minfo     [0m] [1mSaving agent checkpoint info compress_artifacts=False output_path=PosixPath('/outputs/cfgpipe/checkpoint_2')[0m
[2m2026-07-14 10:29:03[0m [[32m[1minfo     [0m] [1mStarting checkpoint evaluation checkpoint='checkpoint_2'[0m
[2m2026-07-14 10:29:03[0m [[32m[1minfo     [0m] [1mStarting pytest evaluation checkpoint='checkpoint_2' environment='local' problem='cfgpipe' submission_path='/outputs/cfgpipe/checkpoint_2/snapshot'[0m
[2m2026-07-14 10:29:03[0m [[32m[1minfo     [0m] [1mMaterialized static assets for tests assets=['antmill_requirements'] count=1[0m
[2m2026-07-14 10:29:03[0m [[32m[1minfo     [0m] [1mStatic assets materialized asset_count=1 assets=['antmill_requirements'][0m
[2m2026-07-14 10:29:03[0m [[32m[1minfo     [0m] [1mExecuting pytest              [0m
[2m2026-07-14 10:29:22[0m [[32m[1minfo     [0m] [1mPytest execution complete duration=18.852510929107666 exit_code=1[0m
[2m2026-07-14 10:29:22[0m [[32m[1minfo     [0m] [1mParsed CTRF report path='/tmp/tmpm6mw3iqi/.scbench/ctrf-report.json' test_count=68[0m
[2m2026-07-14 10:29:22[0m [[32m[1minfo     [0m] [1mPytest evaluation complete checkpoint='checkpoint_2' infrastructure_failure=False problem='cfgpipe' status_counts={'passed': 41, 'failed': 27}[0m
[2m2026-07-14 10:29:22[0m [[32m[1minfo     [0m] [1mCheckpoint finished checkpoint_name='checkpoint_2' had_error=False pass_policy='all-core-cases' passed_policy=False save_dir='/outputs/cfgpipe/checkpoint_2'[0m
[2m2026-07-14 10:29:22[0m [[32m[1minfo     [0m] [1mCheckpoint failed due to solution failing tests and thus not passing pass policy[0m
[2m2026-07-14 10:29:22[0m [[32m[1minfo     [0m] [1mSaving run info checkpoints=2 output_path=PosixPath('/outputs/cfgpipe') problem='cfgpipe'[0m
[2m2026-07-14 10:29:22[0m [[32m[1minfo     [0m] [1mRun info saved successfully passed_policy=False problem='cfgpipe' total_cost=0.0[0m
[2m2026-07-14 10:29:22[0m [[32m[1minfo     [0m] [1mAgent run finished final_state='failed' passed=False problem='cfgpipe'[0m
[2m2026-07-14 10:29:22[0m [[32m[1minfo     [0m] [1mProblem run completed problem='cfgpipe'[0m
