Starting Slop Code CLI
	Seed: 42
	Verbose: 0
--------------------------------
Running inference on problem: cfgpipe
Using provider API key env override: KIMI_CODING_API_KEY
[2m2026-07-14 10:16:12[0m [[32m[1minfo     [0m] [1mStarting agent run problem='cfgpipe'[0m
[2m2026-07-14 10:16:12[0m [[32m[1minfo     [0m] [1mSetting up agent run output_path=PosixPath('/outputs/cfgpipe') problem='cfgpipe' resuming=False[0m
[2m2026-07-14 10:16:12[0m [[32m[1minfo     [0m] [1mStarting problem run checkpoints=1 problem='cfgpipe' skipping=0[0m
[2m2026-07-14 10:16:12[0m [[32m[1minfo     [0m] [1mRunning checkpoint checkpoint='checkpoint_1' index=1 total=1[0m
[2m2026-07-14 10:16:12[0m [[32m[1minfo     [0m] [1mStarting agent for the first checkpoint checkpoint='checkpoint_1'[0m
[2m2026-07-14 10:16:12[0m [[32m[1minfo     [0m] [1mRunning inference for checkpoint checkpoint='checkpoint_1'[0m
[2m2026-07-14 10:16:12[0m [[32m[1minfo     [0m] [1mRunning checkpoint task with inference mode checkpoint='checkpoint_1'[0m
[2m2026-07-14 10:16:14[0m [[32m[1minfo     [0m] [1mFinished a step               [0m [36mcost[0m=[35m0.0[0m [36mgenerated_tokens[0m=[35m29[0m [36minput_tokens[0m=[35m1902[0m [36mreasoning_tokens[0m=[35m0[0m [36mstep[0m=[35m1[0m [36mtotal_tokens[0m=[35m1931[0m
[2m2026-07-14 10:16:28[0m [[32m[1minfo     [0m] [1mFinished a step               [0m [36mcost[0m=[35m0.0[0m [36mgenerated_tokens[0m=[35m1042[0m [36minput_tokens[0m=[35m2021[0m [36mreasoning_tokens[0m=[35m0[0m [36mstep[0m=[35m2[0m [36mtotal_tokens[0m=[35m3063[0m
[2m2026-07-14 10:16:55[0m [[32m[1minfo     [0m] [1mFinished a step               [0m [36mcost[0m=[35m0.0[0m [36mgenerated_tokens[0m=[35m2247[0m [36minput_tokens[0m=[35m3087[0m [36mreasoning_tokens[0m=[35m0[0m [36mstep[0m=[35m3[0m [36mtotal_tokens[0m=[35m5334[0m
[2m2026-07-14 10:16:58[0m [[32m[1minfo     [0m] [1mFinished a step               [0m [36mcost[0m=[35m0.0[0m [36mgenerated_tokens[0m=[35m97[0m [36minput_tokens[0m=[35m5444[0m [36mreasoning_tokens[0m=[35m0[0m [36mstep[0m=[35m4[0m [36mtotal_tokens[0m=[35m5541[0m
[2m2026-07-14 10:17:01[0m [[32m[1minfo     [0m] [1mFinished a step               [0m [36mcost[0m=[35m0.0[0m [36mgenerated_tokens[0m=[35m119[0m [36minput_tokens[0m=[35m5579[0m [36mreasoning_tokens[0m=[35m0[0m [36mstep[0m=[35m5[0m [36mtotal_tokens[0m=[35m5698[0m
[2m2026-07-14 10:17:05[0m [[32m[1minfo     [0m] [1mFinished a step               [0m [36mcost[0m=[35m0.0[0m [36mgenerated_tokens[0m=[35m71[0m [36minput_tokens[0m=[35m5727[0m [36mreasoning_tokens[0m=[35m0[0m [36mstep[0m=[35m6[0m [36mtotal_tokens[0m=[35m5798[0m
[2m2026-07-14 10:17:07[0m [[32m[1minfo     [0m] [1mFinished a step               [0m [36mcost[0m=[35m0.0[0m [36mgenerated_tokens[0m=[35m44[0m [36minput_tokens[0m=[35m5827[0m [36mreasoning_tokens[0m=[35m0[0m [36mstep[0m=[35m7[0m [36mtotal_tokens[0m=[35m5871[0m
[2m2026-07-14 10:17:10[0m [[32m[1minfo     [0m] [1mFinished a step               [0m [36mcost[0m=[35m0.0[0m [36mgenerated_tokens[0m=[35m88[0m [36minput_tokens[0m=[35m6884[0m [36mreasoning_tokens[0m=[35m0[0m [36mstep[0m=[35m8[0m [36mtotal_tokens[0m=[35m6972[0m
[2m2026-07-14 10:17:14[0m [[32m[1minfo     [0m] [1mFinished a step               [0m [36mcost[0m=[35m0.0[0m [36mgenerated_tokens[0m=[35m105[0m [36minput_tokens[0m=[35m7071[0m [36mreasoning_tokens[0m=[35m0[0m [36mstep[0m=[35m9[0m [36mtotal_tokens[0m=[35m7176[0m
[2m2026-07-14 10:17:19[0m [[32m[1minfo     [0m] [1mFinished a step               [0m [36mcost[0m=[35m0.0[0m [36mgenerated_tokens[0m=[35m131[0m [36minput_tokens[0m=[35m7220[0m [36mreasoning_tokens[0m=[35m0[0m [36mstep[0m=[35m10[0m [36mtotal_tokens[0m=[35m7351[0m
[2m2026-07-14 10:17:22[0m [[32m[1minfo     [0m] [1mFinished a step               [0m [36mcost[0m=[35m0.0[0m [36mgenerated_tokens[0m=[35m52[0m [36minput_tokens[0m=[35m7390[0m [36mreasoning_tokens[0m=[35m0[0m [36mstep[0m=[35m11[0m [36mtotal_tokens[0m=[35m7442[0m
[2m2026-07-14 10:17:27[0m [[32m[1minfo     [0m] [1mFinished a step               [0m [36mcost[0m=[35m0.0[0m [36mgenerated_tokens[0m=[35m130[0m [36minput_tokens[0m=[35m7480[0m [36mreasoning_tokens[0m=[35m0[0m [36mstep[0m=[35m12[0m [36mtotal_tokens[0m=[35m7610[0m
[2m2026-07-14 10:17:32[0m [[32m[1minfo     [0m] [1mFinished a step               [0m [36mcost[0m=[35m0.0[0m [36mgenerated_tokens[0m=[35m116[0m [36minput_tokens[0m=[35m7659[0m [36mreasoning_tokens[0m=[35m0[0m [36mstep[0m=[35m13[0m [36mtotal_tokens[0m=[35m7775[0m
[2m2026-07-14 10:17:37[0m [[32m[1minfo     [0m] [1mFinished a step               [0m [36mcost[0m=[35m0.0[0m [36mgenerated_tokens[0m=[35m108[0m [36minput_tokens[0m=[35m7833[0m [36mreasoning_tokens[0m=[35m0[0m [36mstep[0m=[35m14[0m [36mtotal_tokens[0m=[35m7941[0m
[2m2026-07-14 10:18:05[0m [[32m[1minfo     [0m] [1mFinished a step               [0m [36mcost[0m=[35m0.0[0m [36mgenerated_tokens[0m=[35m1271[0m [36minput_tokens[0m=[35m8018[0m [36mreasoning_tokens[0m=[35m0[0m [36mstep[0m=[35m15[0m [36mtotal_tokens[0m=[35m9289[0m
[2m2026-07-14 10:18:07[0m [[32m[1minfo     [0m] [1mFinished a step               [0m [36mcost[0m=[35m0.0[0m [36mgenerated_tokens[0m=[35m36[0m [36minput_tokens[0m=[35m9313[0m [36mreasoning_tokens[0m=[35m0[0m [36mstep[0m=[35m16[0m [36mtotal_tokens[0m=[35m9349[0m
[2m2026-07-14 10:18:57[0m [[32m[1minfo     [0m] [1mFinished a step               [0m [36mcost[0m=[35m0.0[0m [36mgenerated_tokens[0m=[35m4096[0m [36minput_tokens[0m=[35m9387[0m [36mreasoning_tokens[0m=[35m0[0m [36mstep[0m=[35m17[0m [36mtotal_tokens[0m=[35m13483[0m
[2m2026-07-14 10:19:01[0m [[32m[1minfo     [0m] [1mFinished a step               [0m [36mcost[0m=[35m0.0[0m [36mgenerated_tokens[0m=[35m43[0m [36minput_tokens[0m=[35m13626[0m [36mreasoning_tokens[0m=[35m0[0m [36mstep[0m=[35m18[0m [36mtotal_tokens[0m=[35m13669[0m
[2m2026-07-14 10:19:39[0m [[32m[1minfo     [0m] [1mFinished a step               [0m [36mcost[0m=[35m0.0[0m [36mgenerated_tokens[0m=[35m2471[0m [36minput_tokens[0m=[35m14169[0m [36mreasoning_tokens[0m=[35m0[0m [36mstep[0m=[35m19[0m [36mtotal_tokens[0m=[35m16640[0m
[2m2026-07-14 10:19:54[0m [[32m[1minfo     [0m] [1mFinished a step               [0m [36mcost[0m=[35m0.0[0m [36mgenerated_tokens[0m=[35m906[0m [36minput_tokens[0m=[35m16937[0m [36mreasoning_tokens[0m=[35m0[0m [36mstep[0m=[35m20[0m [36mtotal_tokens[0m=[35m17843[0m
[2m2026-07-14 10:19:57[0m [[32m[1minfo     [0m] [1mFinished a step               [0m [36mcost[0m=[35m0.0[0m [36mgenerated_tokens[0m=[35m85[0m [36minput_tokens[0m=[35m17971[0m [36mreasoning_tokens[0m=[35m0[0m [36mstep[0m=[35m21[0m [36mtotal_tokens[0m=[35m18056[0m
[2m2026-07-14 10:20:00[0m [[32m[1minfo     [0m] [1mFinished a step               [0m [36mcost[0m=[35m0.0[0m [36mgenerated_tokens[0m=[35m49[0m [36minput_tokens[0m=[35m18080[0m [36mreasoning_tokens[0m=[35m0[0m [36mstep[0m=[35m22[0m [36mtotal_tokens[0m=[35m18129[0m
[2m2026-07-14 10:20:04[0m [[32m[1minfo     [0m] [1mFinished a step               [0m [36mcost[0m=[35m0.0[0m [36mgenerated_tokens[0m=[35m54[0m [36minput_tokens[0m=[35m19165[0m [36mreasoning_tokens[0m=[35m0[0m [36mstep[0m=[35m23[0m [36mtotal_tokens[0m=[35m19219[0m
[2m2026-07-14 10:20:07[0m [[32m[1minfo     [0m] [1mFinished a step               [0m [36mcost[0m=[35m0.0[0m [36mgenerated_tokens[0m=[35m65[0m [36minput_tokens[0m=[35m20096[0m [36mreasoning_tokens[0m=[35m0[0m [36mstep[0m=[35m24[0m [36mtotal_tokens[0m=[35m20161[0m
[2m2026-07-14 10:20:11[0m [[32m[1minfo     [0m] [1mFinished a step               [0m [36mcost[0m=[35m0.0[0m [36mgenerated_tokens[0m=[35m44[0m [36minput_tokens[0m=[35m20275[0m [36mreasoning_tokens[0m=[35m0[0m [36mstep[0m=[35m25[0m [36mtotal_tokens[0m=[35m20319[0m
[2m2026-07-14 10:20:11[0m [[32m[1minfo     [0m] [1mCompleted checkpoint inference checkpoint='checkpoint_1'[0m
[2m2026-07-14 10:20:11[0m [[32m[1minfo     [0m] [1mSaving agent checkpoint info compress_artifacts=False output_path=PosixPath('/outputs/cfgpipe/checkpoint_1')[0m
[2m2026-07-14 10:20:11[0m [[32m[1minfo     [0m] [1mStarting checkpoint evaluation checkpoint='checkpoint_1'[0m
[2m2026-07-14 10:20:11[0m [[32m[1minfo     [0m] [1mStarting pytest evaluation checkpoint='checkpoint_1' environment='local' problem='cfgpipe' submission_path='/outputs/cfgpipe/checkpoint_1/snapshot'[0m
[2m2026-07-14 10:20:11[0m [[32m[1minfo     [0m] [1mMaterialized static assets for tests assets=['antmill_requirements'] count=1[0m
[2m2026-07-14 10:20:11[0m [[32m[1minfo     [0m] [1mStatic assets materialized asset_count=1 assets=['antmill_requirements'][0m
[2m2026-07-14 10:20:11[0m [[32m[1minfo     [0m] [1mExecuting pytest              [0m
[2m2026-07-14 10:20:17[0m [[32m[1minfo     [0m] [1mPytest execution complete duration=5.420844554901123 exit_code=1[0m
[2m2026-07-14 10:20:17[0m [[32m[1minfo     [0m] [1mParsed CTRF report path='/tmp/tmpzlch7v94/.scbench/ctrf-report.json' test_count=37[0m
[2m2026-07-14 10:20:17[0m [[32m[1minfo     [0m] [1mPytest evaluation complete checkpoint='checkpoint_1' infrastructure_failure=False problem='cfgpipe' status_counts={'passed': 33, 'failed': 4}[0m
[2m2026-07-14 10:20:17[0m [[32m[1minfo     [0m] [1mCheckpoint finished checkpoint_name='checkpoint_1' had_error=False pass_policy='all-core-cases' passed_policy=True save_dir='/outputs/cfgpipe/checkpoint_1'[0m
[2m2026-07-14 10:20:17[0m [[32m[1minfo     [0m] [1mAll checkpoints completed successfully problem='cfgpipe'[0m
[2m2026-07-14 10:20:17[0m [[32m[1minfo     [0m] [1mSaving run info checkpoints=1 output_path=PosixPath('/outputs/cfgpipe') problem='cfgpipe'[0m
[2m2026-07-14 10:20:17[0m [[32m[1minfo     [0m] [1mRun info saved successfully passed_policy=True problem='cfgpipe' total_cost=0.0[0m
[2m2026-07-14 10:20:17[0m [[32m[1minfo     [0m] [1mAgent run finished final_state='completed' passed=True problem='cfgpipe'[0m
[2m2026-07-14 10:20:17[0m [[32m[1minfo     [0m] [1mProblem run completed problem='cfgpipe'[0m
