Starting Slop Code CLI
	Seed: 42
	Verbose: 0
--------------------------------
Running inference on problem: file_merger
Using provider API key env override: MODELARTS_MAAS_KEY
[2m2026-07-14 15:08:12[0m [[32m[1minfo     [0m] [1mStarting agent run problem='file_merger'[0m
[2m2026-07-14 15:08:12[0m [[32m[1minfo     [0m] [1mSetting up agent run output_path=PosixPath('/outputs/file_merger') problem='file_merger' resuming=False[0m
[2m2026-07-14 15:08:12[0m [[32m[1minfo     [0m] [1mStarting problem run checkpoints=4 problem='file_merger' skipping=0[0m
[2m2026-07-14 15:08:12[0m [[32m[1minfo     [0m] [1mRunning checkpoint checkpoint='checkpoint_1' index=1 total=4[0m
[2m2026-07-14 15:08:12[0m [[32m[1minfo     [0m] [1mStarting agent for the first checkpoint checkpoint='checkpoint_1'[0m
[2m2026-07-14 15:08:14[0m [[32m[1minfo     [0m] [1mRunning inference for checkpoint checkpoint='checkpoint_1'[0m
[2m2026-07-14 15:08:14[0m [[32m[1minfo     [0m] [1mRunning checkpoint task with inference mode checkpoint='checkpoint_1'[0m
[2m2026-07-14 15:08:17[0m [[32m[1minfo     [0m] [1mFinished a step               [0m [36mcost[0m=[35m0.0[0m [36mgenerated_tokens[0m=[35m41[0m [36minput_tokens[0m=[35m1925[0m [36mreasoning_tokens[0m=[35m31[0m [36mstep[0m=[35m1[0m [36mtotal_tokens[0m=[35m1966[0m
[2m2026-07-14 15:08:26[0m [[32m[1minfo     [0m] [1mFinished a step               [0m [36mcost[0m=[35m0.0[0m [36mgenerated_tokens[0m=[35m239[0m [36minput_tokens[0m=[35m2018[0m [36mreasoning_tokens[0m=[35m254[0m [36mstep[0m=[35m2[0m [36mtotal_tokens[0m=[35m2257[0m
[2m2026-07-14 15:11:29[0m [[32m[1minfo     [0m] [1mFinished a step               [0m [36mcost[0m=[35m0.0[0m [36mgenerated_tokens[0m=[35m5383[0m [36minput_tokens[0m=[35m2077[0m [36mreasoning_tokens[0m=[35m1541[0m [36mstep[0m=[35m3[0m [36mtotal_tokens[0m=[35m7460[0m
[2m2026-07-14 15:13:10[0m [[32m[1minfo     [0m] [1mFinished a step               [0m [36mcost[0m=[35m0.0[0m [36mgenerated_tokens[0m=[35m174[0m [36minput_tokens[0m=[35m6321[0m [36mreasoning_tokens[0m=[35m1692[0m [36mstep[0m=[35m4[0m [36mtotal_tokens[0m=[35m6495[0m
[2m2026-07-14 15:14:41[0m [[32m[1minfo     [0m] [1mFinished a step               [0m [36mcost[0m=[35m0.0[0m [36mgenerated_tokens[0m=[35m2972[0m [36minput_tokens[0m=[35m6367[0m [36mreasoning_tokens[0m=[35m1799[0m [36mstep[0m=[35m5[0m [36mtotal_tokens[0m=[35m9339[0m
[2m2026-07-14 15:14:47[0m [[32m[1minfo     [0m] [1mFinished a step               [0m [36mcost[0m=[35m0.0[0m [36mgenerated_tokens[0m=[35m147[0m [36minput_tokens[0m=[35m9250[0m [36mreasoning_tokens[0m=[35m1824[0m [36mstep[0m=[35m6[0m [36mtotal_tokens[0m=[35m9397[0m
[2m2026-07-14 15:16:14[0m [[32m[1minfo     [0m] [1mFinished a step               [0m [36mcost[0m=[35m0.0[0m [36mgenerated_tokens[0m=[35m2996[0m [36minput_tokens[0m=[35m9517[0m [36mreasoning_tokens[0m=[35m1900[0m [36mstep[0m=[35m7[0m [36mtotal_tokens[0m=[35m12513[0m
[2m2026-07-14 15:17:38[0m [[32m[1minfo     [0m] [1mFinished a step               [0m [36mcost[0m=[35m0.0[0m [36mgenerated_tokens[0m=[35m2924[0m [36minput_tokens[0m=[35m12584[0m [36mreasoning_tokens[0m=[35m2018[0m [36mstep[0m=[35m8[0m [36mtotal_tokens[0m=[35m15508[0m
[2m2026-07-14 15:17:46[0m [[32m[1minfo     [0m] [1mFinished a step               [0m [36mcost[0m=[35m0.0[0m [36mgenerated_tokens[0m=[35m199[0m [36minput_tokens[0m=[35m15465[0m [36mreasoning_tokens[0m=[35m2050[0m [36mstep[0m=[35m9[0m [36mtotal_tokens[0m=[35m15664[0m
[2m2026-07-14 15:17:52[0m [[32m[1minfo     [0m] [1mFinished a step               [0m [36mcost[0m=[35m0.0[0m [36mgenerated_tokens[0m=[35m109[0m [36minput_tokens[0m=[35m15697[0m [36mreasoning_tokens[0m=[35m2134[0m [36mstep[0m=[35m10[0m [36mtotal_tokens[0m=[35m15806[0m
[2m2026-07-14 15:17:59[0m [[32m[1minfo     [0m] [1mFinished a step               [0m [36mcost[0m=[35m0.0[0m [36mgenerated_tokens[0m=[35m143[0m [36minput_tokens[0m=[35m15797[0m [36mreasoning_tokens[0m=[35m2175[0m [36mstep[0m=[35m11[0m [36mtotal_tokens[0m=[35m15940[0m
[2m2026-07-14 15:20:01[0m [[32m[1minfo     [0m] [1mFinished a step               [0m [36mcost[0m=[35m0.0[0m [36mgenerated_tokens[0m=[35m4091[0m [36minput_tokens[0m=[35m15948[0m [36mreasoning_tokens[0m=[35m3022[0m [36mstep[0m=[35m12[0m [36mtotal_tokens[0m=[35m20039[0m
[2m2026-07-14 15:20:28[0m [[32m[1minfo     [0m] [1mFinished a step               [0m [36mcost[0m=[35m0.0[0m [36mgenerated_tokens[0m=[35m765[0m [36minput_tokens[0m=[35m19242[0m [36mreasoning_tokens[0m=[35m3732[0m [36mstep[0m=[35m13[0m [36mtotal_tokens[0m=[35m20007[0m
[2m2026-07-14 15:20:38[0m [[32m[1minfo     [0m] [1mFinished a step               [0m [36mcost[0m=[35m0.0[0m [36mgenerated_tokens[0m=[35m220[0m [36minput_tokens[0m=[35m19332[0m [36mreasoning_tokens[0m=[35m3918[0m [36mstep[0m=[35m14[0m [36mtotal_tokens[0m=[35m19552[0m
[2m2026-07-14 15:20:44[0m [[32m[1minfo     [0m] [1mFinished a step               [0m [36mcost[0m=[35m0.0[0m [36mgenerated_tokens[0m=[35m125[0m [36minput_tokens[0m=[35m19403[0m [36mreasoning_tokens[0m=[35m3949[0m [36mstep[0m=[35m15[0m [36mtotal_tokens[0m=[35m19528[0m
[2m2026-07-14 15:20:50[0m [[32m[1minfo     [0m] [1mFinished a step               [0m [36mcost[0m=[35m0.0[0m [36mgenerated_tokens[0m=[35m104[0m [36minput_tokens[0m=[35m19528[0m [36mreasoning_tokens[0m=[35m3971[0m [36mstep[0m=[35m16[0m [36mtotal_tokens[0m=[35m19632[0m
[2m2026-07-14 15:22:43[0m [[32m[1minfo     [0m] [1mFinished a step               [0m [36mcost[0m=[35m0.0[0m [36mgenerated_tokens[0m=[35m3875[0m [36minput_tokens[0m=[35m19647[0m [36mreasoning_tokens[0m=[35m4284[0m [36mstep[0m=[35m17[0m [36mtotal_tokens[0m=[35m23522[0m
[2m2026-07-14 15:22:52[0m [[32m[1minfo     [0m] [1mFinished a step               [0m [36mcost[0m=[35m0.0[0m [36mgenerated_tokens[0m=[35m159[0m [36minput_tokens[0m=[35m23564[0m [36mreasoning_tokens[0m=[35m4354[0m [36mstep[0m=[35m18[0m [36mtotal_tokens[0m=[35m23723[0m
[2m2026-07-14 15:22:57[0m [[32m[1minfo     [0m] [1mFinished a step               [0m [36mcost[0m=[35m0.0[0m [36mgenerated_tokens[0m=[35m89[0m [36minput_tokens[0m=[35m23702[0m [36mreasoning_tokens[0m=[35m4386[0m [36mstep[0m=[35m19[0m [36mtotal_tokens[0m=[35m23791[0m
[2m2026-07-14 15:23:02[0m [[32m[1minfo     [0m] [1mFinished a step               [0m [36mcost[0m=[35m0.0[0m [36mgenerated_tokens[0m=[35m59[0m [36minput_tokens[0m=[35m23798[0m [36mreasoning_tokens[0m=[35m4422[0m [36mstep[0m=[35m20[0m [36mtotal_tokens[0m=[35m23857[0m
[2m2026-07-14 15:23:07[0m [[32m[1minfo     [0m] [1mFinished a step               [0m [36mcost[0m=[35m0.0[0m [36mgenerated_tokens[0m=[35m52[0m [36minput_tokens[0m=[35m23860[0m [36mreasoning_tokens[0m=[35m4443[0m [36mstep[0m=[35m21[0m [36mtotal_tokens[0m=[35m23912[0m
[2m2026-07-14 15:23:12[0m [[32m[1minfo     [0m] [1mFinished a step               [0m [36mcost[0m=[35m0.0[0m [36mgenerated_tokens[0m=[35m79[0m [36minput_tokens[0m=[35m23966[0m [36mreasoning_tokens[0m=[35m4463[0m [36mstep[0m=[35m22[0m [36mtotal_tokens[0m=[35m24045[0m
[2m2026-07-14 15:23:23[0m [[32m[1minfo     [0m] [1mFinished a step               [0m [36mcost[0m=[35m0.0[0m [36mgenerated_tokens[0m=[35m239[0m [36minput_tokens[0m=[35m24063[0m [36mreasoning_tokens[0m=[35m4645[0m [36mstep[0m=[35m23[0m [36mtotal_tokens[0m=[35m24302[0m
[2m2026-07-14 15:23:29[0m [[32m[1minfo     [0m] [1mFinished a step               [0m [36mcost[0m=[35m0.0[0m [36mgenerated_tokens[0m=[35m91[0m [36minput_tokens[0m=[35m24284[0m [36mreasoning_tokens[0m=[35m4664[0m [36mstep[0m=[35m24[0m [36mtotal_tokens[0m=[35m24375[0m
[2m2026-07-14 15:23:35[0m [[32m[1minfo     [0m] [1mFinished a step               [0m [36mcost[0m=[35m0.0[0m [36mgenerated_tokens[0m=[35m83[0m [36minput_tokens[0m=[35m24503[0m [36mreasoning_tokens[0m=[35m4720[0m [36mstep[0m=[35m25[0m [36mtotal_tokens[0m=[35m24586[0m
[2m2026-07-14 15:23:40[0m [[32m[1minfo     [0m] [1mFinished a step               [0m [36mcost[0m=[35m0.0[0m [36mgenerated_tokens[0m=[35m65[0m [36minput_tokens[0m=[35m24677[0m [36mreasoning_tokens[0m=[35m4756[0m [36mstep[0m=[35m26[0m [36mtotal_tokens[0m=[35m24742[0m
[2m2026-07-14 15:23:46[0m [[32m[1minfo     [0m] [1mFinished a step               [0m [36mcost[0m=[35m0.0[0m [36mgenerated_tokens[0m=[35m103[0m [36minput_tokens[0m=[35m24870[0m [36mreasoning_tokens[0m=[35m4829[0m [36mstep[0m=[35m27[0m [36mtotal_tokens[0m=[35m24973[0m
[2m2026-07-14 15:23:52[0m [[32m[1minfo     [0m] [1mFinished a step               [0m [36mcost[0m=[35m0.0[0m [36mgenerated_tokens[0m=[35m81[0m [36minput_tokens[0m=[35m24935[0m [36mreasoning_tokens[0m=[35m4880[0m [36mstep[0m=[35m28[0m [36mtotal_tokens[0m=[35m25016[0m
[2m2026-07-14 15:24:11[0m [[32m[1minfo     [0m] [1mFinished a step               [0m [36mcost[0m=[35m0.0[0m [36mgenerated_tokens[0m=[35m508[0m [36minput_tokens[0m=[35m25129[0m [36mreasoning_tokens[0m=[35m5359[0m [36mstep[0m=[35m29[0m [36mtotal_tokens[0m=[35m25637[0m
[2m2026-07-14 15:24:21[0m [[32m[1minfo     [0m] [1mFinished a step               [0m [36mcost[0m=[35m0.0[0m [36mgenerated_tokens[0m=[35m212[0m [36minput_tokens[0m=[35m25189[0m [36mreasoning_tokens[0m=[35m5391[0m [36mstep[0m=[35m30[0m [36mtotal_tokens[0m=[35m25401[0m
[2m2026-07-14 15:24:27[0m [[32m[1minfo     [0m] [1mFinished a step               [0m [36mcost[0m=[35m0.0[0m [36mgenerated_tokens[0m=[35m114[0m [36minput_tokens[0m=[35m25516[0m [36mreasoning_tokens[0m=[35m5442[0m [36mstep[0m=[35m31[0m [36mtotal_tokens[0m=[35m25630[0m
[2m2026-07-14 15:24:34[0m [[32m[1minfo     [0m] [1mFinished a step               [0m [36mcost[0m=[35m0.0[0m [36mgenerated_tokens[0m=[35m103[0m [36minput_tokens[0m=[35m25830[0m [36mreasoning_tokens[0m=[35m5479[0m [36mstep[0m=[35m32[0m [36mtotal_tokens[0m=[35m25933[0m
[2m2026-07-14 15:24:34[0m [[32m[1minfo     [0m] [1mCompleted checkpoint inference checkpoint='checkpoint_1'[0m
[2m2026-07-14 15:24:34[0m [[32m[1minfo     [0m] [1mSaving agent checkpoint info compress_artifacts=False output_path=PosixPath('/outputs/file_merger/checkpoint_1')[0m
[2m2026-07-14 15:24:34[0m [[32m[1minfo     [0m] [1mStarting checkpoint evaluation checkpoint='checkpoint_1'[0m
[2m2026-07-14 15:24:34[0m [[32m[1minfo     [0m] [1mStarting pytest evaluation checkpoint='checkpoint_1' environment='local' problem='file_merger' submission_path='/outputs/file_merger/checkpoint_1/snapshot'[0m
[2m2026-07-14 15:24:38[0m [[32m[1minfo     [0m] [1mMaterialized static assets for tests assets=['antmill_requirements'] count=1[0m
[2m2026-07-14 15:24:38[0m [[32m[1minfo     [0m] [1mStatic assets materialized asset_count=1 assets=['antmill_requirements'][0m
[2m2026-07-14 15:24:38[0m [[32m[1minfo     [0m] [1mExecuting pytest              [0m
[2m2026-07-14 15:24:51[0m [[32m[1minfo     [0m] [1mPytest execution complete duration=10.087129354476929 exit_code=1[0m
[2m2026-07-14 15:24:51[0m [[32m[1minfo     [0m] [1mParsed CTRF report path='/tmp/tmphahi_kyo/.scbench/ctrf-report.json' test_count=46[0m
[2m2026-07-14 15:24:51[0m [[32m[1minfo     [0m] [1mPytest evaluation complete checkpoint='checkpoint_1' infrastructure_failure=False problem='file_merger' status_counts={'passed': 43, 'failed': 3}[0m
[2m2026-07-14 15:24:51[0m [[32m[1minfo     [0m] [1mCheckpoint finished checkpoint_name='checkpoint_1' had_error=False pass_policy='any' passed_policy=True save_dir='/outputs/file_merger/checkpoint_1'[0m
[2m2026-07-14 15:24:51[0m [[32m[1minfo     [0m] [1mRunning checkpoint checkpoint='checkpoint_2' index=2 total=4[0m
[2m2026-07-14 15:24:51[0m [[32m[1minfo     [0m] [1mResetting agent context for the checkpoint checkpoint='checkpoint_2'[0m
[2m2026-07-14 15:24:51[0m [[32m[1minfo     [0m] [1mRunning inference for checkpoint checkpoint='checkpoint_2'[0m
[2m2026-07-14 15:24:51[0m [[32m[1minfo     [0m] [1mRunning checkpoint task with inference mode checkpoint='checkpoint_2'[0m
[2m2026-07-14 15:24:54[0m [[32m[1minfo     [0m] [1mFinished a step               [0m [36mcost[0m=[35m0.0[0m [36mgenerated_tokens[0m=[35m88[0m [36minput_tokens[0m=[35m2063[0m [36mreasoning_tokens[0m=[35m36[0m [36mstep[0m=[35m1[0m [36mtotal_tokens[0m=[35m2151[0m
[2m2026-07-14 15:24:59[0m [[32m[1minfo     [0m] [1mFinished a step               [0m [36mcost[0m=[35m0.0[0m [36mgenerated_tokens[0m=[35m114[0m [36minput_tokens[0m=[35m4792[0m [36mreasoning_tokens[0m=[35m115[0m [36mstep[0m=[35m2[0m [36mtotal_tokens[0m=[35m4906[0m
[2m2026-07-14 15:25:02[0m [[32m[1minfo     [0m] [1mFinished a step               [0m [36mcost[0m=[35m0.0[0m [36mgenerated_tokens[0m=[35m37[0m [36minput_tokens[0m=[35m7427[0m [36mreasoning_tokens[0m=[35m134[0m [36mstep[0m=[35m3[0m [36mtotal_tokens[0m=[35m7464[0m
[2m2026-07-14 15:25:09[0m [[32m[1minfo     [0m] [1mFinished a step               [0m [36mcost[0m=[35m0.0[0m [36mgenerated_tokens[0m=[35m182[0m [36minput_tokens[0m=[35m8409[0m [36mreasoning_tokens[0m=[35m284[0m [36mstep[0m=[35m4[0m [36mtotal_tokens[0m=[35m8591[0m
[2m2026-07-14 15:25:15[0m [[32m[1minfo     [0m] [1mFinished a step               [0m [36mcost[0m=[35m0.0[0m [36mgenerated_tokens[0m=[35m140[0m [36minput_tokens[0m=[35m9115[0m [36mreasoning_tokens[0m=[35m424[0m [36mstep[0m=[35m5[0m [36mtotal_tokens[0m=[35m9255[0m
[2m2026-07-14 15:25:23[0m [[32m[1minfo     [0m] [1mFinished a step               [0m [36mcost[0m=[35m0.0[0m [36mgenerated_tokens[0m=[35m190[0m [36minput_tokens[0m=[35m9263[0m [36mreasoning_tokens[0m=[35m586[0m [36mstep[0m=[35m6[0m [36mtotal_tokens[0m=[35m9453[0m
[2m2026-07-14 15:25:30[0m [[32m[1minfo     [0m] [1mFinished a step               [0m [36mcost[0m=[35m0.0[0m [36mgenerated_tokens[0m=[35m173[0m [36minput_tokens[0m=[35m11686[0m [36mreasoning_tokens[0m=[35m718[0m [36mstep[0m=[35m7[0m [36mtotal_tokens[0m=[35m11859[0m
[2m2026-07-14 15:25:58[0m [[32m[1minfo     [0m] [1mFinished a step               [0m [36mcost[0m=[35m0.0[0m [36mgenerated_tokens[0m=[35m773[0m [36minput_tokens[0m=[35m12176[0m [36mreasoning_tokens[0m=[35m1478[0m [36mstep[0m=[35m8[0m [36mtotal_tokens[0m=[35m12949[0m
[2m2026-07-14 15:26:08[0m [[32m[1minfo     [0m] [1mFinished a step               [0m [36mcost[0m=[35m0.0[0m [36mgenerated_tokens[0m=[35m230[0m [36minput_tokens[0m=[35m12212[0m [36mreasoning_tokens[0m=[35m1678[0m [36mstep[0m=[35m9[0m [36mtotal_tokens[0m=[35m12442[0m
