Starting Slop Code CLI
	Seed: 42
	Verbose: 0
--------------------------------
Running inference on problem: execution_server
Using provider API key env override: KIMI_CODING_API_KEY
[2m2026-07-14 11:28:31[0m [[32m[1minfo     [0m] [1mStarting agent run problem='execution_server'[0m
[2m2026-07-14 11:28:31[0m [[32m[1minfo     [0m] [1mSetting up agent run output_path=PosixPath('/outputs/execution_server') problem='execution_server' resuming=False[0m
[2m2026-07-14 11:28:31[0m [[32m[1minfo     [0m] [1mStarting problem run checkpoints=3 problem='execution_server' skipping=0[0m
[2m2026-07-14 11:28:31[0m [[32m[1minfo     [0m] [1mRunning checkpoint checkpoint='checkpoint_1' index=1 total=3[0m
[2m2026-07-14 11:28:31[0m [[32m[1minfo     [0m] [1mStarting agent for the first checkpoint checkpoint='checkpoint_1'[0m
[2m2026-07-14 11:28:31[0m [[32m[1minfo     [0m] [1mRunning inference for checkpoint checkpoint='checkpoint_1'[0m
[2m2026-07-14 11:28:31[0m [[32m[1minfo     [0m] [1mRunning checkpoint task with inference mode checkpoint='checkpoint_1'[0m
[2m2026-07-14 11:28:34[0m [[32m[1minfo     [0m] [1mFinished a step               [0m [36mcost[0m=[35m0.0[0m [36mgenerated_tokens[0m=[35m35[0m [36minput_tokens[0m=[35m1971[0m [36mreasoning_tokens[0m=[35m0[0m [36mstep[0m=[35m1[0m [36mtotal_tokens[0m=[35m2006[0m
[2m2026-07-14 11:28:36[0m [[32m[1minfo     [0m] [1mFinished a step               [0m [36mcost[0m=[35m0.0[0m [36mgenerated_tokens[0m=[35m27[0m [36minput_tokens[0m=[35m2096[0m [36mreasoning_tokens[0m=[35m0[0m [36mstep[0m=[35m2[0m [36mtotal_tokens[0m=[35m2123[0m
[2m2026-07-14 11:29:08[0m [[32m[1minfo     [0m] [1mFinished a step               [0m [36mcost[0m=[35m0.0[0m [36mgenerated_tokens[0m=[35m1713[0m [36minput_tokens[0m=[35m2235[0m [36mreasoning_tokens[0m=[35m0[0m [36mstep[0m=[35m3[0m [36mtotal_tokens[0m=[35m3948[0m
[2m2026-07-14 11:29:13[0m [[32m[1minfo     [0m] [1mFinished a step               [0m [36mcost[0m=[35m0.0[0m [36mgenerated_tokens[0m=[35m116[0m [36minput_tokens[0m=[35m3972[0m [36mreasoning_tokens[0m=[35m0[0m [36mstep[0m=[35m4[0m [36mtotal_tokens[0m=[35m4088[0m
[2m2026-07-14 11:29:20[0m [[32m[1minfo     [0m] [1mFinished a step               [0m [36mcost[0m=[35m0.0[0m [36mgenerated_tokens[0m=[35m138[0m [36minput_tokens[0m=[35m4220[0m [36mreasoning_tokens[0m=[35m0[0m [36mstep[0m=[35m5[0m [36mtotal_tokens[0m=[35m4358[0m
[2m2026-07-14 11:30:00[0m [[32m[1minfo     [0m] [1mFinished a step               [0m [36mcost[0m=[35m0.0[0m [36mgenerated_tokens[0m=[35m368[0m [36minput_tokens[0m=[35m4572[0m [36mreasoning_tokens[0m=[35m0[0m [36mstep[0m=[35m6[0m [36mtotal_tokens[0m=[35m4940[0m
[2m2026-07-14 11:30:33[0m [[32m[1minfo     [0m] [1mFinished a step               [0m [36mcost[0m=[35m0.0[0m [36mgenerated_tokens[0m=[35m1761[0m [36minput_tokens[0m=[35m5466[0m [36mreasoning_tokens[0m=[35m0[0m [36mstep[0m=[35m7[0m [36mtotal_tokens[0m=[35m7227[0m
[2m2026-07-14 11:30:44[0m [[32m[1minfo     [0m] [1mFinished a step               [0m [36mcost[0m=[35m0.0[0m [36mgenerated_tokens[0m=[35m145[0m [36minput_tokens[0m=[35m7251[0m [36mreasoning_tokens[0m=[35m0[0m [36mstep[0m=[35m8[0m [36mtotal_tokens[0m=[35m7396[0m
[2m2026-07-14 11:31:15[0m [[32m[1minfo     [0m] [1mFinished a step               [0m [36mcost[0m=[35m0.0[0m [36mgenerated_tokens[0m=[35m1764[0m [36minput_tokens[0m=[35m7607[0m [36mreasoning_tokens[0m=[35m0[0m [36mstep[0m=[35m9[0m [36mtotal_tokens[0m=[35m9371[0m
[2m2026-07-14 11:31:23[0m [[32m[1minfo     [0m] [1mFinished a step               [0m [36mcost[0m=[35m0.0[0m [36mgenerated_tokens[0m=[35m146[0m [36minput_tokens[0m=[35m9395[0m [36mreasoning_tokens[0m=[35m0[0m [36mstep[0m=[35m10[0m [36mtotal_tokens[0m=[35m9541[0m
[2m2026-07-14 11:31:50[0m [[32m[1minfo     [0m] [1mFinished a step               [0m [36mcost[0m=[35m0.0[0m [36mgenerated_tokens[0m=[35m783[0m [36minput_tokens[0m=[35m9752[0m [36mreasoning_tokens[0m=[35m0[0m [36mstep[0m=[35m11[0m [36mtotal_tokens[0m=[35m10535[0m
[2m2026-07-14 11:32:06[0m [[32m[1minfo     [0m] [1mFinished a step               [0m [36mcost[0m=[35m0.0[0m [36mgenerated_tokens[0m=[35m563[0m [36minput_tokens[0m=[35m11510[0m [36mreasoning_tokens[0m=[35m0[0m [36mstep[0m=[35m12[0m [36mtotal_tokens[0m=[35m12073[0m
[2m2026-07-14 11:32:09[0m [[32m[1minfo     [0m] [1mFinished a step               [0m [36mcost[0m=[35m0.0[0m [36mgenerated_tokens[0m=[35m48[0m [36minput_tokens[0m=[35m12662[0m [36mreasoning_tokens[0m=[35m0[0m [36mstep[0m=[35m13[0m [36mtotal_tokens[0m=[35m12710[0m
[2m2026-07-14 11:32:30[0m [[32m[1minfo     [0m] [1mFinished a step               [0m [36mcost[0m=[35m0.0[0m [36mgenerated_tokens[0m=[35m422[0m [36minput_tokens[0m=[35m12824[0m [36mreasoning_tokens[0m=[35m0[0m [36mstep[0m=[35m14[0m [36mtotal_tokens[0m=[35m13246[0m
[2m2026-07-14 11:32:34[0m [[32m[1minfo     [0m] [1mFinished a step               [0m [36mcost[0m=[35m0.0[0m [36mgenerated_tokens[0m=[35m46[0m [36minput_tokens[0m=[35m13782[0m [36mreasoning_tokens[0m=[35m0[0m [36mstep[0m=[35m15[0m [36mtotal_tokens[0m=[35m13828[0m
[2m2026-07-14 11:32:39[0m [[32m[1minfo     [0m] [1mFinished a step               [0m [36mcost[0m=[35m0.0[0m [36mgenerated_tokens[0m=[35m165[0m [36minput_tokens[0m=[35m15495[0m [36mreasoning_tokens[0m=[35m0[0m [36mstep[0m=[35m16[0m [36mtotal_tokens[0m=[35m15660[0m
[2m2026-07-14 11:32:44[0m [[32m[1minfo     [0m] [1mFinished a step               [0m [36mcost[0m=[35m0.0[0m [36mgenerated_tokens[0m=[35m168[0m [36minput_tokens[0m=[35m15699[0m [36mreasoning_tokens[0m=[35m0[0m [36mstep[0m=[35m17[0m [36mtotal_tokens[0m=[35m15867[0m
[2m2026-07-14 11:32:44[0m [[32m[1minfo     [0m] [1mCompleted checkpoint inference checkpoint='checkpoint_1'[0m
[2m2026-07-14 11:32:44[0m [[32m[1minfo     [0m] [1mSaving agent checkpoint info compress_artifacts=False output_path=PosixPath('/outputs/execution_server/checkpoint_1')[0m
[2m2026-07-14 11:32:44[0m [[32m[1minfo     [0m] [1mStarting checkpoint evaluation checkpoint='checkpoint_1'[0m
[2m2026-07-14 11:32:44[0m [[32m[1minfo     [0m] [1mStarting pytest evaluation checkpoint='checkpoint_1' environment='local' problem='execution_server' submission_path='/outputs/execution_server/checkpoint_1/snapshot'[0m
[2m2026-07-14 11:32:45[0m [[32m[1minfo     [0m] [1mMaterialized static assets for tests assets=['antmill_requirements'] count=1[0m
[2m2026-07-14 11:32:45[0m [[32m[1minfo     [0m] [1mStatic assets materialized asset_count=1 assets=['antmill_requirements'][0m
[2m2026-07-14 11:32:45[0m [[32m[1minfo     [0m] [1mExecuting pytest              [0m
[2m2026-07-14 11:32:45[0m [[33m[1mwarning  [0m] [1mSetup command failed command='uv pip install --no-index --find-links /antmill/wheelhouse --python /opt/scbench/.venv/bin/python -r requirements.txt' exit_code=1 stderr='Using Python 3.12.12 environment at: /opt/scbench/.venv\n  × No solution found when resolving dependencies:\n  ╰─▶ Because pytest-asyncio was not found in the provided package locations\n      and you require pytest-asyncio>=0.23.0, we can conclude that your\n      requirements are unsatisfiable.\n'[0m
[2m2026-07-14 11:32:45[0m [[33m[1mwarning  [0m] [1mSetup command failed command='uv add --no-index --find-links /antmill/wheelhouse -r requirements.txt' exit_code=1 stderr="Using CPython 3.12.12 interpreter at: /usr/local/bin/python3.12\nCreating virtual environment at: .venv\n  × No solution found when resolving dependencies:\n  ╰─▶ Because fastapi was not found in the provided package locations and your\n      project depends on fastapi>=0.109.0, we can conclude that your project's\n      requirements are unsatisfiable.\n  help: If you want to add the package regardless of the failed resolution,\n        provide the `--frozen` flag to skip locking and syncing.\n"[0m
[2m2026-07-14 11:32:49[0m [[32m[1minfo     [0m] [1mPytest execution complete duration=4.222475290298462 exit_code=1[0m
[2m2026-07-14 11:32:49[0m [[32m[1minfo     [0m] [1mParsed CTRF report path='/tmp/tmpra1md9tw/.scbench/ctrf-report.json' test_count=45[0m
[2m2026-07-14 11:32:49[0m [[32m[1minfo     [0m] [1mPytest evaluation complete checkpoint='checkpoint_1' infrastructure_failure=False problem='execution_server' status_counts={'error': 45}[0m
[2m2026-07-14 11:32:49[0m [[32m[1minfo     [0m] [1mCheckpoint finished checkpoint_name='checkpoint_1' had_error=False pass_policy='any' passed_policy=True save_dir='/outputs/execution_server/checkpoint_1'[0m
[2m2026-07-14 11:32:49[0m [[32m[1minfo     [0m] [1mRunning checkpoint checkpoint='checkpoint_2' index=2 total=3[0m
[2m2026-07-14 11:32:49[0m [[32m[1minfo     [0m] [1mResetting agent context for the checkpoint checkpoint='checkpoint_2'[0m
[2m2026-07-14 11:32:49[0m [[32m[1minfo     [0m] [1mRunning inference for checkpoint checkpoint='checkpoint_2'[0m
[2m2026-07-14 11:32:49[0m [[32m[1minfo     [0m] [1mRunning checkpoint task with inference mode checkpoint='checkpoint_2'[0m
[2m2026-07-14 11:32:53[0m [[32m[1minfo     [0m] [1mFinished a step               [0m [36mcost[0m=[35m0.0[0m [36mgenerated_tokens[0m=[35m27[0m [36minput_tokens[0m=[35m1599[0m [36mreasoning_tokens[0m=[35m0[0m [36mstep[0m=[35m1[0m [36mtotal_tokens[0m=[35m1626[0m
[2m2026-07-14 11:32:55[0m [[32m[1minfo     [0m] [1mFinished a step               [0m [36mcost[0m=[35m0.0[0m [36mgenerated_tokens[0m=[35m28[0m [36minput_tokens[0m=[35m1740[0m [36mreasoning_tokens[0m=[35m0[0m [36mstep[0m=[35m2[0m [36mtotal_tokens[0m=[35m1768[0m
[2m2026-07-14 11:32:57[0m [[32m[1minfo     [0m] [1mFinished a step               [0m [36mcost[0m=[35m0.0[0m [36mgenerated_tokens[0m=[35m40[0m [36minput_tokens[0m=[35m3435[0m [36mreasoning_tokens[0m=[35m0[0m [36mstep[0m=[35m3[0m [36mtotal_tokens[0m=[35m3475[0m
[2m2026-07-14 11:33:23[0m [[32m[1minfo     [0m] [1mFinished a step               [0m [36mcost[0m=[35m0.0[0m [36mgenerated_tokens[0m=[35m748[0m [36minput_tokens[0m=[35m3587[0m [36mreasoning_tokens[0m=[35m0[0m [36mstep[0m=[35m4[0m [36mtotal_tokens[0m=[35m4335[0m
[2m2026-07-14 11:33:57[0m [[32m[1minfo     [0m] [1mFinished a step               [0m [36mcost[0m=[35m0.0[0m [36mgenerated_tokens[0m=[35m2047[0m [36minput_tokens[0m=[35m4359[0m [36mreasoning_tokens[0m=[35m0[0m [36mstep[0m=[35m5[0m [36mtotal_tokens[0m=[35m6406[0m
[2m2026-07-14 11:34:00[0m [[32m[1minfo     [0m] [1mFinished a step               [0m [36mcost[0m=[35m0.0[0m [36mgenerated_tokens[0m=[35m26[0m [36minput_tokens[0m=[35m6430[0m [36mreasoning_tokens[0m=[35m0[0m [36mstep[0m=[35m6[0m [36mtotal_tokens[0m=[35m6456[0m
[2m2026-07-14 11:34:20[0m [[32m[1minfo     [0m] [1mFinished a step               [0m [36mcost[0m=[35m0.0[0m [36mgenerated_tokens[0m=[35m770[0m [36minput_tokens[0m=[35m6844[0m [36mreasoning_tokens[0m=[35m0[0m [36mstep[0m=[35m7[0m [36mtotal_tokens[0m=[35m7614[0m
[2m2026-07-14 11:34:40[0m [[32m[1minfo     [0m] [1mFinished a step               [0m [36mcost[0m=[35m0.0[0m [36mgenerated_tokens[0m=[35m1020[0m [36minput_tokens[0m=[35m8065[0m [36mreasoning_tokens[0m=[35m0[0m [36mstep[0m=[35m8[0m [36mtotal_tokens[0m=[35m9085[0m
[2m2026-07-14 11:34:44[0m [[32m[1minfo     [0m] [1mFinished a step               [0m [36mcost[0m=[35m0.0[0m [36mgenerated_tokens[0m=[35m90[0m [36minput_tokens[0m=[35m9626[0m [36mreasoning_tokens[0m=[35m0[0m [36mstep[0m=[35m9[0m [36mtotal_tokens[0m=[35m9716[0m
[2m2026-07-14 11:35:25[0m [[32m[1minfo     [0m] [1mFinished a step               [0m [36mcost[0m=[35m0.0[0m [36mgenerated_tokens[0m=[35m2012[0m [36minput_tokens[0m=[35m10115[0m [36mreasoning_tokens[0m=[35m0[0m [36mstep[0m=[35m10[0m [36mtotal_tokens[0m=[35m12127[0m
[2m2026-07-14 11:35:30[0m [[32m[1minfo     [0m] [1mFinished a step               [0m [36mcost[0m=[35m0.0[0m [36mgenerated_tokens[0m=[35m35[0m [36minput_tokens[0m=[35m12151[0m [36mreasoning_tokens[0m=[35m0[0m [36mstep[0m=[35m11[0m [36mtotal_tokens[0m=[35m12186[0m
[2m2026-07-14 11:35:34[0m [[32m[1minfo     [0m] [1mFinished a step               [0m [36mcost[0m=[35m0.0[0m [36mgenerated_tokens[0m=[35m33[0m [36minput_tokens[0m=[35m12660[0m [36mreasoning_tokens[0m=[35m0[0m [36mstep[0m=[35m12[0m [36mtotal_tokens[0m=[35m12693[0m
[2m2026-07-14 11:35:39[0m [[32m[1minfo     [0m] [1mFinished a step               [0m [36mcost[0m=[35m0.0[0m [36mgenerated_tokens[0m=[35m50[0m [36minput_tokens[0m=[35m13080[0m [36mreasoning_tokens[0m=[35m0[0m [36mstep[0m=[35m13[0m [36mtotal_tokens[0m=[35m13130[0m
[2m2026-07-14 11:35:43[0m [[32m[1minfo     [0m] [1mFinished a step               [0m [36mcost[0m=[35m0.0[0m [36mgenerated_tokens[0m=[35m65[0m [36minput_tokens[0m=[35m15109[0m [36mreasoning_tokens[0m=[35m0[0m [36mstep[0m=[35m14[0m [36mtotal_tokens[0m=[35m15174[0m
[2m2026-07-14 11:36:18[0m [[32m[1minfo     [0m] [1mFinished a step               [0m [36mcost[0m=[35m0.0[0m [36mgenerated_tokens[0m=[35m127[0m [36minput_tokens[0m=[35m15202[0m [36mreasoning_tokens[0m=[35m0[0m [36mstep[0m=[35m15[0m [36mtotal_tokens[0m=[35m15329[0m
[2m2026-07-14 11:36:34[0m [[32m[1minfo     [0m] [1mFinished a step               [0m [36mcost[0m=[35m0.0[0m [36mgenerated_tokens[0m=[35m212[0m [36minput_tokens[0m=[35m15541[0m [36mreasoning_tokens[0m=[35m0[0m [36mstep[0m=[35m16[0m [36mtotal_tokens[0m=[35m15753[0m
[2m2026-07-14 11:36:48[0m [[32m[1minfo     [0m] [1mFinished a step               [0m [36mcost[0m=[35m0.0[0m [36mgenerated_tokens[0m=[35m183[0m [36minput_tokens[0m=[35m15945[0m [36mreasoning_tokens[0m=[35m0[0m [36mstep[0m=[35m17[0m [36mtotal_tokens[0m=[35m16128[0m
[2m2026-07-14 11:36:48[0m [[32m[1minfo     [0m] [1mCompleted checkpoint inference checkpoint='checkpoint_2'[0m
[2m2026-07-14 11:36:48[0m [[32m[1minfo     [0m] [1mSaving agent checkpoint info compress_artifacts=False output_path=PosixPath('/outputs/execution_server/checkpoint_2')[0m
[2m2026-07-14 11:36:48[0m [[32m[1minfo     [0m] [1mStarting checkpoint evaluation checkpoint='checkpoint_2'[0m
[2m2026-07-14 11:36:48[0m [[32m[1minfo     [0m] [1mStarting pytest evaluation checkpoint='checkpoint_2' environment='local' problem='execution_server' submission_path='/outputs/execution_server/checkpoint_2/snapshot'[0m
[2m2026-07-14 11:36:48[0m [[32m[1minfo     [0m] [1mMaterialized static assets for tests assets=['antmill_requirements'] count=1[0m
[2m2026-07-14 11:36:48[0m [[32m[1minfo     [0m] [1mStatic assets materialized asset_count=1 assets=['antmill_requirements'][0m
[2m2026-07-14 11:36:48[0m [[32m[1minfo     [0m] [1mExecuting pytest              [0m
[2m2026-07-14 11:36:48[0m [[33m[1mwarning  [0m] [1mSetup command failed command='uv pip install --no-index --find-links /antmill/wheelhouse --python /opt/scbench/.venv/bin/python -r requirements.txt' exit_code=1 stderr='Using Python 3.12.12 environment at: /opt/scbench/.venv\n  × No solution found when resolving dependencies:\n  ╰─▶ Because pytest-asyncio was not found in the provided package locations\n      and you require pytest-asyncio>=0.23.0, we can conclude that your\n      requirements are unsatisfiable.\n'[0m
[2m2026-07-14 11:36:48[0m [[33m[1mwarning  [0m] [1mSetup command failed command='uv add --no-index --find-links /antmill/wheelhouse -r requirements.txt' exit_code=1 stderr="Using CPython 3.12.12 interpreter at: /usr/local/bin/python3.12\nCreating virtual environment at: .venv\n  × No solution found when resolving dependencies:\n  ╰─▶ Because fastapi was not found in the provided package locations and your\n      project depends on fastapi>=0.109.0, we can conclude that your project's\n      requirements are unsatisfiable.\n  help: If you want to add the package regardless of the failed resolution,\n        provide the `--frozen` flag to skip locking and syncing.\n"[0m
[2m2026-07-14 11:36:52[0m [[32m[1minfo     [0m] [1mPytest execution complete duration=3.481788396835327 exit_code=1[0m
[2m2026-07-14 11:36:52[0m [[32m[1minfo     [0m] [1mParsed CTRF report path='/tmp/tmpatdtspy3/.scbench/ctrf-report.json' test_count=58[0m
[2m2026-07-14 11:36:52[0m [[32m[1minfo     [0m] [1mPytest evaluation complete checkpoint='checkpoint_2' infrastructure_failure=False problem='execution_server' status_counts={'error': 58}[0m
[2m2026-07-14 11:36:52[0m [[32m[1minfo     [0m] [1mCheckpoint finished checkpoint_name='checkpoint_2' had_error=False pass_policy='any' passed_policy=True save_dir='/outputs/execution_server/checkpoint_2'[0m
[2m2026-07-14 11:36:52[0m [[32m[1minfo     [0m] [1mRunning checkpoint checkpoint='checkpoint_3' index=3 total=3[0m
[2m2026-07-14 11:36:52[0m [[32m[1minfo     [0m] [1mResetting agent context for the checkpoint checkpoint='checkpoint_3'[0m
[2m2026-07-14 11:36:52[0m [[32m[1minfo     [0m] [1mRunning inference for checkpoint checkpoint='checkpoint_3'[0m
[2m2026-07-14 11:36:52[0m [[32m[1minfo     [0m] [1mRunning checkpoint task with inference mode checkpoint='checkpoint_3'[0m
[2m2026-07-14 11:36:53[0m [[32m[1minfo     [0m] [1mFinished a step               [0m [36mcost[0m=[35m0.0[0m [36mgenerated_tokens[0m=[35m31[0m [36minput_tokens[0m=[35m1200[0m [36mreasoning_tokens[0m=[35m0[0m [36mstep[0m=[35m1[0m [36mtotal_tokens[0m=[35m1231[0m
[2m2026-07-14 11:36:55[0m [[32m[1minfo     [0m] [1mFinished a step               [0m [36mcost[0m=[35m0.0[0m [36mgenerated_tokens[0m=[35m34[0m [36minput_tokens[0m=[35m1345[0m [36mreasoning_tokens[0m=[35m0[0m [36mstep[0m=[35m2[0m [36mtotal_tokens[0m=[35m1379[0m
[2m2026-07-14 11:36:57[0m [[32m[1minfo     [0m] [1mFinished a step               [0m [36mcost[0m=[35m0.0[0m [36mgenerated_tokens[0m=[35m27[0m [36minput_tokens[0m=[35m3358[0m [36mreasoning_tokens[0m=[35m0[0m [36mstep[0m=[35m3[0m [36mtotal_tokens[0m=[35m3385[0m
[2m2026-07-14 11:38:21[0m [[32m[1minfo     [0m] [1mFinished a step               [0m [36mcost[0m=[35m0.0[0m [36mgenerated_tokens[0m=[35m3741[0m [36minput_tokens[0m=[35m3497[0m [36mreasoning_tokens[0m=[35m0[0m [36mstep[0m=[35m4[0m [36mtotal_tokens[0m=[35m7238[0m
[2m2026-07-14 11:38:45[0m [[32m[1minfo     [0m] [1mFinished a step               [0m [36mcost[0m=[35m0.0[0m [36mgenerated_tokens[0m=[35m1569[0m [36minput_tokens[0m=[35m7262[0m [36mreasoning_tokens[0m=[35m0[0m [36mstep[0m=[35m5[0m [36mtotal_tokens[0m=[35m8831[0m
[2m2026-07-14 11:39:19[0m [[32m[1minfo     [0m] [1mFinished a step               [0m [36mcost[0m=[35m0.0[0m [36mgenerated_tokens[0m=[35m1930[0m [36minput_tokens[0m=[35m9147[0m [36mreasoning_tokens[0m=[35m0[0m [36mstep[0m=[35m6[0m [36mtotal_tokens[0m=[35m11077[0m
[2m2026-07-14 11:39:56[0m [[32m[1minfo     [0m] [1mFinished a step               [0m [36mcost[0m=[35m0.0[0m [36mgenerated_tokens[0m=[35m2602[0m [36minput_tokens[0m=[35m11573[0m [36mreasoning_tokens[0m=[35m0[0m [36mstep[0m=[35m7[0m [36mtotal_tokens[0m=[35m14175[0m
[2m2026-07-14 11:40:59[0m [[32m[1minfo     [0m] [1mFinished a step               [0m [36mcost[0m=[35m0.0[0m [36mgenerated_tokens[0m=[35m2969[0m [36minput_tokens[0m=[35m15107[0m [36mreasoning_tokens[0m=[35m0[0m [36mstep[0m=[35m8[0m [36mtotal_tokens[0m=[35m18076[0m
[2m2026-07-14 11:41:34[0m [[32m[1minfo     [0m] [1mFinished a step               [0m [36mcost[0m=[35m0.0[0m [36mgenerated_tokens[0m=[35m1858[0m [36minput_tokens[0m=[35m19498[0m [36mreasoning_tokens[0m=[35m0[0m [36mstep[0m=[35m9[0m [36mtotal_tokens[0m=[35m21356[0m
[2m2026-07-14 11:41:36[0m [[32m[1minfo     [0m] [1mFinished a step               [0m [36mcost[0m=[35m0.0[0m [36mgenerated_tokens[0m=[35m48[0m [36minput_tokens[0m=[35m22175[0m [36mreasoning_tokens[0m=[35m0[0m [36mstep[0m=[35m10[0m [36mtotal_tokens[0m=[35m22223[0m
[2m2026-07-14 11:41:39[0m [[32m[1minfo     [0m] [1mFinished a step               [0m [36mcost[0m=[35m0.0[0m [36mgenerated_tokens[0m=[35m35[0m [36minput_tokens[0m=[35m23783[0m [36mreasoning_tokens[0m=[35m0[0m [36mstep[0m=[35m11[0m [36mtotal_tokens[0m=[35m23818[0m
[2m2026-07-14 11:41:41[0m [[32m[1minfo     [0m] [1mFinished a step               [0m [36mcost[0m=[35m0.0[0m [36mgenerated_tokens[0m=[35m47[0m [36minput_tokens[0m=[35m25818[0m [36mreasoning_tokens[0m=[35m0[0m [36mstep[0m=[35m12[0m [36mtotal_tokens[0m=[35m25865[0m
[2m2026-07-14 11:41:45[0m [[32m[1minfo     [0m] [1mFinished a step               [0m [36mcost[0m=[35m0.0[0m [36mgenerated_tokens[0m=[35m64[0m [36minput_tokens[0m=[35m25981[0m [36mreasoning_tokens[0m=[35m0[0m [36mstep[0m=[35m13[0m [36mtotal_tokens[0m=[35m26045[0m
[2m2026-07-14 11:41:48[0m [[32m[1minfo     [0m] [1mFinished a step               [0m [36mcost[0m=[35m0.0[0m [36mgenerated_tokens[0m=[35m86[0m [36minput_tokens[0m=[35m26157[0m [36mreasoning_tokens[0m=[35m0[0m [36mstep[0m=[35m14[0m [36mtotal_tokens[0m=[35m26243[0m
[2m2026-07-14 11:41:48[0m [[32m[1minfo     [0m] [1mCompleted checkpoint inference checkpoint='checkpoint_3'[0m
[2m2026-07-14 11:41:48[0m [[32m[1minfo     [0m] [1mSaving agent checkpoint info compress_artifacts=False output_path=PosixPath('/outputs/execution_server/checkpoint_3')[0m
[2m2026-07-14 11:41:48[0m [[32m[1minfo     [0m] [1mStarting checkpoint evaluation checkpoint='checkpoint_3'[0m
[2m2026-07-14 11:41:48[0m [[32m[1minfo     [0m] [1mStarting pytest evaluation checkpoint='checkpoint_3' environment='local' problem='execution_server' submission_path='/outputs/execution_server/checkpoint_3/snapshot'[0m
[2m2026-07-14 11:41:48[0m [[32m[1minfo     [0m] [1mMaterialized static assets for tests assets=['antmill_requirements'] count=1[0m
[2m2026-07-14 11:41:48[0m [[32m[1minfo     [0m] [1mStatic assets materialized asset_count=1 assets=['antmill_requirements'][0m
[2m2026-07-14 11:41:48[0m [[32m[1minfo     [0m] [1mExecuting pytest              [0m
[2m2026-07-14 11:42:07[0m [[32m[1minfo     [0m] [1mPytest execution complete duration=16.946815013885498 exit_code=1[0m
[2m2026-07-14 11:42:07[0m [[32m[1minfo     [0m] [1mParsed CTRF report path='/tmp/tmpw84msaae/.scbench/ctrf-report.json' test_count=101[0m
[2m2026-07-14 11:42:07[0m [[32m[1minfo     [0m] [1mPytest evaluation complete checkpoint='checkpoint_3' infrastructure_failure=False problem='execution_server' status_counts={'passed': 93, 'failed': 8}[0m
[2m2026-07-14 11:42:07[0m [[32m[1minfo     [0m] [1mCheckpoint finished checkpoint_name='checkpoint_3' had_error=False pass_policy='any' passed_policy=True save_dir='/outputs/execution_server/checkpoint_3'[0m
[2m2026-07-14 11:42:07[0m [[32m[1minfo     [0m] [1mAll checkpoints completed successfully problem='execution_server'[0m
[2m2026-07-14 11:42:07[0m [[32m[1minfo     [0m] [1mSaving run info checkpoints=3 output_path=PosixPath('/outputs/execution_server') problem='execution_server'[0m
[2m2026-07-14 11:42:07[0m [[32m[1minfo     [0m] [1mRun info saved successfully passed_policy=True problem='execution_server' total_cost=0.0[0m
[2m2026-07-14 11:42:07[0m [[32m[1minfo     [0m] [1mAgent run finished final_state='completed' passed=True problem='execution_server'[0m
[2m2026-07-14 11:42:07[0m [[32m[1minfo     [0m] [1mProblem run completed problem='execution_server'[0m
