Starting Slop Code CLI
	Seed: 42
	Verbose: 0
--------------------------------
Running inference on problem: file_backup
Using provider API key env override: MODELARTS_MAAS_KEY
[2m2026-07-14 14:49:26[0m [[32m[1minfo     [0m] [1mStarting agent run problem='file_backup'[0m
[2m2026-07-14 14:49:26[0m [[32m[1minfo     [0m] [1mSetting up agent run output_path=PosixPath('/outputs/file_backup') problem='file_backup' resuming=False[0m
[2m2026-07-14 14:49:26[0m [[32m[1minfo     [0m] [1mStarting problem run checkpoints=4 problem='file_backup' skipping=0[0m
[2m2026-07-14 14:49:26[0m [[32m[1minfo     [0m] [1mRunning checkpoint checkpoint='checkpoint_1' index=1 total=4[0m
[2m2026-07-14 14:49:26[0m [[32m[1minfo     [0m] [1mStarting agent for the first checkpoint checkpoint='checkpoint_1'[0m
[2m2026-07-14 14:49:26[0m [[32m[1minfo     [0m] [1mRunning inference for checkpoint checkpoint='checkpoint_1'[0m
[2m2026-07-14 14:49:26[0m [[32m[1minfo     [0m] [1mRunning checkpoint task with inference mode checkpoint='checkpoint_1'[0m
[2m2026-07-14 14:49:34[0m [[32m[1minfo     [0m] [1mFinished a step               [0m [36mcost[0m=[35m0.0[0m [36mgenerated_tokens[0m=[35m209[0m [36minput_tokens[0m=[35m3259[0m [36mreasoning_tokens[0m=[35m169[0m [36mstep[0m=[35m1[0m [36mtotal_tokens[0m=[35m3468[0m
[2m2026-07-14 14:49:38[0m [[32m[1minfo     [0m] [1mFinished a step               [0m [36mcost[0m=[35m0.0[0m [36mgenerated_tokens[0m=[35m74[0m [36minput_tokens[0m=[35m3404[0m [36mreasoning_tokens[0m=[35m179[0m [36mstep[0m=[35m2[0m [36mtotal_tokens[0m=[35m3478[0m
[2m2026-07-14 14:49:44[0m [[32m[1minfo     [0m] [1mFinished a step               [0m [36mcost[0m=[35m0.0[0m [36mgenerated_tokens[0m=[35m145[0m [36minput_tokens[0m=[35m3561[0m [36mreasoning_tokens[0m=[35m304[0m [36mstep[0m=[35m3[0m [36mtotal_tokens[0m=[35m3706[0m
[2m2026-07-14 14:53:45[0m [[32m[1minfo     [0m] [1mFinished a step               [0m [36mcost[0m=[35m0.0[0m [36mgenerated_tokens[0m=[35m7357[0m [36minput_tokens[0m=[35m3637[0m [36mreasoning_tokens[0m=[35m6108[0m [36mstep[0m=[35m4[0m [36mtotal_tokens[0m=[35m10994[0m
[2m2026-07-14 14:53:52[0m [[32m[1minfo     [0m] [1mFinished a step               [0m [36mcost[0m=[35m0.0[0m [36mgenerated_tokens[0m=[35m190[0m [36minput_tokens[0m=[35m5208[0m [36mreasoning_tokens[0m=[35m6137[0m [36mstep[0m=[35m5[0m [36mtotal_tokens[0m=[35m5398[0m
[2m2026-07-14 14:56:11[0m [[32m[1minfo     [0m] [1mFinished a step               [0m [36mcost[0m=[35m0.0[0m [36mgenerated_tokens[0m=[35m4275[0m [36minput_tokens[0m=[35m5900[0m [36mreasoning_tokens[0m=[35m10212[0m [36mstep[0m=[35m6[0m [36mtotal_tokens[0m=[35m10175[0m
[2m2026-07-14 14:59:18[0m [[32m[1minfo     [0m] [1mFinished a step               [0m [36mcost[0m=[35m0.0[0m [36mgenerated_tokens[0m=[35m5914[0m [36minput_tokens[0m=[35m6186[0m [36mreasoning_tokens[0m=[35m12030[0m [36mstep[0m=[35m7[0m [36mtotal_tokens[0m=[35m12100[0m
[2m2026-07-14 15:00:18[0m [[32m[1minfo     [0m] [1mFinished a step               [0m [36mcost[0m=[35m0.0[0m [36mgenerated_tokens[0m=[35m2034[0m [36minput_tokens[0m=[35m10430[0m [36mreasoning_tokens[0m=[35m12062[0m [36mstep[0m=[35m8[0m [36mtotal_tokens[0m=[35m12464[0m
[2m2026-07-14 15:00:32[0m [[32m[1minfo     [0m] [1mFinished a step               [0m [36mcost[0m=[35m0.0[0m [36mgenerated_tokens[0m=[35m435[0m [36minput_tokens[0m=[35m12450[0m [36mreasoning_tokens[0m=[35m12453[0m [36mstep[0m=[35m9[0m [36mtotal_tokens[0m=[35m12885[0m
[2m2026-07-14 15:01:27[0m [[32m[1minfo     [0m] [1mFinished a step               [0m [36mcost[0m=[35m0.0[0m [36mgenerated_tokens[0m=[35m1748[0m [36minput_tokens[0m=[35m13004[0m [36mreasoning_tokens[0m=[35m13693[0m [36mstep[0m=[35m10[0m [36mtotal_tokens[0m=[35m14752[0m
[2m2026-07-14 15:02:05[0m [[32m[1minfo     [0m] [1mFinished a step               [0m [36mcost[0m=[35m0.0[0m [36mgenerated_tokens[0m=[35m1126[0m [36minput_tokens[0m=[35m13707[0m [36mreasoning_tokens[0m=[35m14657[0m [36mstep[0m=[35m11[0m [36mtotal_tokens[0m=[35m14833[0m
[2m2026-07-14 15:02:48[0m [[32m[1minfo     [0m] [1mFinished a step               [0m [36mcost[0m=[35m0.0[0m [36mgenerated_tokens[0m=[35m1320[0m [36minput_tokens[0m=[35m13909[0m [36mreasoning_tokens[0m=[35m14726[0m [36mstep[0m=[35m12[0m [36mtotal_tokens[0m=[35m15229[0m
[2m2026-07-14 15:06:18[0m [[32m[1minfo     [0m] [1mFinished a step               [0m [36mcost[0m=[35m0.0[0m [36mgenerated_tokens[0m=[35m6669[0m [36minput_tokens[0m=[35m15456[0m [36mreasoning_tokens[0m=[35m20611[0m [36mstep[0m=[35m13[0m [36mtotal_tokens[0m=[35m22125[0m
[2m2026-07-14 15:07:31[0m [[32m[1minfo     [0m] [1mFinished a step               [0m [36mcost[0m=[35m0.0[0m [36mgenerated_tokens[0m=[35m2424[0m [36minput_tokens[0m=[35m16612[0m [36mreasoning_tokens[0m=[35m21132[0m [36mstep[0m=[35m14[0m [36mtotal_tokens[0m=[35m19036[0m
[2m2026-07-14 15:07:35[0m [[32m[1minfo     [0m] [1mFinished a step               [0m [36mcost[0m=[35m0.0[0m [36mgenerated_tokens[0m=[35m57[0m [36minput_tokens[0m=[35m18533[0m [36mreasoning_tokens[0m=[35m21145[0m [36mstep[0m=[35m15[0m [36mtotal_tokens[0m=[35m18590[0m
[2m2026-07-14 15:07:47[0m [[32m[1minfo     [0m] [1mFinished a step               [0m [36mcost[0m=[35m0.0[0m [36mgenerated_tokens[0m=[35m292[0m [36minput_tokens[0m=[35m19100[0m [36mreasoning_tokens[0m=[35m21243[0m [36mstep[0m=[35m16[0m [36mtotal_tokens[0m=[35m19392[0m
[2m2026-07-14 15:08:01[0m [[32m[1minfo     [0m] [1mFinished a step               [0m [36mcost[0m=[35m0.0[0m [36mgenerated_tokens[0m=[35m352[0m [36minput_tokens[0m=[35m19649[0m [36mreasoning_tokens[0m=[35m21323[0m [36mstep[0m=[35m17[0m [36mtotal_tokens[0m=[35m20001[0m
[2m2026-07-14 15:08:10[0m [[32m[1minfo     [0m] [1mFinished a step               [0m [36mcost[0m=[35m0.0[0m [36mgenerated_tokens[0m=[35m220[0m [36minput_tokens[0m=[35m20305[0m [36mreasoning_tokens[0m=[35m21543[0m [36mstep[0m=[35m18[0m [36mtotal_tokens[0m=[35m20525[0m
[2m2026-07-14 15:08:19[0m [[32m[1minfo     [0m] [1mFinished a step               [0m [36mcost[0m=[35m0.0[0m [36mgenerated_tokens[0m=[35m172[0m [36minput_tokens[0m=[35m20453[0m [36mreasoning_tokens[0m=[35m21574[0m [36mstep[0m=[35m19[0m [36mtotal_tokens[0m=[35m20625[0m
[2m2026-07-14 15:08:24[0m [[32m[1minfo     [0m] [1mFinished a step               [0m [36mcost[0m=[35m0.0[0m [36mgenerated_tokens[0m=[35m79[0m [36minput_tokens[0m=[35m20645[0m [36mreasoning_tokens[0m=[35m21596[0m [36mstep[0m=[35m20[0m [36mtotal_tokens[0m=[35m20724[0m
[2m2026-07-14 15:08:34[0m [[32m[1minfo     [0m] [1mFinished a step               [0m [36mcost[0m=[35m0.0[0m [36mgenerated_tokens[0m=[35m235[0m [36minput_tokens[0m=[35m21060[0m [36mreasoning_tokens[0m=[35m21655[0m [36mstep[0m=[35m21[0m [36mtotal_tokens[0m=[35m21295[0m
[2m2026-07-14 15:08:41[0m [[32m[1minfo     [0m] [1mFinished a step               [0m [36mcost[0m=[35m0.0[0m [36mgenerated_tokens[0m=[35m164[0m [36minput_tokens[0m=[35m21623[0m [36mreasoning_tokens[0m=[35m21738[0m [36mstep[0m=[35m22[0m [36mtotal_tokens[0m=[35m21787[0m
[2m2026-07-14 15:08:51[0m [[32m[1minfo     [0m] [1mFinished a step               [0m [36mcost[0m=[35m0.0[0m [36mgenerated_tokens[0m=[35m221[0m [36minput_tokens[0m=[35m21761[0m [36mreasoning_tokens[0m=[35m21805[0m [36mstep[0m=[35m23[0m [36mtotal_tokens[0m=[35m21982[0m
[2m2026-07-14 15:09:19[0m [[32m[1minfo     [0m] [1mFinished a step               [0m [36mcost[0m=[35m0.0[0m [36mgenerated_tokens[0m=[35m760[0m [36minput_tokens[0m=[35m22927[0m [36mreasoning_tokens[0m=[35m22361[0m [36mstep[0m=[35m24[0m [36mtotal_tokens[0m=[35m23687[0m
[2m2026-07-14 15:09:27[0m [[32m[1minfo     [0m] [1mFinished a step               [0m [36mcost[0m=[35m0.0[0m [36mgenerated_tokens[0m=[35m168[0m [36minput_tokens[0m=[35m23404[0m [36mreasoning_tokens[0m=[35m22394[0m [36mstep[0m=[35m25[0m [36mtotal_tokens[0m=[35m23572[0m
[2m2026-07-14 15:10:04[0m [[32m[1minfo     [0m] [1mFinished a step               [0m [36mcost[0m=[35m0.0[0m [36mgenerated_tokens[0m=[35m1100[0m [36minput_tokens[0m=[35m23852[0m [36mreasoning_tokens[0m=[35m23033[0m [36mstep[0m=[35m26[0m [36mtotal_tokens[0m=[35m24952[0m
[2m2026-07-14 15:10:10[0m [[32m[1minfo     [0m] [1mFinished a step               [0m [36mcost[0m=[35m0.0[0m [36mgenerated_tokens[0m=[35m99[0m [36minput_tokens[0m=[35m25213[0m [36mreasoning_tokens[0m=[35m23059[0m [36mstep[0m=[35m27[0m [36mtotal_tokens[0m=[35m25312[0m
[2m2026-07-14 15:10:10[0m [[32m[1minfo     [0m] [1mCompleted checkpoint inference checkpoint='checkpoint_1'[0m
[2m2026-07-14 15:10:10[0m [[32m[1minfo     [0m] [1mSaving agent checkpoint info compress_artifacts=False output_path=PosixPath('/outputs/file_backup/checkpoint_1')[0m
[2m2026-07-14 15:10:10[0m [[32m[1minfo     [0m] [1mStarting checkpoint evaluation checkpoint='checkpoint_1'[0m
[2m2026-07-14 15:10:10[0m [[32m[1minfo     [0m] [1mStarting pytest evaluation checkpoint='checkpoint_1' environment='local' problem='file_backup' submission_path='/outputs/file_backup/checkpoint_1/snapshot'[0m
[2m2026-07-14 15:10:17[0m [[32m[1minfo     [0m] [1mMaterialized static assets for tests assets=['files', 'antmill_requirements'] count=2[0m
[2m2026-07-14 15:10:17[0m [[32m[1minfo     [0m] [1mStatic assets materialized asset_count=2 assets=['files', 'antmill_requirements'][0m
[2m2026-07-14 15:10:17[0m [[32m[1minfo     [0m] [1mExecuting pytest              [0m
[2m2026-07-14 15:11:06[0m [[32m[1minfo     [0m] [1mPytest execution complete duration=32.43928575515747 exit_code=1[0m
[2m2026-07-14 15:11:06[0m [[32m[1minfo     [0m] [1mParsed CTRF report path='/tmp/tmp86mrhicv/.scbench/ctrf-report.json' test_count=32[0m
[2m2026-07-14 15:11:06[0m [[32m[1minfo     [0m] [1mPytest evaluation complete checkpoint='checkpoint_1' infrastructure_failure=False problem='file_backup' status_counts={'passed': 28, 'failed': 4}[0m
[2m2026-07-14 15:11:06[0m [[32m[1minfo     [0m] [1mCheckpoint finished checkpoint_name='checkpoint_1' had_error=False pass_policy='any' passed_policy=True save_dir='/outputs/file_backup/checkpoint_1'[0m
[2m2026-07-14 15:11:06[0m [[32m[1minfo     [0m] [1mRunning checkpoint checkpoint='checkpoint_2' index=2 total=4[0m
[2m2026-07-14 15:11:06[0m [[32m[1minfo     [0m] [1mResetting agent context for the checkpoint checkpoint='checkpoint_2'[0m
[2m2026-07-14 15:11:06[0m [[32m[1minfo     [0m] [1mRunning inference for checkpoint checkpoint='checkpoint_2'[0m
[2m2026-07-14 15:11:06[0m [[32m[1minfo     [0m] [1mRunning checkpoint task with inference mode checkpoint='checkpoint_2'[0m
[2m2026-07-14 15:11:09[0m [[32m[1minfo     [0m] [1mFinished a step               [0m [36mcost[0m=[35m0.0[0m [36mgenerated_tokens[0m=[35m69[0m [36minput_tokens[0m=[35m3345[0m [36mreasoning_tokens[0m=[35m30[0m [36mstep[0m=[35m1[0m [36mtotal_tokens[0m=[35m3414[0m
[2m2026-07-14 15:11:11[0m [[32m[1minfo     [0m] [1mFinished a step               [0m [36mcost[0m=[35m0.0[0m [36mgenerated_tokens[0m=[35m28[0m [36minput_tokens[0m=[35m3514[0m [36mreasoning_tokens[0m=[35m46[0m [36mstep[0m=[35m2[0m [36mtotal_tokens[0m=[35m3542[0m
[2m2026-07-14 15:11:22[0m [[32m[1minfo     [0m] [1mFinished a step               [0m [36mcost[0m=[35m0.0[0m [36mgenerated_tokens[0m=[35m302[0m [36minput_tokens[0m=[35m5403[0m [36mreasoning_tokens[0m=[35m332[0m [36mstep[0m=[35m3[0m [36mtotal_tokens[0m=[35m5705[0m
[2m2026-07-14 15:11:29[0m [[32m[1minfo     [0m] [1mFinished a step               [0m [36mcost[0m=[35m0.0[0m [36mgenerated_tokens[0m=[35m205[0m [36minput_tokens[0m=[35m5600[0m [36mreasoning_tokens[0m=[35m479[0m [36mstep[0m=[35m4[0m [36mtotal_tokens[0m=[35m5805[0m
[2m2026-07-14 15:11:34[0m [[32m[1minfo     [0m] [1mFinished a step               [0m [36mcost[0m=[35m0.0[0m [36mgenerated_tokens[0m=[35m114[0m [36minput_tokens[0m=[35m5940[0m [36mreasoning_tokens[0m=[35m572[0m [36mstep[0m=[35m5[0m [36mtotal_tokens[0m=[35m6054[0m
[2m2026-07-14 15:11:37[0m [[32m[1minfo     [0m] [1mFinished a step               [0m [36mcost[0m=[35m0.0[0m [36mgenerated_tokens[0m=[35m39[0m [36minput_tokens[0m=[35m7354[0m [36mreasoning_tokens[0m=[35m592[0m [36mstep[0m=[35m6[0m [36mtotal_tokens[0m=[35m7393[0m
[2m2026-07-14 15:11:41[0m [[32m[1minfo     [0m] [1mFinished a step               [0m [36mcost[0m=[35m0.0[0m [36mgenerated_tokens[0m=[35m81[0m [36minput_tokens[0m=[35m9392[0m [36mreasoning_tokens[0m=[35m630[0m [36mstep[0m=[35m7[0m [36mtotal_tokens[0m=[35m9473[0m
[2m2026-07-14 15:11:45[0m [[32m[1minfo     [0m] [1mFinished a step               [0m [36mcost[0m=[35m0.0[0m [36mgenerated_tokens[0m=[35m70[0m [36minput_tokens[0m=[35m10389[0m [36mreasoning_tokens[0m=[35m646[0m [36mstep[0m=[35m8[0m [36mtotal_tokens[0m=[35m10459[0m
[2m2026-07-14 15:11:51[0m [[32m[1minfo     [0m] [1mFinished a step               [0m [36mcost[0m=[35m0.0[0m [36mgenerated_tokens[0m=[35m155[0m [36minput_tokens[0m=[35m11202[0m [36mreasoning_tokens[0m=[35m774[0m [36mstep[0m=[35m9[0m [36mtotal_tokens[0m=[35m11357[0m
[2m2026-07-14 15:11:57[0m [[32m[1minfo     [0m] [1mFinished a step               [0m [36mcost[0m=[35m0.0[0m [36mgenerated_tokens[0m=[35m116[0m [36minput_tokens[0m=[35m11389[0m [36mreasoning_tokens[0m=[35m809[0m [36mstep[0m=[35m10[0m [36mtotal_tokens[0m=[35m11505[0m
[2m2026-07-14 15:12:21[0m [[32m[1minfo     [0m] [1mFinished a step               [0m [36mcost[0m=[35m0.0[0m [36mgenerated_tokens[0m=[35m760[0m [36minput_tokens[0m=[35m12973[0m [36mreasoning_tokens[0m=[35m1569[0m [36mstep[0m=[35m11[0m [36mtotal_tokens[0m=[35m13733[0m
[2m2026-07-14 15:13:09[0m [[32m[1minfo     [0m] [1mFinished a step               [0m [36mcost[0m=[35m0.0[0m [36mgenerated_tokens[0m=[35m99[0m [36minput_tokens[0m=[35m13121[0m [36mreasoning_tokens[0m=[35m1610[0m [36mstep[0m=[35m12[0m [36mtotal_tokens[0m=[35m13220[0m
[2m2026-07-14 15:13:30[0m [[32m[1minfo     [0m] [1mFinished a step               [0m [36mcost[0m=[35m0.0[0m [36mgenerated_tokens[0m=[35m646[0m [36minput_tokens[0m=[35m13706[0m [36mreasoning_tokens[0m=[35m2256[0m [36mstep[0m=[35m13[0m [36mtotal_tokens[0m=[35m14352[0m
[2m2026-07-14 15:13:47[0m [[32m[1minfo     [0m] [1mFinished a step               [0m [36mcost[0m=[35m0.0[0m [36mgenerated_tokens[0m=[35m438[0m [36minput_tokens[0m=[35m13854[0m [36mreasoning_tokens[0m=[35m2599[0m [36mstep[0m=[35m14[0m [36mtotal_tokens[0m=[35m14292[0m
[2m2026-07-14 15:13:52[0m [[32m[1minfo     [0m] [1mFinished a step               [0m [36mcost[0m=[35m0.0[0m [36mgenerated_tokens[0m=[35m111[0m [36minput_tokens[0m=[35m16793[0m [36mreasoning_tokens[0m=[35m2710[0m [36mstep[0m=[35m15[0m [36mtotal_tokens[0m=[35m16904[0m
[2m2026-07-14 15:15:23[0m [[32m[1minfo     [0m] [1mFinished a step               [0m [36mcost[0m=[35m0.0[0m [36mgenerated_tokens[0m=[35m3075[0m [36minput_tokens[0m=[35m16941[0m [36mreasoning_tokens[0m=[35m2966[0m [36mstep[0m=[35m16[0m [36mtotal_tokens[0m=[35m20016[0m
[2m2026-07-14 15:15:33[0m [[32m[1minfo     [0m] [1mFinished a step               [0m [36mcost[0m=[35m0.0[0m [36mgenerated_tokens[0m=[35m91[0m [36minput_tokens[0m=[35m19782[0m [36mreasoning_tokens[0m=[35m2984[0m [36mstep[0m=[35m17[0m [36mtotal_tokens[0m=[35m19873[0m
[2m2026-07-14 15:15:39[0m [[32m[1minfo     [0m] [1mFinished a step               [0m [36mcost[0m=[35m0.0[0m [36mgenerated_tokens[0m=[35m98[0m [36minput_tokens[0m=[35m21085[0m [36mreasoning_tokens[0m=[35m3023[0m [36mstep[0m=[35m18[0m [36mtotal_tokens[0m=[35m21183[0m
[2m2026-07-14 15:15:44[0m [[32m[1minfo     [0m] [1mFinished a step               [0m [36mcost[0m=[35m0.0[0m [36mgenerated_tokens[0m=[35m88[0m [36minput_tokens[0m=[35m21211[0m [36mreasoning_tokens[0m=[35m3097[0m [36mstep[0m=[35m19[0m [36mtotal_tokens[0m=[35m21299[0m
[2m2026-07-14 15:15:57[0m [[32m[1minfo     [0m] [1mFinished a step               [0m [36mcost[0m=[35m0.0[0m [36mgenerated_tokens[0m=[35m240[0m [36minput_tokens[0m=[35m21822[0m [36mreasoning_tokens[0m=[35m3246[0m [36mstep[0m=[35m20[0m [36mtotal_tokens[0m=[35m22062[0m
[2m2026-07-14 15:16:09[0m [[32m[1minfo     [0m] [1mFinished a step               [0m [36mcost[0m=[35m0.0[0m [36mgenerated_tokens[0m=[35m288[0m [36minput_tokens[0m=[35m23805[0m [36mreasoning_tokens[0m=[35m3466[0m [36mstep[0m=[35m21[0m [36mtotal_tokens[0m=[35m24093[0m
[2m2026-07-14 15:16:40[0m [[32m[1minfo     [0m] [1mFinished a step               [0m [36mcost[0m=[35m0.0[0m [36mgenerated_tokens[0m=[35m315[0m [36minput_tokens[0m=[35m23983[0m [36mreasoning_tokens[0m=[35m3696[0m [36mstep[0m=[35m22[0m [36mtotal_tokens[0m=[35m24298[0m
[2m2026-07-14 15:17:04[0m [[32m[1minfo     [0m] [1mFinished a step               [0m [36mcost[0m=[35m0.0[0m [36mgenerated_tokens[0m=[35m578[0m [36minput_tokens[0m=[35m24106[0m [36mreasoning_tokens[0m=[35m3839[0m [36mstep[0m=[35m23[0m [36mtotal_tokens[0m=[35m24684[0m
[2m2026-07-14 15:18:18[0m [[32m[1minfo     [0m] [1mFinished a step               [0m [36mcost[0m=[35m0.0[0m [36mgenerated_tokens[0m=[35m2148[0m [36minput_tokens[0m=[35m25327[0m [36mreasoning_tokens[0m=[35m5331[0m [36mstep[0m=[35m24[0m [36mtotal_tokens[0m=[35m27475[0m
[2m2026-07-14 15:18:30[0m [[32m[1minfo     [0m] [1mFinished a step               [0m [36mcost[0m=[35m0.0[0m [36mgenerated_tokens[0m=[35m139[0m [36minput_tokens[0m=[35m26152[0m [36mreasoning_tokens[0m=[35m5397[0m [36mstep[0m=[35m25[0m [36mtotal_tokens[0m=[35m26291[0m
[2m2026-07-14 15:18:48[0m [[32m[1minfo     [0m] [1mFinished a step               [0m [36mcost[0m=[35m0.0[0m [36mgenerated_tokens[0m=[35m461[0m [36minput_tokens[0m=[35m27755[0m [36mreasoning_tokens[0m=[35m5549[0m [36mstep[0m=[35m26[0m [36mtotal_tokens[0m=[35m28216[0m
[2m2026-07-14 15:19:09[0m [[32m[1minfo     [0m] [1mFinished a step               [0m [36mcost[0m=[35m0.0[0m [36mgenerated_tokens[0m=[35m497[0m [36minput_tokens[0m=[35m28217[0m [36mreasoning_tokens[0m=[35m5996[0m [36mstep[0m=[35m27[0m [36mtotal_tokens[0m=[35m28714[0m
[2m2026-07-14 15:19:17[0m [[32m[1minfo     [0m] [1mFinished a step               [0m [36mcost[0m=[35m0.0[0m [36mgenerated_tokens[0m=[35m155[0m [36minput_tokens[0m=[35m28305[0m [36mreasoning_tokens[0m=[35m6101[0m [36mstep[0m=[35m28[0m [36mtotal_tokens[0m=[35m28460[0m
[2m2026-07-14 15:20:03[0m [[32m[1minfo     [0m] [1mFinished a step               [0m [36mcost[0m=[35m0.0[0m [36mgenerated_tokens[0m=[35m1461[0m [36minput_tokens[0m=[35m28373[0m [36mreasoning_tokens[0m=[35m6215[0m [36mstep[0m=[35m29[0m [36mtotal_tokens[0m=[35m29834[0m
[2m2026-07-14 15:20:19[0m [[32m[1minfo     [0m] [1mFinished a step               [0m [36mcost[0m=[35m0.0[0m [36mgenerated_tokens[0m=[35m354[0m [36minput_tokens[0m=[35m31424[0m [36mreasoning_tokens[0m=[35m6520[0m [36mstep[0m=[35m30[0m [36mtotal_tokens[0m=[35m31778[0m
[2m2026-07-14 15:21:02[0m [[32m[1minfo     [0m] [1mFinished a step               [0m [36mcost[0m=[35m0.0[0m [36mgenerated_tokens[0m=[35m1096[0m [36minput_tokens[0m=[35m31738[0m [36mreasoning_tokens[0m=[35m6614[0m [36mstep[0m=[35m31[0m [36mtotal_tokens[0m=[35m32834[0m
[2m2026-07-14 15:21:18[0m [[32m[1minfo     [0m] [1mFinished a step               [0m [36mcost[0m=[35m0.0[0m [36mgenerated_tokens[0m=[35m394[0m [36minput_tokens[0m=[35m32943[0m [36mreasoning_tokens[0m=[35m6981[0m [36mstep[0m=[35m32[0m [36mtotal_tokens[0m=[35m33337[0m
[2m2026-07-14 15:21:18[0m [[32m[1minfo     [0m] [1mCompleted checkpoint inference checkpoint='checkpoint_2'[0m
[2m2026-07-14 15:21:18[0m [[32m[1minfo     [0m] [1mSaving agent checkpoint info compress_artifacts=False output_path=PosixPath('/outputs/file_backup/checkpoint_2')[0m
[2m2026-07-14 15:21:18[0m [[32m[1minfo     [0m] [1mStarting checkpoint evaluation checkpoint='checkpoint_2'[0m
[2m2026-07-14 15:21:18[0m [[32m[1minfo     [0m] [1mStarting pytest evaluation checkpoint='checkpoint_2' environment='local' problem='file_backup' submission_path='/outputs/file_backup/checkpoint_2/snapshot'[0m
[2m2026-07-14 15:21:23[0m [[32m[1minfo     [0m] [1mMaterialized static assets for tests assets=['files', 'antmill_requirements'] count=2[0m
[2m2026-07-14 15:21:23[0m [[32m[1minfo     [0m] [1mStatic assets materialized asset_count=2 assets=['files', 'antmill_requirements'][0m
[2m2026-07-14 15:21:23[0m [[32m[1minfo     [0m] [1mExecuting pytest              [0m
[2m2026-07-14 15:21:34[0m [[32m[1minfo     [0m] [1mPytest execution complete duration=9.152101039886475 exit_code=1[0m
[2m2026-07-14 15:21:34[0m [[32m[1minfo     [0m] [1mParsed CTRF report path='/tmp/tmpy8pj9adf/.scbench/ctrf-report.json' test_count=50[0m
[2m2026-07-14 15:21:34[0m [[32m[1minfo     [0m] [1mPytest evaluation complete checkpoint='checkpoint_2' infrastructure_failure=False problem='file_backup' status_counts={'passed': 31, 'failed': 19}[0m
[2m2026-07-14 15:21:34[0m [[32m[1minfo     [0m] [1mCheckpoint finished checkpoint_name='checkpoint_2' had_error=False pass_policy='any' passed_policy=True save_dir='/outputs/file_backup/checkpoint_2'[0m
[2m2026-07-14 15:21:34[0m [[32m[1minfo     [0m] [1mRunning checkpoint checkpoint='checkpoint_3' index=3 total=4[0m
[2m2026-07-14 15:21:34[0m [[32m[1minfo     [0m] [1mResetting agent context for the checkpoint checkpoint='checkpoint_3'[0m
[2m2026-07-14 15:21:34[0m [[32m[1minfo     [0m] [1mRunning inference for checkpoint checkpoint='checkpoint_3'[0m
[2m2026-07-14 15:21:34[0m [[32m[1minfo     [0m] [1mRunning checkpoint task with inference mode checkpoint='checkpoint_3'[0m
[2m2026-07-14 15:21:38[0m [[32m[1minfo     [0m] [1mFinished a step               [0m [36mcost[0m=[35m0.0[0m [36mgenerated_tokens[0m=[35m84[0m [36minput_tokens[0m=[35m2370[0m [36mreasoning_tokens[0m=[35m54[0m [36mstep[0m=[35m1[0m [36mtotal_tokens[0m=[35m2454[0m
[2m2026-07-14 15:21:41[0m [[32m[1minfo     [0m] [1mFinished a step               [0m [36mcost[0m=[35m0.0[0m [36mgenerated_tokens[0m=[35m55[0m [36minput_tokens[0m=[35m2530[0m [36mreasoning_tokens[0m=[35m97[0m [36mstep[0m=[35m2[0m [36mtotal_tokens[0m=[35m2585[0m
[2m2026-07-14 15:21:43[0m [[32m[1minfo     [0m] [1mFinished a step               [0m [36mcost[0m=[35m0.0[0m [36mgenerated_tokens[0m=[35m50[0m [36minput_tokens[0m=[35m5043[0m [36mreasoning_tokens[0m=[35m121[0m [36mstep[0m=[35m3[0m [36mtotal_tokens[0m=[35m5093[0m
[2m2026-07-14 15:21:53[0m [[32m[1minfo     [0m] [1mFinished a step               [0m [36mcost[0m=[35m0.0[0m [36mgenerated_tokens[0m=[35m238[0m [36minput_tokens[0m=[35m5793[0m [36mreasoning_tokens[0m=[35m345[0m [36mstep[0m=[35m4[0m [36mtotal_tokens[0m=[35m6031[0m
[2m2026-07-14 15:22:00[0m [[32m[1minfo     [0m] [1mFinished a step               [0m [36mcost[0m=[35m0.0[0m [36mgenerated_tokens[0m=[35m90[0m [36minput_tokens[0m=[35m8526[0m [36mreasoning_tokens[0m=[35m405[0m [36mstep[0m=[35m5[0m [36mtotal_tokens[0m=[35m8616[0m
[2m2026-07-14 15:22:07[0m [[32m[1minfo     [0m] [1mFinished a step               [0m [36mcost[0m=[35m0.0[0m [36mgenerated_tokens[0m=[35m163[0m [36minput_tokens[0m=[35m9484[0m [36mreasoning_tokens[0m=[35m549[0m [36mstep[0m=[35m6[0m [36mtotal_tokens[0m=[35m9647[0m
